Component: ARM Compiler 5.06 update 6 (build 750) Tool: armlink [4d35ed]

==============================================================================

Section Cross References

    at32f415_clock.o(i.system_clock_config) refers to at32f415_crm.o(i.crm_reset) for crm_reset
    at32f415_clock.o(i.system_clock_config) refers to at32f415_crm.o(i.crm_clock_source_enable) for crm_clock_source_enable
    at32f415_clock.o(i.system_clock_config) refers to at32f415_crm.o(i.crm_hext_stable_wait) for crm_hext_stable_wait
    at32f415_clock.o(i.system_clock_config) refers to at32f415_crm.o(i.crm_pll_config) for crm_pll_config
    at32f415_clock.o(i.system_clock_config) refers to at32f415_crm.o(i.crm_flag_get) for crm_flag_get
    at32f415_clock.o(i.system_clock_config) refers to at32f415_crm.o(i.crm_ahb_div_set) for crm_ahb_div_set
    at32f415_clock.o(i.system_clock_config) refers to at32f415_crm.o(i.crm_apb2_div_set) for crm_apb2_div_set
    at32f415_clock.o(i.system_clock_config) refers to at32f415_crm.o(i.crm_apb1_div_set) for crm_apb1_div_set
    at32f415_clock.o(i.system_clock_config) refers to at32f415_crm.o(i.crm_auto_step_mode_enable) for crm_auto_step_mode_enable
    at32f415_clock.o(i.system_clock_config) refers to at32f415_crm.o(i.crm_sysclk_switch) for crm_sysclk_switch
    at32f415_clock.o(i.system_clock_config) refers to at32f415_crm.o(i.crm_sysclk_switch_status_get) for crm_sysclk_switch_status_get
    at32f415_clock.o(i.system_clock_config) refers to system_at32f415.o(i.system_core_clock_update) for system_core_clock_update
    main.o(i.at32_led_c13_init) refers to at32f415_crm.o(i.crm_periph_clock_enable) for crm_periph_clock_enable
    main.o(i.at32_led_c13_init) refers to at32f415_gpio.o(i.gpio_default_para_init) for gpio_default_para_init
    main.o(i.at32_led_c13_init) refers to at32f415_gpio.o(i.gpio_init) for gpio_init
    main.o(i.iwdg_Config) refers to at32f415_crm.o(i.crm_flag_get) for crm_flag_get
    main.o(i.iwdg_Config) refers to at32f415_crm.o(i.crm_flag_clear) for crm_flag_clear
    main.o(i.iwdg_Config) refers to at32f415_wdt.o(i.wdt_register_write_enable) for wdt_register_write_enable
    main.o(i.iwdg_Config) refers to at32f415_wdt.o(i.wdt_divider_set) for wdt_divider_set
    main.o(i.iwdg_Config) refers to at32f415_wdt.o(i.wdt_reload_value_set) for wdt_reload_value_set
    main.o(i.iwdg_Config) refers to at32f415_wdt.o(i.wdt_counter_reload) for wdt_counter_reload
    main.o(i.iwdg_Config) refers to at32f415_wdt.o(i.wdt_enable) for wdt_enable
    main.o(i.led2_task_function) refers to tasks.o(i.vTaskDelay) for vTaskDelay
    main.o(i.led2_task_function) refers to ax_can.o(.data) for taskAliveBits
    main.o(i.main) refers to at32f415_misc.o(i.nvic_priority_group_config) for nvic_priority_group_config
    main.o(i.main) refers to at32f415_clock.o(i.system_clock_config) for system_clock_config
    main.o(i.main) refers to main.o(i.at32_led_c13_init) for at32_led_c13_init
    main.o(i.main) refers to ax_uart.o(i.init_uart2_data) for init_uart2_data
    main.o(i.main) refers to ax_uart.o(i.usart_int_configuration) for usart_int_configuration
    main.o(i.main) refers to at32f415_board.o(i.uart_print_init) for uart_print_init
    main.o(i.main) refers to ax_can.o(i.can_alive_struct_init) for can_alive_struct_init
    main.o(i.main) refers to ax_can.o(i.can_gpio_config) for can_gpio_config
    main.o(i.main) refers to ax_can.o(i.can_configuration) for can_configuration
    main.o(i.main) refers to port.o(i.vPortEnterCritical) for vPortEnterCritical
    main.o(i.main) refers to tasks.o(i.xTaskCreate) for xTaskCreate
    main.o(i.main) refers to noretval__2printf.o(.text) for __2printf
    main.o(i.main) refers to port.o(i.vPortExitCritical) for vPortExitCritical
    main.o(i.main) refers to tasks.o(i.vTaskStartScheduler) for vTaskStartScheduler
    main.o(i.main) refers to main.o(.data) for led2_handler
    main.o(i.main) refers to main.o(i.led2_task_function) for led2_task_function
    main.o(i.main) refers to main.o(.conststring) for .conststring
    main.o(i.main) refers to ax_uart.o(i.usart2_rx_task_function) for usart2_rx_task_function
    main.o(i.main) refers to ax_uart.o(i.usart2_tx_task_function) for usart2_tx_task_function
    main.o(i.main) refers to ax_can.o(i.can_tx_task_function) for can_tx_task_function
    main.o(i.main) refers to ax_can.o(i.can_rx_task_function) for can_rx_task_function
    main.o(i.main) refers to main.o(i.wtdg_task_function) for wtdg_task_function
    main.o(i.wtdg_task_function) refers to main.o(i.iwdg_Config) for iwdg_Config
    main.o(i.wtdg_task_function) refers to at32f415_wdt.o(i.wdt_counter_reload) for wdt_counter_reload
    main.o(i.wtdg_task_function) refers to tasks.o(i.vTaskDelay) for vTaskDelay
    main.o(i.wtdg_task_function) refers to ax_can.o(.data) for taskAliveBits
    ax_uart.o(i.USART2_IRQHandler) refers to at32f415_usart.o(i.usart_flag_get) for usart_flag_get
[...]
    ..\..\..\middlewares\freertos\source\timers.c 0x00000000   Number         0  timers.o ABSOLUTE
    ..\..\..\project\at32f415_board\at32f415_board.c 0x00000000   Number         0  at32f415_board.o ABSOLUTE
    ..\\..\\..\\libraries\\cmsis\\cm4\\device_support\\system_at32f415.c 0x00000000   Number         0  system_at32f415.o ABSOLUTE
    ..\\..\\..\\libraries\\drivers\\src\\at32f415_adc.c 0x00000000   Number         0  at32f415_adc.o ABSOLUTE
    ..\\..\\..\\libraries\\drivers\\src\\at32f415_can.c 0x00000000   Number         0  at32f415_can.o ABSOLUTE
    ..\\..\\..\\libraries\\drivers\\src\\at32f415_cmp.c 0x00000000   Number         0  at32f415_cmp.o ABSOLUTE
    ..\\..\\..\\libraries\\drivers\\src\\at32f415_crc.c 0x00000000   Number         0  at32f415_crc.o ABSOLUTE
    ..\\..\\..\\libraries\\drivers\\src\\at32f415_crm.c 0x00000000   Number         0  at32f415_crm.o ABSOLUTE
    ..\\..\\..\\libraries\\drivers\\src\\at32f415_debug.c 0x00000000   Number         0  at32f415_debug.o ABSOLUTE
    ..\\..\\..\\libraries\\drivers\\src\\at32f415_dma.c 0x00000000   Number         0  at32f415_dma.o ABSOLUTE
    ..\\..\\..\\libraries\\drivers\\src\\at32f415_ertc.c 0x00000000   Number         0  at32f415_ertc.o ABSOLUTE
    ..\\..\\..\\libraries\\drivers\\src\\at32f415_exint.c 0x00000000   Number         0  at32f415_exint.o ABSOLUTE
    ..\\..\\..\\libraries\\drivers\\src\\at32f415_flash.c 0x00000000   Number         0  at32f415_flash.o ABSOLUTE
    ..\\..\\..\\libraries\\drivers\\src\\at32f415_gpio.c 0x00000000   Number         0  at32f415_gpio.o ABSOLUTE
    ..\\..\\..\\libraries\\drivers\\src\\at32f415_i2c.c 0x00000000   Number         0  at32f415_i2c.o ABSOLUTE
    ..\\..\\..\\libraries\\drivers\\src\\at32f415_misc.c 0x00000000   Number         0  at32f415_misc.o ABSOLUTE
    ..\\..\\..\\libraries\\drivers\\src\\at32f415_pwc.c 0x00000000   Number         0  at32f415_pwc.o ABSOLUTE
    ..\\..\\..\\libraries\\drivers\\src\\at32f415_sdio.c 0x00000000   Number         0  at32f415_sdio.o ABSOLUTE
    ..\\..\\..\\libraries\\drivers\\src\\at32f415_spi.c 0x00000000   Number         0  at32f415_spi.o ABSOLUTE
    ..\\..\\..\\libraries\\drivers\\src\\at32f415_tmr.c 0x00000000   Number         0  at32f415_tmr.o ABSOLUTE
    ..\\..\\..\\libraries\\drivers\\src\\at32f415_usart.c 0x00000000   Number         0  at32f415_usart.o ABSOLUTE
    ..\\..\\..\\libraries\\drivers\\src\\at32f415_usb.c 0x00000000   Number         0  at32f415_usb.o ABSOLUTE
    ..\\..\\..\\libraries\\drivers\\src\\at32f415_wdt.c 0x00000000   Number         0  at32f415_wdt.o ABSOLUTE
    ..\\..\\..\\libraries\\drivers\\src\\at32f415_wwdt.c 0x00000000   Number         0  at32f415_wwdt.o ABSOLUTE
    ..\\..\\..\\middlewares\\freertos\\source\\portable\\rvds\\ARM_CM3\\port.c 0x00000000   Number         0  port.o ABSOLUTE
    ..\\..\\..\\project\\at32f415_board\\at32f415_board.c 0x00000000   Number         0  at32f415_board.o ABSOLUTE
    ..\\src\\at32f415_clock.c                0x00000000   Number         0  at32f415_clock.o ABSOLUTE
    ..\\src\\at32f415_int.c                  0x00000000   Number         0  at32f415_int.o ABSOLUTE
    ..\\src\\ax_can.c                        0x00000000   Number         0  ax_can.o ABSOLUTE
    ..\\src\\ax_spi.c                        0x00000000   Number         0  ax_spi.o ABSOLUTE
    ..\\src\\ax_uart.c                       0x00000000   Number         0  ax_uart.o ABSOLUTE
    ..\\src\\ax_ws2812.c                     0x00000000   Number         0  ax_ws2812.o ABSOLUTE
    ..\\src\\main.c                          0x00000000   Number         0  main.o ABSOLUTE
    ..\src\at32f415_clock.c                  0x00000000   Number         0  at32f415_clock.o ABSOLUTE
    ..\src\at32f415_int.c                    0x00000000   Number         0  at32f415_int.o ABSOLUTE
    ..\src\ax_can.c                          0x00000000   Number         0  ax_can.o ABSOLUTE
    ..\src\ax_spi.c                          0x00000000   Number         0  ax_spi.o ABSOLUTE
    ..\src\ax_uart.c                         0x00000000   Number         0  ax_uart.o ABSOLUTE
    ..\src\ax_ws2812.c                       0x00000000   Number         0  ax_ws2812.o ABSOLUTE
    ..\src\main.c                            0x00000000   Number         0  main.o ABSOLUTE
    dc.s                                     0x00000000   Number         0  dc.o ABSOLUTE
    RESET                                    0x08000000   Section      368  startup_at32f415.o(RESET)
    !!!main                                  0x08000170   Section        8  __main.o(!!!main)
    !!!scatter                               0x08000178   Section       52  __scatter.o(!!!scatter)
    !!handler_copy                           0x080001ac   Section       26  __scatter_copy.o(!!handler_copy)
    !!handler_zi                             0x080001c8   Section       28  __scatter_zi.o(!!handler_zi)
    .ARM.Collect$$libinit$$00000000          0x080001e4   Section        2  libinit.o(.ARM.Collect$$libinit$$00000000)
    .ARM.Collect$$libinit$$00000002          0x080001e6   Section        0  libinit2.o(.ARM.Collect$$libinit$$00000002)
    .ARM.Collect$$libinit$$00000004          0x080001e6   Section        0  libinit2.o(.ARM.Collect$$libinit$$00000004)
    .ARM.Collect$$libinit$$0000000A          0x080001e6   Section        0  libinit2.o(.ARM.Collect$$libinit$$0000000A)
    .ARM.Collect$$libinit$$0000000C          0x080001e6   Section        0  libinit2.o(.ARM.Collect$$libinit$$0000000C)
    .ARM.Collect$$libinit$$0000000E          0x080001e6   Section        0  libinit2.o(.ARM.Collect$$libinit$$0000000E)
    .ARM.Collect$$libinit$$00000011          0x080001e6   Section        0  libinit2.o(.ARM.Collect$$libinit$$00000011)
    .ARM.Collect$$libinit$$00000013          0x080001e6   Section        0  libinit2.o(.ARM.Collect$$libinit$$00000013)
    .ARM.Collect$$libinit$$00000015          0x080001e6   Section        0  libinit2.o(.ARM.Collect$$libinit$$00000015)
    .ARM.Collect$$libinit$$00000017          0x080001e6   Section        0  libinit2.o(.ARM.Collect$$libinit$$00000017)
    .ARM.Collect$$libinit$$00000019          0x080001e6   Section        0  libinit2.o(.ARM.Collect$$libinit$$00000019)
    .ARM.Collect$$libinit$$0000001B          0x080001e6   Section        0  libinit2.o(.ARM.Collect$$libinit$$0000001B)
    .ARM.Collect$$libinit$$0000001D          0x080001e6   Section        0  libinit2.o(.ARM.Collect$$libinit$$0000001D)
    .ARM.Collect$$libinit$$0000001F          0x080001e6   Section        0  libinit2.o(.ARM.Collect$$libinit$$0000001F)
    .ARM.Collect$$libinit$$00000021          0x080001e6   Section        0  libinit2.o(.ARM.Collect$$libinit$$00000021)
    .ARM.Collect$$libinit$$00000023          0x080001e6   Section        0  libinit2.o(.ARM.Collect$$libinit$$00000023)
    .ARM.Collect$$libinit$$00000025          0x080001e6   Section        0  libinit2.o(.ARM.Collect$$libinit$$00000025)
    .ARM.Collect$$libinit$$0000002C          0x080001e6   Section        0  libinit2.o(.ARM.Collect$$libinit$$0000002C)
    .ARM.Collect$$libinit$$0000002E          0x080001e6   Section        0  libinit2.o(.ARM.Collect$$libinit$$0000002E)
    .ARM.Collect$$libinit$$00000030          0x080001e6   Section        0  libinit2.o(.ARM.Collect$$libinit$$00000030)
    .ARM.Collect$$libinit$$00000032          0x080001e6   Section        0  libinit2.o(.ARM.Collect$$libinit$$00000032)
    .ARM.Collect$$libinit$$00000033          0x080001e6   Section        2  libinit2.o(.ARM.Collect$$libinit$$00000033)
    .ARM.Collect$$libshutdown$$00000000      0x080001e8   Section        2  libshutdown.o(.ARM.Collect$$libshutdown$$00000000)
    .ARM.Collect$$libshutdown$$00000002      0x080001ea   Section        0  libshutdown2.o(.ARM.Collect$$libshutdown$$00000002)
    .ARM.Collect$$libshutdown$$00000004      0x080001ea   Section        0  libshutdown2.o(.ARM.Collect$$libshutdown$$00000004)
    .ARM.Collect$$libshutdown$$00000007      0x080001ea   Section        0  libshutdown2.o(.ARM.Collect$$libshutdown$$00000007)
    .ARM.Collect$$libshutdown$$0000000A      0x080001ea   Section        0  libshutdown2.o(.ARM.Collect$$libshutdown$$0000000A)
    .ARM.Collect$$libshutdown$$0000000C      0x080001ea   Section        0  libshutdown2.o(.ARM.Collect$$libshutdown$$0000000C)
    .ARM.Collect$$libshutdown$$0000000F      0x080001ea   Section        0  libshutdown2.o(.ARM.Collect$$libshutdown$$0000000F)
    .ARM.Collect$$libshutdown$$00000010      0x080001ea   Section        2  libshutdown2.o(.ARM.Collect$$libshutdown$$00000010)
    .ARM.Collect$$rtentry$$00000000          0x080001ec   Section        0  __rtentry.o(.ARM.Collect$$rtentry$$00000000)
    .ARM.Collect$$rtentry$$00000002          0x080001ec   Section        0  __rtentry2.o(.ARM.Collect$$rtentry$$00000002)
    .ARM.Collect$$rtentry$$00000004          0x080001ec   Section        6  __rtentry4.o(.ARM.Collect$$rtentry$$00000004)
    .ARM.Collect$$rtentry$$00000009          0x080001f2   Section        0  __rtentry2.o(.ARM.Collect$$rtentry$$00000009)
    .ARM.Collect$$rtentry$$0000000A          0x080001f2   Section        4  __rtentry2.o(.ARM.Collect$$rtentry$$0000000A)
    .ARM.Collect$$rtentry$$0000000C          0x080001f6   Section        0  __rtentry2.o(.ARM.Collect$$rtentry$$0000000C)
    .ARM.Collect$$rtentry$$0000000D          0x080001f6   Section        8  __rtentry2.o(.ARM.Collect$$rtentry$$0000000D)
    .ARM.Collect$$rtexit$$00000000           0x080001fe   Section        2  rtexit.o(.ARM.Collect$$rtexit$$00000000)
    .ARM.Collect$$rtexit$$00000002           0x08000200   Section        0  rtexit2.o(.ARM.Collect$$rtexit$$00000002)
    .ARM.Collect$$rtexit$$00000003           0x08000200   Section        4  rtexit2.o(.ARM.Collect$$rtexit$$00000003)
    .ARM.Collect$$rtexit$$00000004           0x08000204   Section        6  rtexit2.o(.ARM.Collect$$rtexit$$00000004)
    .emb_text                                0x0800020c   Section      150  port.o(.emb_text)
    .text                                    0x080002a4   Section       64  startup_at32f415.o(.text)
    .text                                    0x080002e4   Section        2  use_no_semi_2.o(.text)
    .text                                    0x080002e6   Section      238  lludivv7m.o(.text)
    .text                                    0x080003d4   Section        0  noretval__2printf.o(.text)
    .text                                    0x080003ec   Section        0  strlen.o(.text)
    .text                                    0x0800042a   Section      138  rt_memcpy_v6.o(.text)
    .text                                    0x080004b4   Section      100  rt_memcpy_w.o(.text)
    .text                                    0x08000518   Section       78  rt_memclr_w.o(.text)
    .text                                    0x08000566   Section        0  heapauxi.o(.text)
    .text                                    0x0800056c   Section        2  use_no_semi.o(.text)
    .text                                    0x08000570   Section        0  _printf_char_file.o(.text)
    .text                                    0x08000594   Section        0  _printf_char_common.o(.text)
    _printf_input_char                       0x08000595   Thumb Code    10  _printf_char_common.o(.text)
    .text                                    0x080005c4   Section        0  ferror.o(.text)
    .text                                    0x080005cc   Section       74  sys_stackheap_outer.o(.text)
    .text                                    0x08000616   Section        0  __printf_nopercent.o(.text)
    .text                                    0x0800063e   Section        0  exit.o(.text)
    .text                                    0x08000650   Section        8  libspace.o(.text)
    i.BusFault_Handler                       0x08000658   Section        0  at32f415_int.o(i.BusFault_Handler)
    i.CAN1_RX0_IRQHandler                    0x0800065c   Section        0  ax_can.o(i.CAN1_RX0_IRQHandler)
    i.CAN1_SE_IRQHandler                     0x080006a4   Section        0  ax_can.o(i.CAN1_SE_IRQHandler)
    i.DebugMon_Handler                       0x080006d0   Section        0  at32f415_int.o(i.DebugMon_Handler)
    i.HardFault_Handler                      0x080006d2   Section        0  at32f415_int.o(i.HardFault_Handler)
    i.I2C1_ERR_IRQHandler                    0x080006d6   Section        0  at32f415_int.o(i.I2C1_ERR_IRQHandler)
    i.I2C1_EVT_IRQHandler                    0x080006d8   Section        0  at32f415_int.o(i.I2C1_EVT_IRQHandler)
    i.MemManage_Handler                      0x080006da   Section        0  at32f415_int.o(i.MemManage_Handler)
    i.NMI_Handler                            0x080006de   Section        0  at32f415_int.o(i.NMI_Handler)
    i.SysTick_Handler                        0x080006e0   Section        0  port.o(i.SysTick_Handler)
    i.SystemInit                             0x08000714   Section        0  system_at32f415.o(i.SystemInit)
    i.USART2_IRQHandler                      0x080007b0   Section        0  ax_uart.o(i.USART2_IRQHandler)
    i.UsageFault_Handler                     0x080008b4   Section        0  at32f415_int.o(i.UsageFault_Handler)
    i._sys_exit                              0x080008b8   Section        0  at32f415_board.o(i._sys_exit)
    i.at32_led_c13_init                      0x080008bc   Section        0  main.o(i.at32_led_c13_init)
    i.can_alive_struct_init                  0x080008fc   Section        0  ax_can.o(i.can_alive_struct_init)
    i.can_base_init                          0x08000934   Section        0  at32f415_can.o(i.can_base_init)
    i.can_baudrate_set                       0x080009f0   Section        0  at32f415_can.o(i.can_baudrate_set)
    i.can_configuration                      0x08000a84   Section        0  ax_can.o(i.can_configuration)
    i.can_default_para_init                  0x08000b54   Section        0  at32f415_can.o(i.can_default_para_init)
    i.can_filter_init                        0x08000b66   Section        0  at32f415_can.o(i.can_filter_init)
    i.can_flag_clear                         0x08000ccc   Section        0  at32f415_can.o(i.can_flag_clear)
    i.can_flag_get                           0x08000d48   Section        0  at32f415_can.o(i.can_flag_get)
    i.can_gpio_config                        0x08000e38   Section        0  ax_can.o(i.can_gpio_config)
    i.can_interrupt_enable                   0x08000eac   Section        0  at32f415_can.o(i.can_interrupt_enable)
    i.can_message_receive                    0x08000ebe   Section        0  at32f415_can.o(i.can_message_receive)
    i.can_message_transmit                   0x08000fae   Section        0  at32f415_can.o(i.can_message_transmit)
    i.can_receive_fifo_release               0x080010e6   Section        0  at32f415_can.o(i.can_receive_fifo_release)
    i.can_rx_task_function                   0x08001100   Section        0  ax_can.o(i.can_rx_task_function)
    i.can_transmit_ctrl_data                 0x080012c0   Section        0  ax_can.o(i.can_transmit_ctrl_data)
    i.can_transmit_status_get                0x08001310   Section        0  at32f415_can.o(i.can_transmit_status_get)
    i.can_tx_task_function                   0x0800137c   Section        0  ax_can.o(i.can_tx_task_function)
    i.check_version                          0x08001398   Section        0  ax_uart.o(i.check_version)
    i.crc16_modbus                           0x08001400   Section        0  ax_uart.o(i.crc16_modbus)
    i.crm_ahb_div_set                        0x08001438   Section        0  at32f415_crm.o(i.crm_ahb_div_set)
    i.crm_apb1_div_set                       0x0800144c   Section        0  at32f415_crm.o(i.crm_apb1_div_set)
    i.crm_apb2_div_set                       0x08001460   Section        0  at32f415_crm.o(i.crm_apb2_div_set)
    i.crm_auto_step_mode_enable              0x08001474   Section        0  at32f415_crm.o(i.crm_auto_step_mode_enable)
    i.crm_clock_source_enable                0x0800149c   Section        0  at32f415_crm.o(i.crm_clock_source_enable)
    i.crm_clocks_freq_get                    0x080014fc   Section        0  at32f415_crm.o(i.crm_clocks_freq_get)
    i.crm_flag_clear                         0x080016a8   Section        0  at32f415_crm.o(i.crm_flag_clear)
    i.crm_flag_get                           0x0800177c   Section        0  at32f415_crm.o(i.crm_flag_get)
    i.crm_hext_stable_wait                   0x080017ac   Section        0  at32f415_crm.o(i.crm_hext_stable_wait)
    i.crm_periph_clock_enable                0x080017dc   Section        0  at32f415_crm.o(i.crm_periph_clock_enable)
    i.crm_pll_config                         0x08001820   Section        0  at32f415_crm.o(i.crm_pll_config)
    i.crm_reset                              0x08001928   Section        0  at32f415_crm.o(i.crm_reset)
    i.crm_sysclk_switch                      0x0800198c   Section        0  at32f415_crm.o(i.crm_sysclk_switch)
    i.crm_sysclk_switch_status_get           0x080019a0   Section        0  at32f415_crm.o(i.crm_sysclk_switch_status_get)
    i.fputc                                  0x080019b0   Section        0  at32f415_board.o(i.fputc)
    i.getCrc                                 0x080019d4   Section        0  ax_can.o(i.getCrc)
    i.gpio_default_para_init                 0x080019f2   Section        0  at32f415_gpio.o(i.gpio_default_para_init)
    i.gpio_init                              0x08001a08   Section        0  at32f415_gpio.o(i.gpio_init)
    i.gpio_pin_remap_config                  0x08001ab0   Section        0  at32f415_gpio.o(i.gpio_pin_remap_config)
    i.init_uart2_data                        0x08001afc   Section        0  ax_uart.o(i.init_uart2_data)
    i.iwdg_Config                            0x08001b48   Section        0  main.o(i.iwdg_Config)
    i.led2_task_function                     0x08001b7c   Section        0  main.o(i.led2_task_function)
    i.main                                   0x08001ba8   Section        0  main.o(i.main)
    i.nvic_irq_enable                        0x08001e60   Section        0  at32f415_misc.o(i.nvic_irq_enable)
    i.nvic_priority_group_config             0x08001f28   Section        0  at32f415_misc.o(i.nvic_priority_group_config)
    i.nvic_system_reset                      0x08001f50   Section        0  at32f415_misc.o(i.nvic_system_reset)
    i.parse_distance_msg                     0x08001f7c   Section        0  ax_can.o(i.parse_distance_msg)
    i.parse_heartbeat_fb_msg                 0x0800202c   Section        0  ax_can.o(i.parse_heartbeat_fb_msg)
    i.parse_reboot_fb_msg                    0x0800205c   Section        0  ax_can.o(i.parse_reboot_fb_msg)
    i.parse_reset_sensor_fb_msg              0x080020ac   Section        0  ax_can.o(i.parse_reset_sensor_fb_msg)
    i.parse_set_ws2812_fb_msg                0x080020f4   Section        0  ax_can.o(i.parse_set_ws2812_fb_msg)
    i.parse_version_fb_msg                   0x0800213c   Section        0  ax_can.o(i.parse_version_fb_msg)
    i.prvAddCurrentTaskToDelayedList         0x080021e4   Section        0  tasks.o(i.prvAddCurrentTaskToDelayedList)
    prvAddCurrentTaskToDelayedList           0x080021e5   Thumb Code   124  tasks.o(i.prvAddCurrentTaskToDelayedList)
    i.prvAddNewTaskToReadyList               0x0800227c   Section        0  tasks.o(i.prvAddNewTaskToReadyList)
    prvAddNewTaskToReadyList                 0x0800227d   Thumb Code   150  tasks.o(i.prvAddNewTaskToReadyList)
    i.prvCheckTasksWaitingTermination        0x08002330   Section        0  tasks.o(i.prvCheckTasksWaitingTermination)
    prvCheckTasksWaitingTermination          0x08002331   Thumb Code    60  tasks.o(i.prvCheckTasksWaitingTermination)
    i.prvDeleteTCB                           0x08002378   Section        0  tasks.o(i.prvDeleteTCB)
    prvDeleteTCB                             0x08002379   Thumb Code    18  tasks.o(i.prvDeleteTCB)
    i.prvHeapInit                            0x0800238c   Section        0  heap_4.o(i.prvHeapInit)
    prvHeapInit                              0x0800238d   Thumb Code    98  heap_4.o(i.prvHeapInit)
    i.prvIdleTask                            0x08002408   Section        0  tasks.o(i.prvIdleTask)
    prvIdleTask                              0x08002409   Thumb Code    32  tasks.o(i.prvIdleTask)
    i.prvInitialiseNewTask                   0x08002430   Section        0  tasks.o(i.prvInitialiseNewTask)
    prvInitialiseNewTask                     0x08002431   Thumb Code   174  tasks.o(i.prvInitialiseNewTask)
    i.prvInitialiseTaskLists                 0x080024e0   Section        0  tasks.o(i.prvInitialiseTaskLists)
    prvInitialiseTaskLists                   0x080024e1   Thumb Code    70  tasks.o(i.prvInitialiseTaskLists)
    i.prvInsertBlockIntoFreeList             0x08002548   Section        0  heap_4.o(i.prvInsertBlockIntoFreeList)
    prvInsertBlockIntoFreeList               0x08002549   Thumb Code    96  heap_4.o(i.prvInsertBlockIntoFreeList)
    i.prvResetNextTaskUnblockTime            0x080025b0   Section        0  tasks.o(i.prvResetNextTaskUnblockTime)
    prvResetNextTaskUnblockTime              0x080025b1   Thumb Code    40  tasks.o(i.prvResetNextTaskUnblockTime)
    i.prvTaskExitError                       0x080025e0   Section        0  port.o(i.prvTaskExitError)
    prvTaskExitError                         0x080025e1   Thumb Code    60  port.o(i.prvTaskExitError)
    i.pvPortMalloc                           0x08002620   Section        0  heap_4.o(i.pvPortMalloc)
    i.pxPortInitialiseStack                  0x0800278c   Section        0  port.o(i.pxPortInitialiseStack)
    i.send_ctrl_leds_fb                      0x080027b0   Section        0  ax_uart.o(i.send_ctrl_leds_fb)
    i.send_distance                          0x08002848   Section        0  ax_uart.o(i.send_distance)
    i.send_own_version                       0x080029a4   Section        0  ax_uart.o(i.send_own_version)
    i.send_reboot_fb                         0x08002a4c   Section        0  ax_uart.o(i.send_reboot_fb)
    i.send_reset_sensor_fb                   0x08002b00   Section        0  ax_uart.o(i.send_reset_sensor_fb)
    i.send_version                           0x08002b98   Section        0  ax_uart.o(i.send_version)
    i.system_clock_config                    0x08002c78   Section        0  at32f415_clock.o(i.system_clock_config)
    i.system_core_clock_update               0x08002cec   Section        0  system_at32f415.o(i.system_core_clock_update)
    i.uart_print_init                        0x08002e40   Section        0  at32f415_board.o(i.uart_print_init)
    i.usart2_rx_task_function                0x08002eac   Section        0  ax_uart.o(i.usart2_rx_task_function)
    i.usart2_tx_task_function                0x0800313c   Section        0  ax_uart.o(i.usart2_tx_task_function)
    i.usart_data_receive                     0x08003198   Section        0  at32f415_usart.o(i.usart_data_receive)
    i.usart_data_transmit                    0x080031a0   Section        0  at32f415_usart.o(i.usart_data_transmit)
    i.usart_enable                           0x080031a8   Section        0  at32f415_usart.o(i.usart_enable)
    i.usart_flag_get                         0x080031b2   Section        0  at32f415_usart.o(i.usart_flag_get)
    i.usart_init                             0x080031c4   Section        0  at32f415_usart.o(i.usart_init)
    i.usart_int_configuration                0x08003230   Section        0  ax_uart.o(i.usart_int_configuration)
    i.usart_interrupt_enable                 0x08003354   Section        0  at32f415_usart.o(i.usart_interrupt_enable)
    i.usart_receiver_enable                  0x0800338a   Section        0  at32f415_usart.o(i.usart_receiver_enable)
    i.usart_transmitter_enable               0x08003394   Section        0  at32f415_usart.o(i.usart_transmitter_enable)
    i.uxListRemove                           0x0800339e   Section        0  list.o(i.uxListRemove)
    i.vListInitialise                        0x080033c6   Section        0  list.o(i.vListInitialise)
    i.vListInitialiseItem                    0x080033e0   Section        0  list.o(i.vListInitialiseItem)
    i.vListInsert                            0x080033e6   Section        0  list.o(i.vListInsert)
    i.vListInsertEnd                         0x0800341a   Section        0  list.o(i.vListInsertEnd)
    i.vPortEnterCritical                     0x08003434   Section        0  port.o(i.vPortEnterCritical)
    i.vPortExitCritical                      0x08003488   Section        0  port.o(i.vPortExitCritical)
    i.vPortFree                              0x080034c4   Section        0  heap_4.o(i.vPortFree)
    i.vPortSetupTimerInterrupt               0x08003568   Section        0  port.o(i.vPortSetupTimerInterrupt)
    i.vTaskDelay                             0x08003590   Section        0  tasks.o(i.vTaskDelay)
    i.vTaskStartScheduler                    0x080035ec   Section        0  tasks.o(i.vTaskStartScheduler)
    i.vTaskSuspendAll                        0x0800367c   Section        0  tasks.o(i.vTaskSuspendAll)
    i.vTaskSwitchContext                     0x0800368c   Section        0  tasks.o(i.vTaskSwitchContext)
    i.wdt_counter_reload                     0x08003718   Section        0  at32f415_wdt.o(i.wdt_counter_reload)
    i.wdt_divider_set                        0x08003728   Section        0  at32f415_wdt.o(i.wdt_divider_set)
    i.wdt_enable                             0x0800373c   Section        0  at32f415_wdt.o(i.wdt_enable)
    i.wdt_register_write_enable              0x0800374c   Section        0  at32f415_wdt.o(i.wdt_register_write_enable)
    i.wdt_reload_value_set                   0x08003764   Section        0  at32f415_wdt.o(i.wdt_reload_value_set)
    i.wtdg_task_function                     0x08003770   Section        0  main.o(i.wtdg_task_function)
    i.xPortStartScheduler                    0x08003798   Section        0  port.o(i.xPortStartScheduler)
    i.xTaskCreate                            0x08003890   Section        0  tasks.o(i.xTaskCreate)
    i.xTaskIncrementTick                     0x080038f0   Section        0  tasks.o(i.xTaskIncrementTick)
    i.xTaskResumeAll                         0x08003a38   Section        0  tasks.o(i.xTaskResumeAll)
    .constdata                               0x08003b3c   Section       40  at32f415_crm.o(.constdata)
    sclk_ahb_div_table                       0x08003b3c   Data          16  at32f415_crm.o(.constdata)
    ahb_apb1_div_table                       0x08003b4c   Data           8  at32f415_crm.o(.constdata)
    ahb_apb2_div_table                       0x08003b54   Data           8  at32f415_crm.o(.constdata)
    adc_div_table                            0x08003b5c   Data           8  at32f415_crm.o(.constdata)
    .constdata                               0x08003b64   Section       16  system_at32f415.o(.constdata)
    sys_ahb_div_table                        0x08003b64   Data          16  system_at32f415.o(.constdata)
    .conststring                             0x08003b74   Section      520  main.o(.conststring)
    .conststring                             0x08003d7c   Section       37  ax_uart.o(.conststring)
    .data                                    0x20000000   Section       36  main.o(.data)
    systemcoreclock                          0x20000000   Data           4  main.o(.data)
    .data                                    0x20000024   Section       13  ax_uart.o(.data)
    systemcoreclock                          0x20000024   Data           4  ax_uart.o(.data)
    revFlag                                  0x20000030   Data           1  ax_uart.o(.data)
    .data                                    0x20000034   Section       21  ax_can.o(.data)
    systemcoreclock                          0x20000034   Data           4  ax_can.o(.data)
    count1                                   0x20000047   Data           1  ax_can.o(.data)
    count1                                   0x20000048   Data           1  ax_can.o(.data)
    .data                                    0x2000004c   Section       45  at32f415_board.o(.data)
    fac_us                                   0x2000006c   Data           4  at32f415_board.o(.data)
    fac_ms                                   0x20000070   Data           4  at32f415_board.o(.data)
    pressed                                  0x20000078   Data           1  at32f415_board.o(.data)
    .data                                    0x2000007c   Section        4  system_at32f415.o(.data)
    .data                                    0x20000080   Section       68  tasks.o(.data)
    systemcoreclock                          0x20000080   Data           4  tasks.o(.data)
    pxDelayedTaskList                        0x20000088   Data           4  tasks.o(.data)
    pxOverflowDelayedTaskList                0x2000008c   Data           4  tasks.o(.data)
    uxDeletedTasksWaitingCleanUp             0x20000090   Data           4  tasks.o(.data)
    uxCurrentNumberOfTasks                   0x20000094   Data           4  tasks.o(.data)
    xTickCount                               0x20000098   Data           4  tasks.o(.data)
    uxTopReadyPriority                       0x2000009c   Data           4  tasks.o(.data)
    xSchedulerRunning                        0x200000a0   Data           4  tasks.o(.data)
    xPendedTicks                             0x200000a4   Data           4  tasks.o(.data)
    xYieldPending                            0x200000a8   Data           4  tasks.o(.data)
    xNumOfOverflows                          0x200000ac   Data           4  tasks.o(.data)
    uxTaskNumber                             0x200000b0   Data           4  tasks.o(.data)
    xNextTaskUnblockTime                     0x200000b4   Data           4  tasks.o(.data)
    xIdleTaskHandle                          0x200000b8   Data           4  tasks.o(.data)
    uxSchedulerSuspended                     0x200000c0   Data           4  tasks.o(.data)
    .data                                    0x200000c4   Section       36  heap_4.o(.data)
    systemcoreclock                          0x200000c4   Data           4  heap_4.o(.data)
    xStart                                   0x200000c8   Data           8  heap_4.o(.data)
    pxEnd                                    0x200000d0   Data           4  heap_4.o(.data)
    xFreeBytesRemaining                      0x200000d4   Data           4  heap_4.o(.data)
    xMinimumEverFreeBytesRemaining           0x200000d8   Data           4  heap_4.o(.data)
    xNumberOfSuccessfulAllocations           0x200000dc   Data           4  heap_4.o(.data)
    xNumberOfSuccessfulFrees                 0x200000e0   Data           4  heap_4.o(.data)
    xBlockAllocatedBit                       0x200000e4   Data           4  heap_4.o(.data)
    .data                                    0x200000e8   Section       16  port.o(.data)
    systemcoreclock                          0x200000e8   Data           4  port.o(.data)
    uxCriticalNesting                        0x200000ec   Data           4  port.o(.data)
    ucMaxSysCallPriority                     0x200000f0   Data           1  port.o(.data)
    ulMaxPRIGROUPValue                       0x200000f4   Data           4  port.o(.data)
    .bss                                     0x200000f8   Section      248  ax_uart.o(.bss)
    .bss                                     0x200001f0   Section      109  ax_can.o(.bss)
    .bss                                     0x20000260   Section      200  tasks.o(.bss)
    pxReadyTasksLists                        0x20000260   Data         100  tasks.o(.bss)
    xDelayedTaskList1                        0x200002c4   Data          20  tasks.o(.bss)
    xDelayedTaskList2                        0x200002d8   Data          20  tasks.o(.bss)
    xPendingReadyList                        0x200002ec   Data          20  tasks.o(.bss)
    xTasksWaitingTermination                 0x20000300   Data          20  tasks.o(.bss)
    xSuspendedTaskList                       0x20000314   Data          20  tasks.o(.bss)
    .bss                                     0x20000328   Section    28672  heap_4.o(.bss)
    ucHeap                                   0x20000328   Data       28672  heap_4.o(.bss)
    .bss                                     0x20007328   Section       96  libspace.o(.bss)
    HEAP                                     0x20007388   Section      512  startup_at32f415.o(HEAP)
    Heap_Mem                                 0x20007388   Data         512  startup_at32f415.o(HEAP)
    STACK                                    0x20007588   Section     1024  startup_at32f415.o(STACK)
    Stack_Mem                                0x20007588   Data        1024  startup_at32f415.o(STACK)
    __initial_sp                             0x20007988   Data           0  startup_at32f415.o(STACK)

    Global Symbols

    Symbol Name                              Value     Ov Type        Size  Object(Section)

    BuildAttributes$$THM_ISAv4$E$P$D$K$B$S$7EM$PE$A:L22UL41UL21$X:L11$S22US41US21$IEEE1$IW$USESV6$~STKCKD$USESV7$~SHL$OSPACE$ROPI$EBA8$UX$STANDARDLIB$REQ8$PRES8$EABIv2 0x00000000   Number         0  anon$$obj.o ABSOLUTE
    __ARM_use_no_argv                        0x00000000   Number         0  main.o ABSOLUTE
    __ARM_exceptions_init                     - Undefined Weak Reference
    __alloca_initialize                       - Undefined Weak Reference
    __arm_preinit_                            - Undefined Weak Reference
    __cpp_initialize__aeabi_                  - Undefined Weak Reference
    __cxa_finalize                            - Undefined Weak Reference
    __rt_locale                               - Undefined Weak Reference
    __sigvec_lookup                           - Undefined Weak Reference
    _atexit_init                              - Undefined Weak Reference
    _call_atexit_fns                          - Undefined Weak Reference
    _clock_init                               - Undefined Weak Reference
    _fp_trap_init                             - Undefined Weak Reference
    _fp_trap_shutdown                         - Undefined Weak Reference
    _get_lc_collate                           - Undefined Weak Reference
    _get_lc_ctype                             - Undefined Weak Reference
    _get_lc_monetary                          - Undefined Weak Reference
    _get_lc_numeric                           - Undefined Weak Reference
    _get_lc_time                              - Undefined Weak Reference
    _getenv_init                              - Undefined Weak Reference
    _handle_redirection                       - Undefined Weak Reference
    _init_alloc                               - Undefined Weak Reference
    _init_user_alloc                          - Undefined Weak Reference
    _initio                                   - Undefined Weak Reference
    _mutex_acquire                            - Undefined Weak Reference
    _mutex_release                            - Undefined Weak Reference
    _rand_init                                - Undefined Weak Reference
    _signal_finish                            - Undefined Weak Reference
    _signal_init                              - Undefined Weak Reference
    _terminate_alloc                          - Undefined Weak Reference
    _terminate_user_alloc                     - Undefined Weak Reference
    _terminateio                              - Undefined Weak Reference
    __Vectors_Size                           0x00000170   Number         0  startup_at32f415.o ABSOLUTE
    __Vectors                                0x08000000   Data           4  startup_at32f415.o(RESET)
    __Vectors_End                            0x08000170   Data           0  startup_at32f415.o(RESET)
    __main                                   0x08000171   Thumb Code     8  __main.o(!!!main)
    __scatterload                            0x08000179   Thumb Code     0  __scatter.o(!!!scatter)
    __scatterload_rt2                        0x08000179   Thumb Code    44  __scatter.o(!!!scatter)
    __scatterload_rt2_thumb_only             0x08000179   Thumb Code     0  __scatter.o(!!!scatter)
    __scatterload_null                       0x08000187   Thumb Code     0  __scatter.o(!!!scatter)
    __scatterload_copy                       0x080001ad   Thumb Code    26  __scatter_copy.o(!!handler_copy)
    __scatterload_zeroinit                   0x080001c9   Thumb Code    28  __scatter_zi.o(!!handler_zi)
    __rt_lib_init                            0x080001e5   Thumb Code     0  libinit.o(.ARM.Collect$$libinit$$00000000)
    __rt_lib_init_alloca_1                   0x080001e7   Thumb Code     0  libinit2.o(.ARM.Collect$$libinit$$0000002E)
    __rt_lib_init_argv_1                     0x080001e7   Thumb Code     0  libinit2.o(.ARM.Collect$$libinit$$0000002C)
    __rt_lib_init_atexit_1                   0x080001e7   Thumb Code     0  libinit2.o(.ARM.Collect$$libinit$$0000001B)
    __rt_lib_init_clock_1                    0x080001e7   Thumb Code     0  libinit2.o(.ARM.Collect$$libinit$$00000021)
    __rt_lib_init_cpp_1                      0x080001e7   Thumb Code     0  libinit2.o(.ARM.Collect$$libinit$$00000032)
    __rt_lib_init_exceptions_1               0x080001e7   Thumb Code     0  libinit2.o(.ARM.Collect$$libinit$$00000030)
    __rt_lib_init_fp_1                       0x080001e7   Thumb Code     0  libinit2.o(.ARM.Collect$$libinit$$00000002)
    __rt_lib_init_fp_trap_1                  0x080001e7   Thumb Code     0  libinit2.o(.ARM.Collect$$libinit$$0000001F)
    __rt_lib_init_getenv_1                   0x080001e7   Thumb Code     0  libinit2.o(.ARM.Collect$$libinit$$00000023)
    __rt_lib_init_heap_1                     0x080001e7   Thumb Code     0  libinit2.o(.ARM.Collect$$libinit$$0000000A)
    __rt_lib_init_lc_collate_1               0x080001e7   Thumb Code     0  libinit2.o(.ARM.Collect$$libinit$$00000011)
    __rt_lib_init_lc_ctype_1                 0x080001e7   Thumb Code     0  libinit2.o(.ARM.Collect$$libinit$$00000013)
    __rt_lib_init_lc_monetary_1              0x080001e7   Thumb Code     0  libinit2.o(.ARM.Collect$$libinit$$00000015)
    __rt_lib_init_lc_numeric_1               0x080001e7   Thumb Code     0  libinit2.o(.ARM.Collect$$libinit$$00000017)
    __rt_lib_init_lc_time_1                  0x080001e7   Thumb Code     0  libinit2.o(.ARM.Collect$$libinit$$00000019)
    __rt_lib_init_preinit_1                  0x080001e7   Thumb Code     0  libinit2.o(.ARM.Collect$$libinit$$00000004)
    __rt_lib_init_rand_1                     0x080001e7   Thumb Code     0  libinit2.o(.ARM.Collect$$libinit$$0000000E)
    __rt_lib_init_return                     0x080001e7   Thumb Code     0  libinit2.o(.ARM.Collect$$libinit$$00000033)
    __rt_lib_init_signal_1                   0x080001e7   Thumb Code     0  libinit2.o(.ARM.Collect$$libinit$$0000001D)
    __rt_lib_init_stdio_1                    0x080001e7   Thumb Code     0  libinit2.o(.ARM.Collect$$libinit$$00000025)
    __rt_lib_init_user_alloc_1               0x080001e7   Thumb Code     0  libinit2.o(.ARM.Collect$$libinit$$0000000C)
    __rt_lib_shutdown                        0x080001e9   Thumb Code     0  libshutdown.o(.ARM.Collect$$libshutdown$$00000000)
    __rt_lib_shutdown_cpp_1                  0x080001eb   Thumb Code     0  libshutdown2.o(.ARM.Collect$$libshutdown$$00000002)
    __rt_lib_shutdown_fp_trap_1              0x080001eb   Thumb Code     0  libshutdown2.o(.ARM.Collect$$libshutdown$$00000007)
    __rt_lib_shutdown_heap_1                 0x080001eb   Thumb Code     0  libshutdown2.o(.ARM.Collect$$libshutdown$$0000000F)
    __rt_lib_shutdown_return                 0x080001eb   Thumb Code     0  libshutdown2.o(.ARM.Collect$$libshutdown$$00000010)
    __rt_lib_shutdown_signal_1               0x080001eb   Thumb Code     0  libshutdown2.o(.ARM.Collect$$libshutdown$$0000000A)
    __rt_lib_shutdown_stdio_1                0x080001eb   Thumb Code     0  libshutdown2.o(.ARM.Collect$$libshutdown$$00000004)
    __rt_lib_shutdown_user_alloc_1           0x080001eb   Thumb Code     0  libshutdown2.o(.ARM.Collect$$libshutdown$$0000000C)
    __rt_entry                               0x080001ed   Thumb Code     0  __rtentry.o(.ARM.Collect$$rtentry$$00000000)
    __rt_entry_presh_1                       0x080001ed   Thumb Code     0  __rtentry2.o(.ARM.Collect$$rtentry$$00000002)
    __rt_entry_sh                            0x080001ed   Thumb Code     0  __rtentry4.o(.ARM.Collect$$rtentry$$00000004)
    __rt_entry_li                            0x080001f3   Thumb Code     0  __rtentry2.o(.ARM.Collect$$rtentry$$0000000A)
    __rt_entry_postsh_1                      0x080001f3   Thumb Code     0  __rtentry2.o(.ARM.Collect$$rtentry$$00000009)
    __rt_entry_main                          0x080001f7   Thumb Code     0  __rtentry2.o(.ARM.Collect$$rtentry$$0000000D)
    __rt_entry_postli_1                      0x080001f7   Thumb Code     0  __rtentry2.o(.ARM.Collect$$rtentry$$0000000C)
    __rt_exit                                0x080001ff   Thumb Code     0  rtexit.o(.ARM.Collect$$rtexit$$00000000)
    __rt_exit_ls                             0x08000201   Thumb Code     0  rtexit2.o(.ARM.Collect$$rtexit$$00000003)
    __rt_exit_prels_1                        0x08000201   Thumb Code     0  rtexit2.o(.ARM.Collect$$rtexit$$00000002)
    __rt_exit_exit                           0x08000205   Thumb Code     0  rtexit2.o(.ARM.Collect$$rtexit$$00000004)
    SVC_Handler                              0x0800020d   Thumb Code    32  port.o(.emb_text)
    __asm___6_port_c_39a90d8d__prvStartFirstTask 0x08000231   Thumb Code    28  port.o(.emb_text)
    PendSV_Handler                           0x08000251   Thumb Code    72  port.o(.emb_text)
    vPortGetIPSR                             0x0800029d   Thumb Code     6  port.o(.emb_text)
    Reset_Handler                            0x080002a5   Thumb Code     8  startup_at32f415.o(.text)
    ADC1_IRQHandler                          0x080002bf   Thumb Code     0  startup_at32f415.o(.text)
    CAN1_RX1_IRQHandler                      0x080002bf   Thumb Code     0  startup_at32f415.o(.text)
    CAN1_TX_IRQHandler                       0x080002bf   Thumb Code     0  startup_at32f415.o(.text)
    CMP1_IRQHandler                          0x080002bf   Thumb Code     0  startup_at32f415.o(.text)
    CMP2_IRQHandler                          0x080002bf   Thumb Code     0  startup_at32f415.o(.text)
    CRM_IRQHandler                           0x080002bf   Thumb Code     0  startup_at32f415.o(.text)
    DMA1_Channel1_IRQHandler                 0x080002bf   Thumb Code     0  startup_at32f415.o(.text)
    DMA1_Channel2_IRQHandler                 0x080002bf   Thumb Code     0  startup_at32f415.o(.text)
    DMA1_Channel3_IRQHandler                 0x080002bf   Thumb Code     0  startup_at32f415.o(.text)
    DMA1_Channel4_IRQHandler                 0x080002bf   Thumb Code     0  startup_at32f415.o(.text)
    DMA1_Channel5_IRQHandler                 0x080002bf   Thumb Code     0  startup_at32f415.o(.text)
    DMA1_Channel6_IRQHandler                 0x080002bf   Thumb Code     0  startup_at32f415.o(.text)
    DMA1_Channel7_IRQHandler                 0x080002bf   Thumb Code     0  startup_at32f415.o(.text)
    DMA2_Channel1_IRQHandler                 0x080002bf   Thumb Code     0  startup_at32f415.o(.text)
    DMA2_Channel2_IRQHandler                 0x080002bf   Thumb Code     0  startup_at32f415.o(.text)
    DMA2_Channel3_IRQHandler                 0x080002bf   Thumb Code     0  startup_at32f415.o(.text)
    DMA2_Channel4_5_IRQHandler               0x080002bf   Thumb Code     0  startup_at32f415.o(.text)
    DMA2_Channel6_7_IRQHandler               0x080002bf   Thumb Code     0  startup_at32f415.o(.text)
    ERTCAlarm_IRQHandler                     0x080002bf   Thumb Code     0  startup_at32f415.o(.text)
    ERTC_WKUP_IRQHandler                     0x080002bf   Thumb Code     0  startup_at32f415.o(.text)
    EXINT0_IRQHandler                        0x080002bf   Thumb Code     0  startup_at32f415.o(.text)
    EXINT15_10_IRQHandler                    0x080002bf   Thumb Code     0  startup_at32f415.o(.text)
    EXINT1_IRQHandler                        0x080002bf   Thumb Code     0  startup_at32f415.o(.text)
    EXINT2_IRQHandler                        0x080002bf   Thumb Code     0  startup_at32f415.o(.text)
    EXINT3_IRQHandler                        0x080002bf   Thumb Code     0  startup_at32f415.o(.text)
    EXINT4_IRQHandler                        0x080002bf   Thumb Code     0  startup_at32f415.o(.text)
    EXINT9_5_IRQHandler                      0x080002bf   Thumb Code     0  startup_at32f415.o(.text)
    FLASH_IRQHandler                         0x080002bf   Thumb Code     0  startup_at32f415.o(.text)
    I2C2_ERR_IRQHandler                      0x080002bf   Thumb Code     0  startup_at32f415.o(.text)
    I2C2_EVT_IRQHandler                      0x080002bf   Thumb Code     0  startup_at32f415.o(.text)
    OTGFS1_IRQHandler                        0x080002bf   Thumb Code     0  startup_at32f415.o(.text)
    OTGFS1_WKUP_IRQHandler                   0x080002bf   Thumb Code     0  startup_at32f415.o(.text)
    PVM_IRQHandler                           0x080002bf   Thumb Code     0  startup_at32f415.o(.text)
    SDIO1_IRQHandler                         0x080002bf   Thumb Code     0  startup_at32f415.o(.text)
    SPI1_IRQHandler                          0x080002bf   Thumb Code     0  startup_at32f415.o(.text)
    SPI2_IRQHandler                          0x080002bf   Thumb Code     0  startup_at32f415.o(.text)
    TAMP_STAMP_IRQHandler                    0x080002bf   Thumb Code     0  startup_at32f415.o(.text)
    TMR1_BRK_TMR9_IRQHandler                 0x080002bf   Thumb Code     0  startup_at32f415.o(.text)
    TMR1_CH_IRQHandler                       0x080002bf   Thumb Code     0  startup_at32f415.o(.text)
    TMR1_OVF_TMR10_IRQHandler                0x080002bf   Thumb Code     0  startup_at32f415.o(.text)
    TMR1_TRG_HALL_TMR11_IRQHandler           0x080002bf   Thumb Code     0  startup_at32f415.o(.text)
    TMR2_GLOBAL_IRQHandler                   0x080002bf   Thumb Code     0  startup_at32f415.o(.text)
    TMR3_GLOBAL_IRQHandler                   0x080002bf   Thumb Code     0  startup_at32f415.o(.text)
    TMR4_GLOBAL_IRQHandler                   0x080002bf   Thumb Code     0  startup_at32f415.o(.text)
    TMR5_GLOBAL_IRQHandler                   0x080002bf   Thumb Code     0  startup_at32f415.o(.text)
    UART4_IRQHandler                         0x080002bf   Thumb Code     0  startup_at32f415.o(.text)
    UART5_IRQHandler                         0x080002bf   Thumb Code     0  startup_at32f415.o(.text)
    USART1_IRQHandler                        0x080002bf   Thumb Code     0  startup_at32f415.o(.text)
    USART3_IRQHandler                        0x080002bf   Thumb Code     0  startup_at32f415.o(.text)
    WWDT_IRQHandler                          0x080002bf   Thumb Code     0  startup_at32f415.o(.text)
    __user_initial_stackheap                 0x080002c1   Thumb Code     0  startup_at32f415.o(.text)
    __use_no_semihosting                     0x080002e5   Thumb Code     2  use_no_semi_2.o(.text)
    __aeabi_uldivmod                         0x080002e7   Thumb Code     0  lludivv7m.o(.text)
    _ll_udiv                                 0x080002e7   Thumb Code   238  lludivv7m.o(.text)
    __2printf                                0x080003d5   Thumb Code    20  noretval__2printf.o(.text)
    strlen                                   0x080003ed   Thumb Code    62  strlen.o(.text)
    __aeabi_memcpy                           0x0800042b   Thumb Code     0  rt_memcpy_v6.o(.text)
    __rt_memcpy                              0x0800042b   Thumb Code   138  rt_memcpy_v6.o(.text)
    _memcpy_lastbytes                        0x08000491   Thumb Code     0  rt_memcpy_v6.o(.text)
    __aeabi_memcpy4                          0x080004b5   Thumb Code     0  rt_memcpy_w.o(.text)
    __aeabi_memcpy8                          0x080004b5   Thumb Code     0  rt_memcpy_w.o(.text)
    __rt_memcpy_w                            0x080004b5   Thumb Code   100  rt_memcpy_w.o(.text)
    _memcpy_lastbytes_aligned                0x080004fd   Thumb Code     0  rt_memcpy_w.o(.text)
    __aeabi_memclr4                          0x08000519   Thumb Code     0  rt_memclr_w.o(.text)
    __aeabi_memclr8                          0x08000519   Thumb Code     0  rt_memclr_w.o(.text)
    __rt_memclr_w                            0x08000519   Thumb Code    78  rt_memclr_w.o(.text)
    _memset_w                                0x0800051d   Thumb Code     0  rt_memclr_w.o(.text)
    __use_two_region_memory                  0x08000567   Thumb Code     2  heapauxi.o(.text)
    __rt_heap_escrow$2region                 0x08000569   Thumb Code     2  heapauxi.o(.text)
    __rt_heap_expand$2region                 0x0800056b   Thumb Code     2  heapauxi.o(.text)
    __I$use$semihosting                      0x0800056d   Thumb Code     0  use_no_semi.o(.text)
    __use_no_semihosting_swi                 0x0800056d   Thumb Code     2  use_no_semi.o(.text)
    _printf_char_file                        0x08000571   Thumb Code    32  _printf_char_file.o(.text)
    _printf_char_common                      0x0800059f   Thumb Code    32  _printf_char_common.o(.text)
    ferror                                   0x080005c5   Thumb Code     8  ferror.o(.text)
    __user_setup_stackheap                   0x080005cd   Thumb Code    74  sys_stackheap_outer.o(.text)
    __printf                                 0x08000617   Thumb Code    40  __printf_nopercent.o(.text)
    exit                                     0x0800063f   Thumb Code    18  exit.o(.text)
    __user_libspace                          0x08000651   Thumb Code     8  libspace.o(.text)
    __user_perproc_libspace                  0x08000651   Thumb Code     0  libspace.o(.text)
    __user_perthread_libspace                0x08000651   Thumb Code     0  libspace.o(.text)
    BusFault_Handler                         0x08000659   Thumb Code     4  at32f415_int.o(i.BusFault_Handler)
    CAN1_RX0_IRQHandler                      0x0800065d   Thumb Code    58  ax_can.o(i.CAN1_RX0_IRQHandler)
    CAN1_SE_IRQHandler                       0x080006a5   Thumb Code    40  ax_can.o(i.CAN1_SE_IRQHandler)
    DebugMon_Handler                         0x080006d1   Thumb Code     2  at32f415_int.o(i.DebugMon_Handler)
    HardFault_Handler                        0x080006d3   Thumb Code     4  at32f415_int.o(i.HardFault_Handler)
    I2C1_ERR_IRQHandler                      0x080006d7   Thumb Code     2  at32f415_int.o(i.I2C1_ERR_IRQHandler)
    I2C1_EVT_IRQHandler                      0x080006d9   Thumb Code     2  at32f415_int.o(i.I2C1_EVT_IRQHandler)
    MemManage_Handler                        0x080006db   Thumb Code     4  at32f415_int.o(i.MemManage_Handler)
    NMI_Handler                              0x080006df   Thumb Code     2  at32f415_int.o(i.NMI_Handler)
    SysTick_Handler                          0x080006e1   Thumb Code    46  port.o(i.SysTick_Handler)
    SystemInit                               0x08000715   Thumb Code   138  system_at32f415.o(i.SystemInit)
    USART2_IRQHandler                        0x080007b1   Thumb Code   238  ax_uart.o(i.USART2_IRQHandler)
    UsageFault_Handler                       0x080008b5   Thumb Code     4  at32f415_int.o(i.UsageFault_Handler)
    _sys_exit                                0x080008b9   Thumb Code     4  at32f415_board.o(i._sys_exit)
    at32_led_c13_init                        0x080008bd   Thumb Code    54  main.o(i.at32_led_c13_init)
    can_alive_struct_init                    0x080008fd   Thumb Code    50  ax_can.o(i.can_alive_struct_init)
    can_base_init                            0x08000935   Thumb Code   188  at32f415_can.o(i.can_base_init)
    can_baudrate_set                         0x080009f1   Thumb Code   146  at32f415_can.o(i.can_baudrate_set)
    can_configuration                        0x08000a85   Thumb Code   198  ax_can.o(i.can_configuration)
    can_default_para_init                    0x08000b55   Thumb Code    18  at32f415_can.o(i.can_default_para_init)
    can_filter_init                          0x08000b67   Thumb Code   356  at32f415_can.o(i.can_filter_init)
    can_flag_clear                           0x08000ccd   Thumb Code   118  at32f415_can.o(i.can_flag_clear)
    can_flag_get                             0x08000d49   Thumb Code   240  at32f415_can.o(i.can_flag_get)
    can_gpio_config                          0x08000e39   Thumb Code   104  ax_can.o(i.can_gpio_config)
    can_interrupt_enable                     0x08000ead   Thumb Code    18  at32f415_can.o(i.can_interrupt_enable)
    can_message_receive                      0x08000ebf   Thumb Code   240  at32f415_can.o(i.can_message_receive)
    can_message_transmit                     0x08000faf   Thumb Code   312  at32f415_can.o(i.can_message_transmit)
    can_receive_fifo_release                 0x080010e7   Thumb Code    26  at32f415_can.o(i.can_receive_fifo_release)
    can_rx_task_function                     0x08001101   Thumb Code   426  ax_can.o(i.can_rx_task_function)
    can_transmit_ctrl_data                   0x080012c1   Thumb Code    70  ax_can.o(i.can_transmit_ctrl_data)
    can_transmit_status_get                  0x08001311   Thumb Code   108  at32f415_can.o(i.can_transmit_status_get)
    can_tx_task_function                     0x0800137d   Thumb Code    22  ax_can.o(i.can_tx_task_function)
    check_version                            0x08001399   Thumb Code   100  ax_uart.o(i.check_version)
    crc16_modbus                             0x08001401   Thumb Code    56  ax_uart.o(i.crc16_modbus)
    crm_ahb_div_set                          0x08001439   Thumb Code    14  at32f415_crm.o(i.crm_ahb_div_set)
    crm_apb1_div_set                         0x0800144d   Thumb Code    14  at32f415_crm.o(i.crm_apb1_div_set)
    crm_apb2_div_set                         0x08001461   Thumb Code    14  at32f415_crm.o(i.crm_apb2_div_set)
    crm_auto_step_mode_enable                0x08001475   Thumb Code    34  at32f415_crm.o(i.crm_auto_step_mode_enable)
    crm_clock_source_enable                  0x0800149d   Thumb Code    90  at32f415_crm.o(i.crm_clock_source_enable)
    crm_clocks_freq_get                      0x080014fd   Thumb Code   396  at32f415_crm.o(i.crm_clocks_freq_get)
    crm_flag_clear                           0x080016a9   Thumb Code   204  at32f415_crm.o(i.crm_flag_clear)
    crm_flag_get                             0x0800177d   Thumb Code    42  at32f415_crm.o(i.crm_flag_get)
    crm_hext_stable_wait                     0x080017ad   Thumb Code    46  at32f415_crm.o(i.crm_hext_stable_wait)
    crm_periph_clock_enable                  0x080017dd   Thumb Code    62  at32f415_crm.o(i.crm_periph_clock_enable)
    crm_pll_config                           0x08001821   Thumb Code   210  at32f415_crm.o(i.crm_pll_config)
    crm_reset                                0x08001929   Thumb Code    90  at32f415_crm.o(i.crm_reset)
    crm_sysclk_switch                        0x0800198d   Thumb Code    14  at32f415_crm.o(i.crm_sysclk_switch)
    crm_sysclk_switch_status_get             0x080019a1   Thumb Code    10  at32f415_crm.o(i.crm_sysclk_switch_status_get)
    fputc                                    0x080019b1   Thumb Code    32  at32f415_board.o(i.fputc)
    getCrc                                   0x080019d5   Thumb Code    30  ax_can.o(i.getCrc)
    gpio_default_para_init                   0x080019f3   Thumb Code    22  at32f415_gpio.o(i.gpio_default_para_init)
    gpio_init                                0x08001a09   Thumb Code   168  at32f415_gpio.o(i.gpio_init)
    gpio_pin_remap_config                    0x08001ab1   Thumb Code    70  at32f415_gpio.o(i.gpio_pin_remap_config)
    init_uart2_data                          0x08001afd   Thumb Code    68  ax_uart.o(i.init_uart2_data)
    iwdg_Config                              0x08001b49   Thumb Code    46  main.o(i.iwdg_Config)
    led2_task_function                       0x08001b7d   Thumb Code    36  main.o(i.led2_task_function)
    main                                     0x08001ba9   Thumb Code   288  main.o(i.main)
    nvic_irq_enable                          0x08001e61   Thumb Code   190  at32f415_misc.o(i.nvic_irq_enable)
    nvic_priority_group_config               0x08001f29   Thumb Code    32  at32f415_misc.o(i.nvic_priority_group_config)
    nvic_system_reset                        0x08001f51   Thumb Code    36  at32f415_misc.o(i.nvic_system_reset)
    parse_distance_msg                       0x08001f7d   Thumb Code   162  ax_can.o(i.parse_distance_msg)
    parse_heartbeat_fb_msg                   0x0800202d   Thumb Code    44  ax_can.o(i.parse_heartbeat_fb_msg)
    parse_reboot_fb_msg                      0x0800205d   Thumb Code    70  ax_can.o(i.parse_reboot_fb_msg)
    parse_reset_sensor_fb_msg                0x080020ad   Thumb Code    62  ax_can.o(i.parse_reset_sensor_fb_msg)
    parse_set_ws2812_fb_msg                  0x080020f5   Thumb Code    62  ax_can.o(i.parse_set_ws2812_fb_msg)
    parse_version_fb_msg                     0x0800213d   Thumb Code   154  ax_can.o(i.parse_version_fb_msg)
    pvPortMalloc                             0x08002621   Thumb Code   338  heap_4.o(i.pvPortMalloc)
    pxPortInitialiseStack                    0x0800278d   Thumb Code    30  port.o(i.pxPortInitialiseStack)
    send_ctrl_leds_fb                        0x080027b1   Thumb Code   144  ax_uart.o(i.send_ctrl_leds_fb)
    send_distance                            0x08002849   Thumb Code   332  ax_uart.o(i.send_distance)
    send_own_version                         0x080029a5   Thumb Code   160  ax_uart.o(i.send_own_version)
    send_reboot_fb                           0x08002a4d   Thumb Code   170  ax_uart.o(i.send_reboot_fb)
    send_reset_sensor_fb                     0x08002b01   Thumb Code   144  ax_uart.o(i.send_reset_sensor_fb)
    send_version                             0x08002b99   Thumb Code   210  ax_uart.o(i.send_version)
    system_clock_config                      0x08002c79   Thumb Code   112  at32f415_clock.o(i.system_clock_config)
    system_core_clock_update                 0x08002ced   Thumb Code   316  system_at32f415.o(i.system_core_clock_update)
    uart_print_init                          0x08002e41   Thumb Code    94  at32f415_board.o(i.uart_print_init)
    usart2_rx_task_function                  0x08002ead   Thumb Code   632  ax_uart.o(i.usart2_rx_task_function)
    usart2_tx_task_function                  0x0800313d   Thumb Code    84  ax_uart.o(i.usart2_tx_task_function)
    usart_data_receive                       0x08003199   Thumb Code     8  at32f415_usart.o(i.usart_data_receive)
    usart_data_transmit                      0x080031a1   Thumb Code     8  at32f415_usart.o(i.usart_data_transmit)
    usart_enable                             0x080031a9   Thumb Code    10  at32f415_usart.o(i.usart_enable)
    usart_flag_get                           0x080031b3   Thumb Code    16  at32f415_usart.o(i.usart_flag_get)
    usart_init                               0x080031c5   Thumb Code   102  at32f415_usart.o(i.usart_init)
    usart_int_configuration                  0x08003231   Thumb Code   264  ax_uart.o(i.usart_int_configuration)
    usart_interrupt_enable                   0x08003355   Thumb Code    54  at32f415_usart.o(i.usart_interrupt_enable)
    usart_receiver_enable                    0x0800338b   Thumb Code    10  at32f415_usart.o(i.usart_receiver_enable)
    usart_transmitter_enable                 0x08003395   Thumb Code    10  at32f415_usart.o(i.usart_transmitter_enable)
    uxListRemove                             0x0800339f   Thumb Code    40  list.o(i.uxListRemove)
    vListInitialise                          0x080033c7   Thumb Code    26  list.o(i.vListInitialise)
    vListInitialiseItem                      0x080033e1   Thumb Code     6  list.o(i.vListInitialiseItem)
    vListInsert                              0x080033e7   Thumb Code    52  list.o(i.vListInsert)
    vListInsertEnd                           0x0800341b   Thumb Code    24  list.o(i.vListInsertEnd)
    vPortEnterCritical                       0x08003435   Thumb Code    76  port.o(i.vPortEnterCritical)
    vPortExitCritical                        0x08003489   Thumb Code    56  port.o(i.vPortExitCritical)
    vPortFree                                0x080034c5   Thumb Code   150  heap_4.o(i.vPortFree)
    vPortSetupTimerInterrupt                 0x08003569   Thumb Code    36  port.o(i.vPortSetupTimerInterrupt)
    vTaskDelay                               0x08003591   Thumb Code    82  tasks.o(i.vTaskDelay)
    vTaskStartScheduler                      0x080035ed   Thumb Code   112  tasks.o(i.vTaskStartScheduler)
    vTaskSuspendAll                          0x0800367d   Thumb Code    12  tasks.o(i.vTaskSuspendAll)
    vTaskSwitchContext                       0x0800368d   Thumb Code   118  tasks.o(i.vTaskSwitchContext)
    wdt_counter_reload                       0x08003719   Thumb Code    10  at32f415_wdt.o(i.wdt_counter_reload)
    wdt_divider_set                          0x08003729   Thumb Code    14  at32f415_wdt.o(i.wdt_divider_set)
    wdt_enable                               0x0800373d   Thumb Code    10  at32f415_wdt.o(i.wdt_enable)
    wdt_register_write_enable                0x0800374d   Thumb Code    20  at32f415_wdt.o(i.wdt_register_write_enable)
    wdt_reload_value_set                     0x08003765   Thumb Code     6  at32f415_wdt.o(i.wdt_reload_value_set)
    wtdg_task_function                       0x08003771   Thumb Code    36  main.o(i.wtdg_task_function)
    xPortStartScheduler                      0x08003799   Thumb Code   228  port.o(i.xPortStartScheduler)
    xTaskCreate                              0x08003891   Thumb Code    96  tasks.o(i.xTaskCreate)
    xTaskIncrementTick                       0x080038f1   Thumb Code   282  tasks.o(i.xTaskIncrementTick)
    xTaskResumeAll                           0x08003a39   Thumb Code   224  tasks.o(i.xTaskResumeAll)
    Region$$Table$$Base                      0x08003da4   Number         0  anon$$obj.o(Region$$Table)
    Region$$Table$$Limit                     0x08003dc4   Number         0  anon$$obj.o(Region$$Table)
    led2_handler                             0x20000004   Data           4  main.o(.data)
    usart2_rx_handler                        0x20000008   Data           4  main.o(.data)
    usart2_tx_handler                        0x2000000c   Data           4  main.o(.data)
    i2c1_handler                             0x20000010   Data           4  main.o(.data)
    can_tx_handler                           0x20000014   Data           4  main.o(.data)
    can_rx_handler                           0x20000018   Data           4  main.o(.data)
    ws2812_handler                           0x2000001c   Data           4  main.o(.data)
    wtdg_handler                             0x20000020   Data           4  main.o(.data)
    usart2_tx_buf                            0x20000028   Data           4  ax_uart.o(.data)
    recvCmdFlag                              0x2000002c   Data           1  ax_uart.o(.data)
    cmdId                                    0x2000002e   Data           2  ax_uart.o(.data)
    taskAliveBits                            0x20000038   Data           4  ax_can.o(.data)
    SENSOR_STS_ID                            0x2000003c   Data           2  ax_can.o(.data)
    uart2SendTypeFlag                        0x2000003e   Data           8  ax_can.o(.data)
    newMsgFlag                               0x20000046   Data           1  ax_can.o(.data)
    led_gpio_port                            0x2000004c   Data          12  at32f415_board.o(.data)
    led_gpio_pin                             0x20000058   Data           6  at32f415_board.o(.data)
    led_gpio_crm_clk                         0x20000060   Data          12  at32f415_board.o(.data)
    __stdout                                 0x20000074   Data           4  at32f415_board.o(.data)
    system_core_clock                        0x2000007c   Data           4  system_at32f415.o(.data)
    pxCurrentTCB                             0x20000084   Data           4  tasks.o(.data)
    uxTopUsedPriority                        0x200000bc   Data           4  tasks.o(.data)
    uart2_data                               0x200000f8   Data         196  ax_uart.o(.bss)
    ctrl_buff                                0x200001bc   Data          32  ax_uart.o(.bss)
    ctrlData2Can                             0x200001dc   Data          20  ax_uart.o(.bss)
    rx_message_struct_g                      0x200001f0   Data          20  ax_can.o(.bss)
    distance                                 0x20000204   Data          48  ax_can.o(.bss)
    canAliveCounter                          0x20000234   Data          17  ax_can.o(.bss)
    versionSub                               0x20000245   Data          24  ax_can.o(.bss)
    __libspace_start                         0x20007328   Data          96  libspace.o(.bss)
    __temporary_stack_top$libspace           0x20007388   Data           0  libspace.o(.bss)



==============================================================================

Memory Map of the image

  Image Entry point : 0x08000171

  Load Region LR_IROM1 (Base: 0x08000000, Size: 0x00003ebc, Max: 0x00040000, ABSOLUTE)

    Execution Region ER_IROM1 (Exec base: 0x08000000, Load base: 0x08000000, Size: 0x00003dc4, Max: 0x00040000, ABSOLUTE)

    Exec Addr    Load Addr    Size         Type   Attr      Idx    E Section Name        Object

    0x08000000   0x08000000   0x00000170   Data   RO         4126    RESET               startup_at32f415.o
    0x08000170   0x08000170   0x00000008   Code   RO         5026  * !!!main             c_w.l(__main.o)
    0x08000178   0x08000178   0x00000034   Code   RO         5218    !!!scatter          c_w.l(__scatter.o)
    0x080001ac   0x080001ac   0x0000001a   Code   RO         5220    !!handler_copy      c_w.l(__scatter_copy.o)
    0x080001c6   0x080001c6   0x00000002   PAD
    0x080001c8   0x080001c8   0x0000001c   Code   RO         5222    !!handler_zi        c_w.l(__scatter_zi.o)
    0x080001e4   0x080001e4   0x00000002   Code   RO         5094    .ARM.Collect$$libinit$$00000000  c_w.l(libinit.o)
    0x080001e6   0x080001e6   0x00000000   Code   RO         5107    .ARM.Collect$$libinit$$00000002  c_w.l(libinit2.o)
    0x080001e6   0x080001e6   0x00000000   Code   RO         5109    .ARM.Collect$$libinit$$00000004  c_w.l(libinit2.o)
    0x080001e6   0x080001e6   0x00000000   Code   RO         5112    .ARM.Collect$$libinit$$0000000A  c_w.l(libinit2.o)
    0x080001e6   0x080001e6   0x00000000   Code   RO         5114    .ARM.Collect$$libinit$$0000000C  c_w.l(libinit2.o)
    0x080001e6   0x080001e6   0x00000000   Code   RO         5116    .ARM.Collect$$libinit$$0000000E  c_w.l(libinit2.o)
    0x080001e6   0x080001e6   0x00000000   Code   RO         5119    .ARM.Collect$$libinit$$00000011  c_w.l(libinit2.o)
    0x080001e6   0x080001e6   0x00000000   Code   RO         5121    .ARM.Collect$$libinit$$00000013  c_w.l(libinit2.o)
    0x080001e6   0x080001e6   0x00000000   Code   RO         5123    .ARM.Collect$$libinit$$00000015  c_w.l(libinit2.o)
    0x080001e6   0x080001e6   0x00000000   Code   RO         5125    .ARM.Collect$$libinit$$00000017  c_w.l(libinit2.o)
    0x080001e6   0x080001e6   0x00000000   Code   RO         5127    .ARM.Collect$$libinit$$00000019  c_w.l(libinit2.o)
    0x080001e6   0x080001e6   0x00000000   Code   RO         5129    .ARM.Collect$$libinit$$0000001B  c_w.l(libinit2.o)
    0x080001e6   0x080001e6   0x00000000   Code   RO         5131    .ARM.Collect$$libinit$$0000001D  c_w.l(libinit2.o)
    0x080001e6   0x080001e6   0x00000000   Code   RO         5133    .ARM.Collect$$libinit$$0000001F  c_w.l(libinit2.o)
    0x080001e6   0x080001e6   0x00000000   Code   RO         5135    .ARM.Collect$$libinit$$00000021  c_w.l(libinit2.o)
    0x080001e6   0x080001e6   0x00000000   Code   RO         5137    .ARM.Collect$$libinit$$00000023  c_w.l(libinit2.o)
    0x080001e6   0x080001e6   0x00000000   Code   RO         5139    .ARM.Collect$$libinit$$00000025  c_w.l(libinit2.o)
    0x080001e6   0x080001e6   0x00000000   Code   RO         5143    .ARM.Collect$$libinit$$0000002C  c_w.l(libinit2.o)
    0x080001e6   0x080001e6   0x00000000   Code   RO         5145    .ARM.Collect$$libinit$$0000002E  c_w.l(libinit2.o)
    0x080001e6   0x080001e6   0x00000000   Code   RO         5147    .ARM.Collect$$libinit$$00000030  c_w.l(libinit2.o)
    0x080001e6   0x080001e6   0x00000000   Code   RO         5149    .ARM.Collect$$libinit$$00000032  c_w.l(libinit2.o)
    0x080001e6   0x080001e6   0x00000002   Code   RO         5150    .ARM.Collect$$libinit$$00000033  c_w.l(libinit2.o)
    0x080001e8   0x080001e8   0x00000002   Code   RO         5174    .ARM.Collect$$libshutdown$$00000000  c_w.l(libshutdown.o)
    0x080001ea   0x080001ea   0x00000000   Code   RO         5200    .ARM.Collect$$libshutdown$$00000002  c_w.l(libshutdown2.o)
    0x080001ea   0x080001ea   0x00000000   Code   RO         5202    .ARM.Collect$$libshutdown$$00000004  c_w.l(libshutdown2.o)
    0x080001ea   0x080001ea   0x00000000   Code   RO         5205    .ARM.Collect$$libshutdown$$00000007  c_w.l(libshutdown2.o)
    0x080001ea   0x080001ea   0x00000000   Code   RO         5208    .ARM.Collect$$libshutdown$$0000000A  c_w.l(libshutdown2.o)
    0x080001ea   0x080001ea   0x00000000   Code   RO         5210    .ARM.Collect$$libshutdown$$0000000C  c_w.l(libshutdown2.o)
    0x080001ea   0x080001ea   0x00000000   Code   RO         5213    .ARM.Collect$$libshutdown$$0000000F  c_w.l(libshutdown2.o)
    0x080001ea   0x080001ea   0x00000002   Code   RO         5214    .ARM.Collect$$libshutdown$$00000010  c_w.l(libshutdown2.o)
    0x080001ec   0x080001ec   0x00000000   Code   RO         5042    .ARM.Collect$$rtentry$$00000000  c_w.l(__rtentry.o)
    0x080001ec   0x080001ec   0x00000000   Code   RO         5057    .ARM.Collect$$rtentry$$00000002  c_w.l(__rtentry2.o)
    0x080001ec   0x080001ec   0x00000006   Code   RO         5069    .ARM.Collect$$rtentry$$00000004  c_w.l(__rtentry4.o)
    0x080001f2   0x080001f2   0x00000000   Code   RO         5059    .ARM.Collect$$rtentry$$00000009  c_w.l(__rtentry2.o)
    0x080001f2   0x080001f2   0x00000004   Code   RO         5060    .ARM.Collect$$rtentry$$0000000A  c_w.l(__rtentry2.o)
    0x080001f6   0x080001f6   0x00000000   Code   RO         5062    .ARM.Collect$$rtentry$$0000000C  c_w.l(__rtentry2.o)
    0x080001f6   0x080001f6   0x00000008   Code   RO         5063    .ARM.Collect$$rtentry$$0000000D  c_w.l(__rtentry2.o)
    0x080001fe   0x080001fe   0x00000002   Code   RO         5098    .ARM.Collect$$rtexit$$00000000  c_w.l(rtexit.o)
    0x08000200   0x08000200   0x00000000   Code   RO         5152    .ARM.Collect$$rtexit$$00000002  c_w.l(rtexit2.o)
    0x08000200   0x08000200   0x00000004   Code   RO         5153    .ARM.Collect$$rtexit$$00000003  c_w.l(rtexit2.o)
    0x08000204   0x08000204   0x00000006   Code   RO         5154    .ARM.Collect$$rtexit$$00000004  c_w.l(rtexit2.o)
    0x0800020a   0x0800020a   0x00000002   PAD
    0x0800020c   0x0800020c   0x00000096   Code   RO         4927    .emb_text           port.o
    0x080002a2   0x080002a2   0x00000002   PAD
    0x080002a4   0x080002a4   0x00000040   Code   RO         4127    .text               startup_at32f415.o
    0x080002e4   0x080002e4   0x00000002   Code   RO         5006    .text               c_w.l(use_no_semi_2.o)
    0x080002e6   0x080002e6   0x000000ee   Code   RO         5008    .text               c_w.l(lludivv7m.o)
    0x080003d4   0x080003d4   0x00000018   Code   RO         5012    .text               c_w.l(noretval__2printf.o)
    0x080003ec   0x080003ec   0x0000003e   Code   RO         5014    .text               c_w.l(strlen.o)
    0x0800042a   0x0800042a   0x0000008a   Code   RO         5016    .text               c_w.l(rt_memcpy_v6.o)
    0x080004b4   0x080004b4   0x00000064   Code   RO         5018    .text               c_w.l(rt_memcpy_w.o)
    0x08000518   0x08000518   0x0000004e   Code   RO         5022    .text               c_w.l(rt_memclr_w.o)
    0x08000566   0x08000566   0x00000006   Code   RO         5024    .text               c_w.l(heapauxi.o)
    0x0800056c   0x0800056c   0x00000002   Code   RO         5040    .text               c_w.l(use_no_semi.o)
    0x0800056e   0x0800056e   0x00000002   PAD
    0x08000570   0x08000570   0x00000024   Code   RO         5047    .text               c_w.l(_printf_char_file.o)
    0x08000594   0x08000594   0x00000030   Code   RO         5073    .text               c_w.l(_printf_char_common.o)
    0x080005c4   0x080005c4   0x00000008   Code   RO         5075    .text               c_w.l(ferror.o)
    0x080005cc   0x080005cc   0x0000004a   Code   RO         5079    .text               c_w.l(sys_stackheap_outer.o)
    0x08000616   0x08000616   0x00000028   Code   RO         5081    .text               c_w.l(__printf_nopercent.o)
    0x0800063e   0x0800063e   0x00000012   Code   RO         5083    .text               c_w.l(exit.o)
    0x08000650   0x08000650   0x00000008   Code   RO         5095    .text               c_w.l(libspace.o)
    0x08000658   0x08000658   0x00000004   Code   RO          129    i.BusFault_Handler  at32f415_int.o
    0x0800065c   0x0800065c   0x00000048   Code   RO          431    i.CAN1_RX0_IRQHandler  ax_can.o
    0x080006a4   0x080006a4   0x0000002c   Code   RO          432    i.CAN1_SE_IRQHandler  ax_can.o
    0x080006d0   0x080006d0   0x00000002   Code   RO          130    i.DebugMon_Handler  at32f415_int.o
    0x080006d2   0x080006d2   0x00000004   Code   RO          131    i.HardFault_Handler  at32f415_int.o
    0x080006d6   0x080006d6   0x00000002   Code   RO          132    i.I2C1_ERR_IRQHandler  at32f415_int.o
    0x080006d8   0x080006d8   0x00000002   Code   RO          133    i.I2C1_EVT_IRQHandler  at32f415_int.o
    0x080006da   0x080006da   0x00000004   Code   RO          134    i.MemManage_Handler  at32f415_int.o
    0x080006de   0x080006de   0x00000002   Code   RO          135    i.NMI_Handler       at32f415_int.o
    0x080006e0   0x080006e0   0x00000034   Code   RO         4928    i.SysTick_Handler   port.o
    0x08000714   0x08000714   0x0000009c   Code   RO         4090    i.SystemInit        system_at32f415.o
    0x080007b0   0x080007b0   0x00000104   Code   RO          308    i.USART2_IRQHandler  ax_uart.o
    0x080008b4   0x080008b4   0x00000004   Code   RO          136    i.UsageFault_Handler  at32f415_int.o
    0x080008b8   0x080008b8   0x00000004   Code   RO          753    i._sys_exit         at32f415_board.o
    0x080008bc   0x080008bc   0x00000040   Code   RO          198    i.at32_led_c13_init  main.o
    0x080008fc   0x080008fc   0x00000038   Code   RO          433    i.can_alive_struct_init  ax_can.o
    0x08000934   0x08000934   0x000000bc   Code   RO         1084    i.can_base_init     at32f415_can.o
    0x080009f0   0x080009f0   0x00000092   Code   RO         1086    i.can_baudrate_set  at32f415_can.o
    0x08000a82   0x08000a82   0x00000002   PAD
    0x08000a84   0x08000a84   0x000000d0   Code   RO          434    i.can_configuration  ax_can.o
    0x08000b54   0x08000b54   0x00000012   Code   RO         1088    i.can_default_para_init  at32f415_can.o
    0x08000b66   0x08000b66   0x00000164   Code   RO         1093    i.can_filter_init   at32f415_can.o
    0x08000cca   0x08000cca   0x00000002   PAD
    0x08000ccc   0x08000ccc   0x0000007c   Code   RO         1094    i.can_flag_clear    at32f415_can.o
    0x08000d48   0x08000d48   0x000000f0   Code   RO         1095    i.can_flag_get      at32f415_can.o
    0x08000e38   0x08000e38   0x00000074   Code   RO          436    i.can_gpio_config   ax_can.o
    0x08000eac   0x08000eac   0x00000012   Code   RO         1096    i.can_interrupt_enable  at32f415_can.o
    0x08000ebe   0x08000ebe   0x000000f0   Code   RO         1097    i.can_message_receive  at32f415_can.o
    0x08000fae   0x08000fae   0x00000138   Code   RO         1098    i.can_message_transmit  at32f415_can.o
    0x080010e6   0x080010e6   0x0000001a   Code   RO         1101    i.can_receive_fifo_release  at32f415_can.o
    0x08001100   0x08001100   0x000001c0   Code   RO          437    i.can_rx_task_function  ax_can.o
    0x080012c0   0x080012c0   0x00000050   Code   RO          438    i.can_transmit_ctrl_data  ax_can.o
    0x08001310   0x08001310   0x0000006c   Code   RO         1106    i.can_transmit_status_get  at32f415_can.o
    0x0800137c   0x0800137c   0x0000001c   Code   RO          440    i.can_tx_task_function  ax_can.o
    0x08001398   0x08001398   0x00000068   Code   RO          309    i.check_version     ax_uart.o
    0x08001400   0x08001400   0x00000038   Code   RO          310    i.crc16_modbus      ax_uart.o
    0x08001438   0x08001438   0x00000014   Code   RO         1385    i.crm_ahb_div_set   at32f415_crm.o
    0x0800144c   0x0800144c   0x00000014   Code   RO         1386    i.crm_apb1_div_set  at32f415_crm.o
    0x08001460   0x08001460   0x00000014   Code   RO         1387    i.crm_apb2_div_set  at32f415_crm.o
    0x08001474   0x08001474   0x00000028   Code   RO         1388    i.crm_auto_step_mode_enable  at32f415_crm.o
    0x0800149c   0x0800149c   0x00000060   Code   RO         1393    i.crm_clock_source_enable  at32f415_crm.o
    0x080014fc   0x080014fc   0x000001ac   Code   RO         1394    i.crm_clocks_freq_get  at32f415_crm.o
    0x080016a8   0x080016a8   0x000000d4   Code   RO         1397    i.crm_flag_clear    at32f415_crm.o
    0x0800177c   0x0800177c   0x00000030   Code   RO         1398    i.crm_flag_get      at32f415_crm.o
    0x080017ac   0x080017ac   0x0000002e   Code   RO         1400    i.crm_hext_stable_wait  at32f415_crm.o
    0x080017da   0x080017da   0x00000002   PAD
    0x080017dc   0x080017dc   0x00000044   Code   RO         1408    i.crm_periph_clock_enable  at32f415_crm.o
    0x08001820   0x08001820   0x00000108   Code   RO         1411    i.crm_pll_config    at32f415_crm.o
    0x08001928   0x08001928   0x00000064   Code   RO         1413    i.crm_reset         at32f415_crm.o
    0x0800198c   0x0800198c   0x00000014   Code   RO         1414    i.crm_sysclk_switch  at32f415_crm.o
    0x080019a0   0x080019a0   0x00000010   Code   RO         1415    i.crm_sysclk_switch_status_get  at32f415_crm.o
    0x080019b0   0x080019b0   0x00000024   Code   RO          767    i.fputc             at32f415_board.o
    0x080019d4   0x080019d4   0x0000001e   Code   RO          441    i.getCrc            ax_can.o
    0x080019f2   0x080019f2   0x00000016   Code   RO         2349    i.gpio_default_para_init  at32f415_gpio.o
    0x08001a08   0x08001a08   0x000000a8   Code   RO         2353    i.gpio_init         at32f415_gpio.o
    0x08001ab0   0x08001ab0   0x0000004c   Code   RO         2359    i.gpio_pin_remap_config  at32f415_gpio.o
    0x08001afc   0x08001afc   0x0000004c   Code   RO          311    i.init_uart2_data   ax_uart.o
    0x08001b48   0x08001b48   0x00000034   Code   RO          199    i.iwdg_Config       main.o
    0x08001b7c   0x08001b7c   0x0000002c   Code   RO          200    i.led2_task_function  main.o
    0x08001ba8   0x08001ba8   0x000002b8   Code   RO          201    i.main              main.o
    0x08001e60   0x08001e60   0x000000c8   Code   RO         2665    i.nvic_irq_enable   at32f415_misc.o
    0x08001f28   0x08001f28   0x00000028   Code   RO         2667    i.nvic_priority_group_config  at32f415_misc.o
    0x08001f50   0x08001f50   0x0000002c   Code   RO         2668    i.nvic_system_reset  at32f415_misc.o
    0x08001f7c   0x08001f7c   0x000000b0   Code   RO          442    i.parse_distance_msg  ax_can.o
    0x0800202c   0x0800202c   0x00000030   Code   RO          443    i.parse_heartbeat_fb_msg  ax_can.o
    0x0800205c   0x0800205c   0x00000050   Code   RO          444    i.parse_reboot_fb_msg  ax_can.o
    0x080020ac   0x080020ac   0x00000048   Code   RO          445    i.parse_reset_sensor_fb_msg  ax_can.o
    0x080020f4   0x080020f4   0x00000048   Code   RO          446    i.parse_set_ws2812_fb_msg  ax_can.o
    0x0800213c   0x0800213c   0x000000a8   Code   RO          447    i.parse_version_fb_msg  ax_can.o
    0x080021e4   0x080021e4   0x00000098   Code   RO         4561    i.prvAddCurrentTaskToDelayedList  tasks.o
    0x0800227c   0x0800227c   0x000000b4   Code   RO         4562    i.prvAddNewTaskToReadyList  tasks.o
    0x08002330   0x08002330   0x00000048   Code   RO         4563    i.prvCheckTasksWaitingTermination  tasks.o
    0x08002378   0x08002378   0x00000012   Code   RO         4564    i.prvDeleteTCB      tasks.o
    0x0800238a   0x0800238a   0x00000002   PAD
    0x0800238c   0x0800238c   0x0000007c   Code   RO         4860    i.prvHeapInit       heap_4.o
    0x08002408   0x08002408   0x00000028   Code   RO         4565    i.prvIdleTask       tasks.o
    0x08002430   0x08002430   0x000000ae   Code   RO         4566    i.prvInitialiseNewTask  tasks.o
    0x080024de   0x080024de   0x00000002   PAD
    0x080024e0   0x080024e0   0x00000068   Code   RO         4567    i.prvInitialiseTaskLists  tasks.o
    0x08002548   0x08002548   0x00000068   Code   RO         4861    i.prvInsertBlockIntoFreeList  heap_4.o
    0x080025b0   0x080025b0   0x00000030   Code   RO         4568    i.prvResetNextTaskUnblockTime  tasks.o
    0x080025e0   0x080025e0   0x00000040   Code   RO         4929    i.prvTaskExitError  port.o
    0x08002620   0x08002620   0x0000016c   Code   RO         4862    i.pvPortMalloc      heap_4.o
    0x0800278c   0x0800278c   0x00000024   Code   RO         4930    i.pxPortInitialiseStack  port.o
    0x080027b0   0x080027b0   0x00000098   Code   RO          312    i.send_ctrl_leds_fb  ax_uart.o
    0x08002848   0x08002848   0x0000015c   Code   RO          313    i.send_distance     ax_uart.o
    0x080029a4   0x080029a4   0x000000a8   Code   RO          314    i.send_own_version  ax_uart.o
    0x08002a4c   0x08002a4c   0x000000b4   Code   RO          315    i.send_reboot_fb    ax_uart.o
    0x08002b00   0x08002b00   0x00000098   Code   RO          316    i.send_reset_sensor_fb  ax_uart.o
    0x08002b98   0x08002b98   0x000000e0   Code   RO          317    i.send_version      ax_uart.o
    0x08002c78   0x08002c78   0x00000074   Code   RO            4    i.system_clock_config  at32f415_clock.o
    0x08002cec   0x08002cec   0x00000154   Code   RO         4091    i.system_core_clock_update  system_at32f415.o
    0x08002e40   0x08002e40   0x0000006c   Code   RO          768    i.uart_print_init   at32f415_board.o
    0x08002eac   0x08002eac   0x00000290   Code   RO          318    i.usart2_rx_task_function  ax_uart.o
    0x0800313c   0x0800313c   0x0000005c   Code   RO          319    i.usart2_tx_task_function  ax_uart.o
    0x08003198   0x08003198   0x00000008   Code   RO         3506    i.usart_data_receive  at32f415_usart.o
    0x080031a0   0x080031a0   0x00000008   Code   RO         3507    i.usart_data_transmit  at32f415_usart.o
    0x080031a8   0x080031a8   0x0000000a   Code   RO         3510    i.usart_enable      at32f415_usart.o
    0x080031b2   0x080031b2   0x00000010   Code   RO         3512    i.usart_flag_get    at32f415_usart.o
    0x080031c2   0x080031c2   0x00000002   PAD
    0x080031c4   0x080031c4   0x0000006c   Code   RO         3514    i.usart_init        at32f415_usart.o
    0x08003230   0x08003230   0x00000124   Code   RO          321    i.usart_int_configuration  ax_uart.o
    0x08003354   0x08003354   0x00000036   Code   RO         3515    i.usart_interrupt_enable  at32f415_usart.o
    0x0800338a   0x0800338a   0x0000000a   Code   RO         3521    i.usart_receiver_enable  at32f415_usart.o
    0x08003394   0x08003394   0x0000000a   Code   RO         3528    i.usart_transmitter_enable  at32f415_usart.o
    0x0800339e   0x0800339e   0x00000028   Code   RO         4245    i.uxListRemove      list.o
    0x080033c6   0x080033c6   0x0000001a   Code   RO         4246    i.vListInitialise   list.o
    0x080033e0   0x080033e0   0x00000006   Code   RO         4247    i.vListInitialiseItem  list.o
    0x080033e6   0x080033e6   0x00000034   Code   RO         4248    i.vListInsert       list.o
    0x0800341a   0x0800341a   0x00000018   Code   RO         4249    i.vListInsertEnd    list.o
    0x08003432   0x08003432   0x00000002   PAD
    0x08003434   0x08003434   0x00000054   Code   RO         4932    i.vPortEnterCritical  port.o
    0x08003488   0x08003488   0x0000003c   Code   RO         4933    i.vPortExitCritical  port.o
    0x080034c4   0x080034c4   0x000000a4   Code   RO         4863    i.vPortFree         heap_4.o
    0x08003568   0x08003568   0x00000028   Code   RO         4934    i.vPortSetupTimerInterrupt  port.o
    0x08003590   0x08003590   0x0000005c   Code   RO         4576    i.vTaskDelay        tasks.o
    0x080035ec   0x080035ec   0x00000090   Code   RO         4588    i.vTaskStartScheduler  tasks.o
    0x0800367c   0x0800367c   0x00000010   Code   RO         4590    i.vTaskSuspendAll   tasks.o
    0x0800368c   0x0800368c   0x0000008c   Code   RO         4591    i.vTaskSwitchContext  tasks.o
    0x08003718   0x08003718   0x00000010   Code   RO         3970    i.wdt_counter_reload  at32f415_wdt.o
    0x08003728   0x08003728   0x00000014   Code   RO         3971    i.wdt_divider_set   at32f415_wdt.o
    0x0800373c   0x0800373c   0x00000010   Code   RO         3972    i.wdt_enable        at32f415_wdt.o
    0x0800374c   0x0800374c   0x00000018   Code   RO         3974    i.wdt_register_write_enable  at32f415_wdt.o
    0x08003764   0x08003764   0x0000000c   Code   RO         3975    i.wdt_reload_value_set  at32f415_wdt.o
    0x08003770   0x08003770   0x00000028   Code   RO          202    i.wtdg_task_function  main.o
    0x08003798   0x08003798   0x000000f8   Code   RO         4936    i.xPortStartScheduler  port.o
    0x08003890   0x08003890   0x00000060   Code   RO         4594    i.xTaskCreate       tasks.o
    0x080038f0   0x080038f0   0x00000148   Code   RO         4603    i.xTaskIncrementTick  tasks.o
    0x08003a38   0x08003a38   0x00000104   Code   RO         4605    i.xTaskResumeAll    tasks.o
    0x08003b3c   0x08003b3c   0x00000028   Data   RO         1419    .constdata          at32f415_crm.o
    0x08003b64   0x08003b64   0x00000010   Data   RO         4092    .constdata          system_at32f415.o
    0x08003b74   0x08003b74   0x00000208   Data   RO          203    .conststring        main.o
    0x08003d7c   0x08003d7c   0x00000025   Data   RO          323    .conststring        ax_uart.o
    0x08003da1   0x08003da1   0x00000003   PAD
    0x08003da4   0x08003da4   0x00000020   Data   RO         5216    Region$$Table       anon$$obj.o


    Execution Region RW_IRAM1 (Exec base: 0x20000000, Load base: 0x08003dc4, Size: 0x00007988, Max: 0x00008000, ABSOLUTE)

    Exec Addr    Load Addr    Size         Type   Attr      Idx    E Section Name        Object

    0x20000000   0x08003dc4   0x00000024   Data   RW          204    .data               main.o
    0x20000024   0x08003de8   0x0000000d   Data   RW          324    .data               ax_uart.o
    0x20000031   0x08003df5   0x00000003   PAD
    0x20000034   0x08003df8   0x00000015   Data   RW          449    .data               ax_can.o
    0x20000049   0x08003e0d   0x00000003   PAD
    0x2000004c   0x08003e10   0x0000002d   Data   RW          769    .data               at32f415_board.o
    0x20000079   0x08003e3d   0x00000003   PAD
    0x2000007c   0x08003e40   0x00000004   Data   RW         4093    .data               system_at32f415.o
    0x20000080   0x08003e44   0x00000044   Data   RW         4608    .data               tasks.o
    0x200000c4   0x08003e88   0x00000024   Data   RW         4869    .data               heap_4.o
    0x200000e8   0x08003eac   0x00000010   Data   RW         4937    .data               port.o
    0x200000f8        -       0x000000f8   Zero   RW          322    .bss                ax_uart.o
    0x200001f0        -       0x0000006d   Zero   RW          448    .bss                ax_can.o
    0x2000025d   0x08003ebc   0x00000003   PAD
    0x20000260        -       0x000000c8   Zero   RW         4607    .bss                tasks.o
    0x20000328        -       0x00007000   Zero   RW         4868    .bss                heap_4.o
    0x20007328        -       0x00000060   Zero   RW         5096    .bss                c_w.l(libspace.o)
    0x20007388        -       0x00000200   Zero   RW         4125    HEAP                startup_at32f415.o
    0x20007588        -       0x00000400   Zero   RW         4124    STACK               startup_at32f415.o


==============================================================================

Image component sizes


      Code (inc. data)   RO Data    RW Data    ZI Data      Debug   Object Name

       148         18          0         45          0       4752   at32f415_board.o
      1776         42          0          0          0       8714   at32f415_can.o
       116          4          0          0          0      47746   at32f415_clock.o
      1398        178         40          0          0       9765   at32f415_crm.o
       266          6          0          0          0       2809   at32f415_gpio.o
        24          0          0          0          0       3849   at32f415_int.o
       284         26          0          0          0      32822   at32f415_misc.o
       224          6          0          0          0       5768   at32f415_usart.o
        88         28          0          0          0       2811   at32f415_wdt.o
      1698        146          0         21        109      12937   ax_can.o
      2760        158         37         13        248      11121   ax_uart.o
         0          0          0          0          0       7840   event_groups.o
       756         74          0         36      28672       7723   heap_4.o
       148          0          0          0          0       3758   list.o
       896        436        520         36          0      19397   main.o
       734         64          0         16          0      10972   port.o
        64         26        368          0       1536        944   startup_at32f415.o
       496         42         16          4          0       2504   system_at32f415.o
      1864        270          0         68        200      22035   tasks.o

    ----------------------------------------------------------------------
     13756       1524       1016        248      30768     218267   Object Totals
         0          0         32          0          0          0   (incl. Generated)
        16          0          3          9          3          0   (incl. Padding)

    ----------------------------------------------------------------------

      Code (inc. data)   RO Data    RW Data    ZI Data      Debug   Library Member Name

         8          0          0          0          0         68   __main.o
        40          0          0          0          0         84   __printf_nopercent.o
         0          0          0          0          0          0   __rtentry.o
        12          0          0          0          0          0   __rtentry2.o
         6          0          0          0          0          0   __rtentry4.o
        52          8          0          0          0          0   __scatter.o
        26          0          0          0          0          0   __scatter_copy.o
        28          0          0          0          0          0   __scatter_zi.o
        48          6          0          0          0         96   _printf_char_common.o
        36          4          0          0          0         80   _printf_char_file.o
        18          0          0          0          0         80   exit.o
         8          0          0          0          0         68   ferror.o
         6          0          0          0          0        152   heapauxi.o
         2          0          0          0          0          0   libinit.o
         2          0          0          0          0          0   libinit2.o
         2          0          0          0          0          0   libshutdown.o
         2          0          0          0          0          0   libshutdown2.o
         8          4          0          0         96         68   libspace.o
       238          0          0          0          0        100   lludivv7m.o
        24          4          0          0          0         84   noretval__2printf.o
        78          0          0          0          0         80   rt_memclr_w.o
       138          0          0          0          0         68   rt_memcpy_v6.o
       100          0          0          0          0         80   rt_memcpy_w.o
         2          0          0          0          0          0   rtexit.o
        10          0          0          0          0          0   rtexit2.o
        62          0          0          0          0         76   strlen.o
        74          0          0          0          0         80   sys_stackheap_outer.o
         2          0          0          0          0         68   use_no_semi.o
         2          0          0          0          0         68   use_no_semi_2.o

    ----------------------------------------------------------------------
      1040         26          0          0         96       1400   Library Totals
         6          0          0          0          0          0   (incl. Padding)

    ----------------------------------------------------------------------

      Code (inc. data)   RO Data    RW Data    ZI Data      Debug   Library Name

      1034         26          0          0         96       1400   c_w.l

    ----------------------------------------------------------------------
      1040         26          0          0         96       1400   Library Totals

    ----------------------------------------------------------------------

==============================================================================


      Code (inc. data)   RO Data    RW Data    ZI Data      Debug   

     14796       1550       1016        248      30864     212851   Grand Totals
     14796       1550       1016        248      30864     212851   ELF Image Totals
     14796       1550       1016        248          0          0   ROM Totals

==============================================================================

    Total RO  Size (Code + RO Data)                15812 (  15.44kB)
    Total RW  Size (RW Data + ZI Data)             31112 (  30.38kB)
    Total ROM Size (Code + RO Data + RW Data)      16060 (  15.68kB)

==============================================================================

