Component: ARM Compiler 5.06 update 6 (build 750) Tool: armlink [4d35ed]

==============================================================================

Section Cross References

    at32f415_clock.o(i.system_clock_config) refers to at32f415_crm.o(i.crm_reset) for crm_reset
    at32f415_clock.o(i.system_clock_config) refers to at32f415_crm.o(i.crm_clock_source_enable) for crm_clock_source_enable
    at32f415_clock.o(i.system_clock_config) refers to at32f415_crm.o(i.crm_hext_stable_wait) for crm_hext_stable_wait
    at32f415_clock.o(i.system_clock_config) refers to at32f415_crm.o(i.crm_pll_config) for crm_pll_config
    at32f415_clock.o(i.system_clock_config) refers to at32f415_crm.o(i.crm_flag_get) for crm_flag_get
    at32f415_clock.o(i.system_clock_config) refers to at32f415_crm.o(i.crm_ahb_div_set) for crm_ahb_div_set
    at32f415_clock.o(i.system_clock_config) refers to at32f415_crm.o(i.crm_apb2_div_set) for crm_apb2_div_set
    at32f415_clock.o(i.system_clock_config) refers to at32f415_crm.o(i.crm_apb1_div_set) for crm_apb1_div_set
    at32f415_clock.o(i.system_clock_config) refers to at32f415_crm.o(i.crm_sysclk_switch) for crm_sysclk_switch
    at32f415_clock.o(i.system_clock_config) refers to at32f415_crm.o(i.crm_sysclk_switch_status_get) for crm_sysclk_switch_status_get
    at32f415_clock.o(i.system_clock_config) refers to system_at32f415.o(i.system_core_clock_update) for system_core_clock_update
    main.o(i.iwdg_Config) refers to at32f415_crm.o(i.crm_flag_get) for crm_flag_get
    main.o(i.iwdg_Config) refers to at32f415_crm.o(i.crm_flag_clear) for crm_flag_clear
    main.o(i.iwdg_Config) refers to at32f415_wdt.o(i.wdt_register_write_enable) for wdt_register_write_enable
    main.o(i.iwdg_Config) refers to at32f415_wdt.o(i.wdt_divider_set) for wdt_divider_set
    main.o(i.iwdg_Config) refers to at32f415_wdt.o(i.wdt_reload_value_set) for wdt_reload_value_set
    main.o(i.iwdg_Config) refers to at32f415_wdt.o(i.wdt_counter_reload) for wdt_counter_reload
    main.o(i.iwdg_Config) refers to at32f415_wdt.o(i.wdt_enable) for wdt_enable
    main.o(i.led2_task_function) refers to ax_uart.o(i.toggle_led_stat) for toggle_led_stat
    main.o(i.led2_task_function) refers to tasks.o(i.vTaskDelay) for vTaskDelay
    main.o(i.led2_task_function) refers to ax_common.o(.data) for taskAliveBits
    main.o(i.main) refers to at32f415_misc.o(i.nvic_vector_table_set) for nvic_vector_table_set
    main.o(i.main) refers to at32f415_misc.o(i.nvic_priority_group_config) for nvic_priority_group_config
    main.o(i.main) refers to at32f415_clock.o(i.system_clock_config) for system_clock_config
    main.o(i.main) refers to ax_flash.o(i.flash_read_u8) for flash_read_u8
    main.o(i.main) refers to ax_uart.o(i.device_ctrl_pins_init) for device_ctrl_pins_init
    main.o(i.main) refers to ax_uart.o(i.open_device_pwr) for open_device_pwr
    main.o(i.main) refers to ax_uart.o(i.init_uart_data) for init_uart_data
    main.o(i.main) refers to ax_uart.o(i.usart_int_configuration) for usart_int_configuration
    main.o(i.main) refers to ax_can.o(i.can_alive_struct_init) for can_alive_struct_init
    main.o(i.main) refers to ax_can.o(i.can_gpio_config) for can_gpio_config
    main.o(i.main) refers to ax_can.o(i.can_configuration) for can_configuration
    main.o(i.main) refers to ax_can.o(i.canbus_open) for canbus_open
    main.o(i.main) refers to ax_ws2812.o(i.ws2812Init) for ws2812Init
    main.o(i.main) refers to port.o(i.vPortEnterCritical) for vPortEnterCritical
    main.o(i.main) refers to timers.o(i.xTimerCreate) for xTimerCreate
    main.o(i.main) refers to tasks.o(i.xTaskCreate) for xTaskCreate
    main.o(i.main) refers to port.o(i.vPortExitCritical) for vPortExitCritical
    main.o(i.main) refers to tasks.o(i.vTaskStartScheduler) for vTaskStartScheduler
    main.o(i.main) refers to ax_flash.o(.bss) for updateFw
    main.o(i.main) refers to ax_common.o(.bss) for uidBuf
    main.o(i.main) refers to ax_uart.o(i.vTimerCallback) for vTimerCallback
    main.o(i.main) refers to ax_uart.o(.data) for xTimer
    main.o(i.main) refers to main.o(.data) for led2_handler
    main.o(i.main) refers to main.o(i.led2_task_function) for led2_task_function
    main.o(i.main) refers to ax_uart.o(i.usart1_rx_task_function) for usart1_rx_task_function
    main.o(i.main) refers to ax_uart.o(i.usart1_tx_task_function) for usart1_tx_task_function
    main.o(i.main) refers to ax_can.o(i.can_tx_task_function) for can_tx_task_function
    main.o(i.main) refers to ax_can.o(i.can_rx_task_function) for can_rx_task_function
    main.o(i.main) refers to ax_ws2812.o(i.ws2812_task_function) for ws2812_task_function
    main.o(i.main) refers to main.o(i.wtdg_task_function) for wtdg_task_function
    main.o(i.main) refers to ax_uart.o(i.usart2_rx_task_function) for usart2_rx_task_function
    main.o(i.wtdg_task_function) refers to main.o(i.iwdg_Config) for iwdg_Config
[...]
    _get_lc_ctype                             - Undefined Weak Reference
    _get_lc_monetary                          - Undefined Weak Reference
    _get_lc_numeric                           - Undefined Weak Reference
    _get_lc_time                              - Undefined Weak Reference
    _getenv_init                              - Undefined Weak Reference
    _handle_redirection                       - Undefined Weak Reference
    _init_alloc                               - Undefined Weak Reference
    _init_user_alloc                          - Undefined Weak Reference
    _initio                                   - Undefined Weak Reference
    _rand_init                                - Undefined Weak Reference
    _signal_finish                            - Undefined Weak Reference
    _signal_init                              - Undefined Weak Reference
    _terminate_alloc                          - Undefined Weak Reference
    _terminate_user_alloc                     - Undefined Weak Reference
    _terminateio                              - Undefined Weak Reference
    __Vectors_Size                           0x00000170   Number         0  startup_at32f415.o ABSOLUTE
    __Vectors                                0x08004000   Data           4  startup_at32f415.o(RESET)
    __Vectors_End                            0x08004170   Data           0  startup_at32f415.o(RESET)
    __main                                   0x08004171   Thumb Code     8  __main.o(!!!main)
    __scatterload                            0x08004179   Thumb Code     0  __scatter.o(!!!scatter)
    __scatterload_rt2                        0x08004179   Thumb Code    44  __scatter.o(!!!scatter)
    __scatterload_rt2_thumb_only             0x08004179   Thumb Code     0  __scatter.o(!!!scatter)
    __scatterload_null                       0x08004187   Thumb Code     0  __scatter.o(!!!scatter)
    __decompress                             0x080041ad   Thumb Code    90  __dczerorl2.o(!!dczerorl2)
    __decompress1                            0x080041ad   Thumb Code     0  __dczerorl2.o(!!dczerorl2)
    __scatterload_zeroinit                   0x08004209   Thumb Code    28  __scatter_zi.o(!!handler_zi)
    __rt_lib_init                            0x08004225   Thumb Code     0  libinit.o(.ARM.Collect$$libinit$$00000000)
    __rt_lib_init_alloca_1                   0x08004227   Thumb Code     0  libinit2.o(.ARM.Collect$$libinit$$0000002E)
    __rt_lib_init_argv_1                     0x08004227   Thumb Code     0  libinit2.o(.ARM.Collect$$libinit$$0000002C)
    __rt_lib_init_atexit_1                   0x08004227   Thumb Code     0  libinit2.o(.ARM.Collect$$libinit$$0000001B)
    __rt_lib_init_clock_1                    0x08004227   Thumb Code     0  libinit2.o(.ARM.Collect$$libinit$$00000021)
    __rt_lib_init_cpp_1                      0x08004227   Thumb Code     0  libinit2.o(.ARM.Collect$$libinit$$00000032)
    __rt_lib_init_exceptions_1               0x08004227   Thumb Code     0  libinit2.o(.ARM.Collect$$libinit$$00000030)
    __rt_lib_init_fp_1                       0x08004227   Thumb Code     0  libinit2.o(.ARM.Collect$$libinit$$00000002)
    __rt_lib_init_fp_trap_1                  0x08004227   Thumb Code     0  libinit2.o(.ARM.Collect$$libinit$$0000001F)
    __rt_lib_init_getenv_1                   0x08004227   Thumb Code     0  libinit2.o(.ARM.Collect$$libinit$$00000023)
    __rt_lib_init_heap_1                     0x08004227   Thumb Code     0  libinit2.o(.ARM.Collect$$libinit$$0000000A)
    __rt_lib_init_lc_collate_1               0x08004227   Thumb Code     0  libinit2.o(.ARM.Collect$$libinit$$00000011)
    __rt_lib_init_lc_ctype_1                 0x08004227   Thumb Code     0  libinit2.o(.ARM.Collect$$libinit$$00000013)
    __rt_lib_init_lc_monetary_1              0x08004227   Thumb Code     0  libinit2.o(.ARM.Collect$$libinit$$00000015)
    __rt_lib_init_lc_numeric_1               0x08004227   Thumb Code     0  libinit2.o(.ARM.Collect$$libinit$$00000017)
    __rt_lib_init_lc_time_1                  0x08004227   Thumb Code     0  libinit2.o(.ARM.Collect$$libinit$$00000019)
    __rt_lib_init_preinit_1                  0x08004227   Thumb Code     0  libinit2.o(.ARM.Collect$$libinit$$00000004)
    __rt_lib_init_rand_1                     0x08004227   Thumb Code     0  libinit2.o(.ARM.Collect$$libinit$$0000000E)
    __rt_lib_init_return                     0x08004227   Thumb Code     0  libinit2.o(.ARM.Collect$$libinit$$00000033)
    __rt_lib_init_signal_1                   0x08004227   Thumb Code     0  libinit2.o(.ARM.Collect$$libinit$$0000001D)
    __rt_lib_init_stdio_1                    0x08004227   Thumb Code     0  libinit2.o(.ARM.Collect$$libinit$$00000025)
    __rt_lib_init_user_alloc_1               0x08004227   Thumb Code     0  libinit2.o(.ARM.Collect$$libinit$$0000000C)
    __rt_lib_shutdown                        0x08004229   Thumb Code     0  libshutdown.o(.ARM.Collect$$libshutdown$$00000000)
    __rt_lib_shutdown_cpp_1                  0x0800422b   Thumb Code     0  libshutdown2.o(.ARM.Collect$$libshutdown$$00000002)
    __rt_lib_shutdown_fp_trap_1              0x0800422b   Thumb Code     0  libshutdown2.o(.ARM.Collect$$libshutdown$$00000007)
    __rt_lib_shutdown_heap_1                 0x0800422b   Thumb Code     0  libshutdown2.o(.ARM.Collect$$libshutdown$$0000000F)
    __rt_lib_shutdown_return                 0x0800422b   Thumb Code     0  libshutdown2.o(.ARM.Collect$$libshutdown$$00000010)
    __rt_lib_shutdown_signal_1               0x0800422b   Thumb Code     0  libshutdown2.o(.ARM.Collect$$libshutdown$$0000000A)
    __rt_lib_shutdown_stdio_1                0x0800422b   Thumb Code     0  libshutdown2.o(.ARM.Collect$$libshutdown$$00000004)
    __rt_lib_shutdown_user_alloc_1           0x0800422b   Thumb Code     0  libshutdown2.o(.ARM.Collect$$libshutdown$$0000000C)
    __rt_entry                               0x0800422d   Thumb Code     0  __rtentry.o(.ARM.Collect$$rtentry$$00000000)
    __rt_entry_presh_1                       0x0800422d   Thumb Code     0  __rtentry2.o(.ARM.Collect$$rtentry$$00000002)
    __rt_entry_sh                            0x0800422d   Thumb Code     0  __rtentry4.o(.ARM.Collect$$rtentry$$00000004)
    __rt_entry_li                            0x08004233   Thumb Code     0  __rtentry2.o(.ARM.Collect$$rtentry$$0000000A)
    __rt_entry_postsh_1                      0x08004233   Thumb Code     0  __rtentry2.o(.ARM.Collect$$rtentry$$00000009)
    __rt_entry_main                          0x08004237   Thumb Code     0  __rtentry2.o(.ARM.Collect$$rtentry$$0000000D)
    __rt_entry_postli_1                      0x08004237   Thumb Code     0  __rtentry2.o(.ARM.Collect$$rtentry$$0000000C)
    __rt_exit                                0x0800423f   Thumb Code     0  rtexit.o(.ARM.Collect$$rtexit$$00000000)
    __rt_exit_ls                             0x08004241   Thumb Code     0  rtexit2.o(.ARM.Collect$$rtexit$$00000003)
    __rt_exit_prels_1                        0x08004241   Thumb Code     0  rtexit2.o(.ARM.Collect$$rtexit$$00000002)
    __rt_exit_exit                           0x08004245   Thumb Code     0  rtexit2.o(.ARM.Collect$$rtexit$$00000004)
    SVC_Handler                              0x0800424d   Thumb Code    32  port.o(.emb_text)
    __asm___6_port_c_39a90d8d__prvStartFirstTask 0x08004271   Thumb Code    28  port.o(.emb_text)
    PendSV_Handler                           0x08004291   Thumb Code    72  port.o(.emb_text)
    vPortGetIPSR                             0x080042dd   Thumb Code     6  port.o(.emb_text)
    Reset_Handler                            0x080042e5   Thumb Code     8  startup_at32f415.o(.text)
    ADC1_IRQHandler                          0x080042ff   Thumb Code     0  startup_at32f415.o(.text)
    CAN1_RX1_IRQHandler                      0x080042ff   Thumb Code     0  startup_at32f415.o(.text)
    CAN1_TX_IRQHandler                       0x080042ff   Thumb Code     0  startup_at32f415.o(.text)
    CMP1_IRQHandler                          0x080042ff   Thumb Code     0  startup_at32f415.o(.text)
    CMP2_IRQHandler                          0x080042ff   Thumb Code     0  startup_at32f415.o(.text)
    CRM_IRQHandler                           0x080042ff   Thumb Code     0  startup_at32f415.o(.text)
    DMA1_Channel1_IRQHandler                 0x080042ff   Thumb Code     0  startup_at32f415.o(.text)
    DMA1_Channel2_IRQHandler                 0x080042ff   Thumb Code     0  startup_at32f415.o(.text)
    DMA1_Channel3_IRQHandler                 0x080042ff   Thumb Code     0  startup_at32f415.o(.text)
    DMA1_Channel4_IRQHandler                 0x080042ff   Thumb Code     0  startup_at32f415.o(.text)
    DMA1_Channel5_IRQHandler                 0x080042ff   Thumb Code     0  startup_at32f415.o(.text)
    DMA1_Channel6_IRQHandler                 0x080042ff   Thumb Code     0  startup_at32f415.o(.text)
    DMA1_Channel7_IRQHandler                 0x080042ff   Thumb Code     0  startup_at32f415.o(.text)
    DMA2_Channel1_IRQHandler                 0x080042ff   Thumb Code     0  startup_at32f415.o(.text)
    DMA2_Channel2_IRQHandler                 0x080042ff   Thumb Code     0  startup_at32f415.o(.text)
    DMA2_Channel3_IRQHandler                 0x080042ff   Thumb Code     0  startup_at32f415.o(.text)
    DMA2_Channel4_5_IRQHandler               0x080042ff   Thumb Code     0  startup_at32f415.o(.text)
    DMA2_Channel6_7_IRQHandler               0x080042ff   Thumb Code     0  startup_at32f415.o(.text)
    ERTCAlarm_IRQHandler                     0x080042ff   Thumb Code     0  startup_at32f415.o(.text)
    ERTC_WKUP_IRQHandler                     0x080042ff   Thumb Code     0  startup_at32f415.o(.text)
    EXINT0_IRQHandler                        0x080042ff   Thumb Code     0  startup_at32f415.o(.text)
    EXINT15_10_IRQHandler                    0x080042ff   Thumb Code     0  startup_at32f415.o(.text)
    EXINT1_IRQHandler                        0x080042ff   Thumb Code     0  startup_at32f415.o(.text)
    EXINT2_IRQHandler                        0x080042ff   Thumb Code     0  startup_at32f415.o(.text)
    EXINT3_IRQHandler                        0x080042ff   Thumb Code     0  startup_at32f415.o(.text)
    EXINT4_IRQHandler                        0x080042ff   Thumb Code     0  startup_at32f415.o(.text)
    EXINT9_5_IRQHandler                      0x080042ff   Thumb Code     0  startup_at32f415.o(.text)
    FLASH_IRQHandler                         0x080042ff   Thumb Code     0  startup_at32f415.o(.text)
    I2C2_ERR_IRQHandler                      0x080042ff   Thumb Code     0  startup_at32f415.o(.text)
    I2C2_EVT_IRQHandler                      0x080042ff   Thumb Code     0  startup_at32f415.o(.text)
    OTGFS1_IRQHandler                        0x080042ff   Thumb Code     0  startup_at32f415.o(.text)
    OTGFS1_WKUP_IRQHandler                   0x080042ff   Thumb Code     0  startup_at32f415.o(.text)
    PVM_IRQHandler                           0x080042ff   Thumb Code     0  startup_at32f415.o(.text)
    SDIO1_IRQHandler                         0x080042ff   Thumb Code     0  startup_at32f415.o(.text)
    SPI1_IRQHandler                          0x080042ff   Thumb Code     0  startup_at32f415.o(.text)
    SPI2_IRQHandler                          0x080042ff   Thumb Code     0  startup_at32f415.o(.text)
    TAMP_STAMP_IRQHandler                    0x080042ff   Thumb Code     0  startup_at32f415.o(.text)
    TMR1_BRK_TMR9_IRQHandler                 0x080042ff   Thumb Code     0  startup_at32f415.o(.text)
    TMR1_CH_IRQHandler                       0x080042ff   Thumb Code     0  startup_at32f415.o(.text)
    TMR1_OVF_TMR10_IRQHandler                0x080042ff   Thumb Code     0  startup_at32f415.o(.text)
    TMR1_TRG_HALL_TMR11_IRQHandler           0x080042ff   Thumb Code     0  startup_at32f415.o(.text)
    TMR2_GLOBAL_IRQHandler                   0x080042ff   Thumb Code     0  startup_at32f415.o(.text)
    TMR3_GLOBAL_IRQHandler                   0x080042ff   Thumb Code     0  startup_at32f415.o(.text)
    TMR4_GLOBAL_IRQHandler                   0x080042ff   Thumb Code     0  startup_at32f415.o(.text)
    TMR5_GLOBAL_IRQHandler                   0x080042ff   Thumb Code     0  startup_at32f415.o(.text)
    UART4_IRQHandler                         0x080042ff   Thumb Code     0  startup_at32f415.o(.text)
    UART5_IRQHandler                         0x080042ff   Thumb Code     0  startup_at32f415.o(.text)
    USART3_IRQHandler                        0x080042ff   Thumb Code     0  startup_at32f415.o(.text)
    WWDT_IRQHandler                          0x080042ff   Thumb Code     0  startup_at32f415.o(.text)
    __user_initial_stackheap                 0x08004301   Thumb Code     0  startup_at32f415.o(.text)
    __use_no_semihosting                     0x08004325   Thumb Code     2  use_no_semi_2.o(.text)
    __aeabi_uldivmod                         0x08004327   Thumb Code     0  lludivv7m.o(.text)
    _ll_udiv                                 0x08004327   Thumb Code   238  lludivv7m.o(.text)
    strlen                                   0x08004415   Thumb Code    62  strlen.o(.text)
    __aeabi_memcpy                           0x08004453   Thumb Code     0  rt_memcpy_v6.o(.text)
    __rt_memcpy                              0x08004453   Thumb Code   138  rt_memcpy_v6.o(.text)
    _memcpy_lastbytes                        0x080044b9   Thumb Code     0  rt_memcpy_v6.o(.text)
    __aeabi_memcpy4                          0x080044dd   Thumb Code     0  rt_memcpy_w.o(.text)
    __aeabi_memcpy8                          0x080044dd   Thumb Code     0  rt_memcpy_w.o(.text)
    __rt_memcpy_w                            0x080044dd   Thumb Code   100  rt_memcpy_w.o(.text)
    _memcpy_lastbytes_aligned                0x08004525   Thumb Code     0  rt_memcpy_w.o(.text)
    __aeabi_memclr4                          0x08004541   Thumb Code     0  rt_memclr_w.o(.text)
    __aeabi_memclr8                          0x08004541   Thumb Code     0  rt_memclr_w.o(.text)
    __rt_memclr_w                            0x08004541   Thumb Code    78  rt_memclr_w.o(.text)
    _memset_w                                0x08004545   Thumb Code     0  rt_memclr_w.o(.text)
    __use_two_region_memory                  0x0800458f   Thumb Code     2  heapauxi.o(.text)
    __rt_heap_escrow$2region                 0x08004591   Thumb Code     2  heapauxi.o(.text)
    __rt_heap_expand$2region                 0x08004593   Thumb Code     2  heapauxi.o(.text)
    __I$use$semihosting                      0x08004595   Thumb Code     0  use_no_semi.o(.text)
    __use_no_semihosting_swi                 0x08004595   Thumb Code     2  use_no_semi.o(.text)
    __user_setup_stackheap                   0x08004597   Thumb Code    74  sys_stackheap_outer.o(.text)
    exit                                     0x080045e1   Thumb Code    18  exit.o(.text)
    __user_libspace                          0x080045f5   Thumb Code     8  libspace.o(.text)
    __user_perproc_libspace                  0x080045f5   Thumb Code     0  libspace.o(.text)
    __user_perthread_libspace                0x080045f5   Thumb Code     0  libspace.o(.text)
    BusFault_Handler                         0x080045fd   Thumb Code     4  at32f415_int.o(i.BusFault_Handler)
    CAN1_RX0_IRQHandler                      0x08004601   Thumb Code   270  ax_can.o(i.CAN1_RX0_IRQHandler)
    CAN1_SE_IRQHandler                       0x08004741   Thumb Code    40  ax_can.o(i.CAN1_SE_IRQHandler)
    Colourful_Wheel                          0x0800476d   Thumb Code   442  ax_ws2812.o(i.Colourful_Wheel)
    DebugMon_Handler                         0x08004931   Thumb Code     2  at32f415_int.o(i.DebugMon_Handler)
    HardFault_Handler                        0x08004933   Thumb Code     4  at32f415_int.o(i.HardFault_Handler)
    I2C1_ERR_IRQHandler                      0x08004937   Thumb Code     2  at32f415_int.o(i.I2C1_ERR_IRQHandler)
    I2C1_EVT_IRQHandler                      0x08004939   Thumb Code     2  at32f415_int.o(i.I2C1_EVT_IRQHandler)
    MemManage_Handler                        0x0800493b   Thumb Code     4  at32f415_int.o(i.MemManage_Handler)
    NMI_Handler                              0x0800493f   Thumb Code     2  at32f415_int.o(i.NMI_Handler)
    SysTick_Handler                          0x08004941   Thumb Code    46  port.o(i.SysTick_Handler)
    SystemInit                               0x08004975   Thumb Code   138  system_at32f415.o(i.SystemInit)
    USART1_IRQHandler                        0x08004a11   Thumb Code   316  ax_uart.o(i.USART1_IRQHandler)
    USART2_IRQHandler                        0x08004b61   Thumb Code   288  ax_uart.o(i.USART2_IRQHandler)
    UsageFault_Handler                       0x08004c95   Thumb Code     4  at32f415_int.o(i.UsageFault_Handler)
    _sys_exit                                0x08004c99   Thumb Code     4  at32f415_board.o(i._sys_exit)
    andriod_pwr_ctrl                         0x08004c9d   Thumb Code    30  ax_uart.o(i.andriod_pwr_ctrl)
    can_alive_struct_init                    0x08004cc1   Thumb Code    50  ax_can.o(i.can_alive_struct_init)
    can_base_init                            0x08004cf9   Thumb Code   188  at32f415_can.o(i.can_base_init)
    can_baudrate_set                         0x08004db5   Thumb Code   146  at32f415_can.o(i.can_baudrate_set)
    can_configuration                        0x08004e49   Thumb Code   200  ax_can.o(i.can_configuration)
    can_default_para_init                    0x08004f19   Thumb Code    18  at32f415_can.o(i.can_default_para_init)
    can_filter_init                          0x08004f2b   Thumb Code   356  at32f415_can.o(i.can_filter_init)
    can_flag_clear                           0x08005091   Thumb Code   118  at32f415_can.o(i.can_flag_clear)
    can_flag_get                             0x0800510d   Thumb Code   240  at32f415_can.o(i.can_flag_get)
    can_gpio_config                          0x080051fd   Thumb Code   104  ax_can.o(i.can_gpio_config)
    can_interrupt_enable                     0x08005271   Thumb Code    18  at32f415_can.o(i.can_interrupt_enable)
    can_message_receive                      0x08005283   Thumb Code   240  at32f415_can.o(i.can_message_receive)
    can_message_transmit                     0x08005373   Thumb Code   312  at32f415_can.o(i.can_message_transmit)
    can_receive_fifo_release                 0x080054ab   Thumb Code    26  at32f415_can.o(i.can_receive_fifo_release)
    can_rx_task_function                     0x080054c5   Thumb Code   570  ax_can.o(i.can_rx_task_function)
    can_transmit_ctrl_data                   0x0800571d   Thumb Code   120  ax_can.o(i.can_transmit_ctrl_data)
    can_transmit_status_get                  0x0800579d   Thumb Code   108  at32f415_can.o(i.can_transmit_status_get)
    can_tx_task_function                     0x08005809   Thumb Code    26  ax_can.o(i.can_tx_task_function)
    canbus_open                              0x08005829   Thumb Code    28  ax_can.o(i.canbus_open)
    canbus_sw_config                         0x08005849   Thumb Code    76  ax_can.o(i.canbus_sw_config)
    car_acc_ctrl                             0x0800589d   Thumb Code    28  ax_uart.o(i.car_acc_ctrl)
    check_ctrl_sw_cmd                        0x080058bd   Thumb Code    92  ax_uart.o(i.check_ctrl_sw_cmd)
    check_version                            0x0800591d   Thumb Code    60  ax_uart.o(i.check_version)
    crc16_modbus                             0x0800595d   Thumb Code    56  ax_common.o(i.crc16_modbus)
    crc8_rcc                                 0x08005995   Thumb Code     8  ax_common.o(i.crc8_rcc)
    crm_ahb_div_set                          0x0800599d   Thumb Code    14  at32f415_crm.o(i.crm_ahb_div_set)
    crm_apb1_div_set                         0x080059b1   Thumb Code    14  at32f415_crm.o(i.crm_apb1_div_set)
    crm_apb2_div_set                         0x080059c5   Thumb Code    14  at32f415_crm.o(i.crm_apb2_div_set)
    crm_clock_source_enable                  0x080059d9   Thumb Code    90  at32f415_crm.o(i.crm_clock_source_enable)
    crm_clocks_freq_get                      0x08005a39   Thumb Code   396  at32f415_crm.o(i.crm_clocks_freq_get)
    crm_flag_clear                           0x08005be5   Thumb Code   204  at32f415_crm.o(i.crm_flag_clear)
    crm_flag_get                             0x08005cb9   Thumb Code    42  at32f415_crm.o(i.crm_flag_get)
    crm_hext_stable_wait                     0x08005ce9   Thumb Code    46  at32f415_crm.o(i.crm_hext_stable_wait)
    crm_periph_clock_enable                  0x08005d19   Thumb Code    62  at32f415_crm.o(i.crm_periph_clock_enable)
    crm_pll_config                           0x08005d5d   Thumb Code   210  at32f415_crm.o(i.crm_pll_config)
    crm_reset                                0x08005e65   Thumb Code    90  at32f415_crm.o(i.crm_reset)
    crm_sysclk_switch                        0x08005ec9   Thumb Code    14  at32f415_crm.o(i.crm_sysclk_switch)
    crm_sysclk_switch_status_get             0x08005edd   Thumb Code    10  at32f415_crm.o(i.crm_sysclk_switch_status_get)
    device_ctrl_pins_init                    0x08005eed   Thumb Code   184  ax_uart.o(i.device_ctrl_pins_init)
    flash_flag_clear                         0x08005fb5   Thumb Code     6  at32f415_flash.o(i.flash_flag_clear)
    flash_halfword_program                   0x08005fc1   Thumb Code    50  at32f415_flash.o(i.flash_halfword_program)
    flash_lock                               0x08005ff9   Thumb Code    16  at32f415_flash.o(i.flash_lock)
    flash_operation_status_get               0x0800600d   Thumb Code    48  at32f415_flash.o(i.flash_operation_status_get)
    flash_operation_wait_for                 0x08006041   Thumb Code    36  at32f415_flash.o(i.flash_operation_wait_for)
    flash_read_u8                            0x08006065   Thumb Code    24  ax_flash.o(i.flash_read_u8)
    flash_sector_erase                       0x0800607d   Thumb Code    58  at32f415_flash.o(i.flash_sector_erase)
    flash_unlock                             0x080060bd   Thumb Code    12  at32f415_flash.o(i.flash_unlock)
    getDiyLED                                0x080060d5   Thumb Code   100  ax_ws2812.o(i.getDiyLED)
    getSumCrc                                0x0800613d   Thumb Code    30  ax_can.o(i.getSumCrc)
    gpio_bits_reset                          0x0800615b   Thumb Code     4  at32f415_gpio.o(i.gpio_bits_reset)
    gpio_bits_set                            0x0800615f   Thumb Code     4  at32f415_gpio.o(i.gpio_bits_set)
    gpio_default_para_init                   0x08006163   Thumb Code    22  at32f415_gpio.o(i.gpio_default_para_init)
    gpio_init                                0x08006179   Thumb Code   168  at32f415_gpio.o(i.gpio_init)
    gpio_pin_remap_config                    0x08006221   Thumb Code    70  at32f415_gpio.o(i.gpio_pin_remap_config)
    ihawk_ctrl                               0x0800626d   Thumb Code   144  ax_uart.o(i.ihawk_ctrl)
    ihawk_ctrl_tm                            0x080062fd   Thumb Code   158  ax_uart.o(i.ihawk_ctrl_tm)
    ihawk_lower_ctrl                         0x0800639d   Thumb Code    38  ax_uart.o(i.ihawk_lower_ctrl)
    ihawk_upper_ctrl                         0x080063cd   Thumb Code    38  ax_uart.o(i.ihawk_upper_ctrl)
    initColor                                0x080063fd   Thumb Code    20  ax_ws2812.o(i.initColor)
    init_can_msg                             0x08006419   Thumb Code   172  ax_uart.o(i.init_can_msg)
    init_uart_data                           0x080064d9   Thumb Code   110  ax_uart.o(i.init_uart_data)
    iwdg_Config                              0x08006555   Thumb Code    46  main.o(i.iwdg_Config)
    led2_task_function                       0x08006589   Thumb Code    28  main.o(i.led2_task_function)
    ledUpdate                                0x080065a9   Thumb Code   126  ax_ws2812.o(i.ledUpdate)
    main                                     0x08006631   Thumb Code   322  main.o(i.main)
    nvic_irq_enable                          0x08006851   Thumb Code   190  at32f415_misc.o(i.nvic_irq_enable)
    nvic_priority_group_config               0x08006919   Thumb Code    32  at32f415_misc.o(i.nvic_priority_group_config)
    nvic_system_reset                        0x08006941   Thumb Code    36  at32f415_misc.o(i.nvic_system_reset)
    nvic_vector_table_set                    0x0800696d   Thumb Code    12  at32f415_misc.o(i.nvic_vector_table_set)
    open_device_pwr                          0x08006981   Thumb Code    44  ax_uart.o(i.open_device_pwr)
    packageUpdateFwMsg                       0x080069ad   Thumb Code    60  ax_uart.o(i.packageUpdateFwMsg)
    packageUpdateFwMsg1                      0x080069ed   Thumb Code    66  ax_uart.o(i.packageUpdateFwMsg1)
    parse_at32_ctrl_acc_cmd                  0x08006a35   Thumb Code    84  ax_uart.o(i.parse_at32_ctrl_acc_cmd)
    parse_at32_ctrl_gate_24_cmd              0x08006a8d   Thumb Code    36  ax_uart.o(i.parse_at32_ctrl_gate_24_cmd)
    parse_at32_ctrl_leds_cmd                 0x08006ab5   Thumb Code   132  ax_uart.o(i.parse_at32_ctrl_leds_cmd)
    parse_at32_ctrl_sw_cmd                   0x08006b45   Thumb Code    84  ax_uart.o(i.parse_at32_ctrl_sw_cmd)
    parse_at32_ctrl_usbhub_cmd               0x08006b9d   Thumb Code    90  ax_uart.o(i.parse_at32_ctrl_usbhub_cmd)
    parse_at32_diy2_led_cmd                  0x08006bfd   Thumb Code   102  ax_uart.o(i.parse_at32_diy2_led_cmd)
    parse_at32_diy_led_cmd                   0x08006c79   Thumb Code   102  ax_uart.o(i.parse_at32_diy_led_cmd)
    parse_at32_get_ver_cmd                   0x08006cf5   Thumb Code    96  ax_uart.o(i.parse_at32_get_ver_cmd)
    parse_at32_reboot_cmd                    0x08006d5d   Thumb Code    42  ax_uart.o(i.parse_at32_reboot_cmd)
    parse_at32_reset_andriod                 0x08006d8d   Thumb Code    84  ax_uart.o(i.parse_at32_reset_andriod)
    parse_ctrl_andriod                       0x08006de5   Thumb Code    36  ax_uart.o(i.parse_ctrl_andriod)
    parse_ctrl_andriod_tm                    0x08006e0d   Thumb Code    54  ax_uart.o(i.parse_ctrl_andriod_tm)
    parse_fb_gate_msg                        0x08006e49   Thumb Code    36  ax_can.o(i.parse_fb_gate_msg)
    parse_fw_data_msg                        0x08006e75   Thumb Code   344  ax_uart.o(i.parse_fw_data_msg)
    parse_gate_sts                           0x08006fe5   Thumb Code   100  ax_can.o(i.parse_gate_sts)
    parse_get_app_flag_msg                   0x08007055   Thumb Code   122  ax_uart.o(i.parse_get_app_flag_msg)
    parse_heartbeat_fb_msg                   0x080070e1   Thumb Code    44  ax_can.o(i.parse_heartbeat_fb_msg)
    parse_reboot_fb_msg                      0x08007111   Thumb Code   142  ax_can.o(i.parse_reboot_fb_msg)
    parse_reset_andriod                      0x080071a9   Thumb Code    74  ax_uart.o(i.parse_reset_andriod)
    parse_reset_sensor_fb_msg                0x080071fd   Thumb Code    76  ax_can.o(i.parse_reset_sensor_fb_msg)
    parse_send_fw_info_msg                   0x08007251   Thumb Code   264  ax_uart.o(i.parse_send_fw_info_msg)
    parse_send_start_update_signal           0x08007369   Thumb Code   258  ax_uart.o(i.parse_send_start_update_signal)
    parse_set_tray_ws2812_fb_msg             0x08007485   Thumb Code   210  ax_can.o(i.parse_set_tray_ws2812_fb_msg)
    parse_set_ws2812_fb_msg                  0x08007569   Thumb Code    86  ax_can.o(i.parse_set_ws2812_fb_msg)
    parse_sync_fw_fb_msg                     0x080075c9   Thumb Code   184  ax_can.o(i.parse_sync_fw_fb_msg)
    parse_uid_fb_msg                         0x08007689   Thumb Code   392  ax_can.o(i.parse_uid_fb_msg)
    parse_update_abort_msg                   0x0800781d   Thumb Code   100  ax_uart.o(i.parse_update_abort_msg)
    parse_update_end_msg                     0x08007899   Thumb Code   184  ax_uart.o(i.parse_update_end_msg)
    parse_version_fb_msg                     0x08007969   Thumb Code   154  ax_can.o(i.parse_version_fb_msg)
    pvPortMalloc                             0x080083ed   Thumb Code   338  heap_4.o(i.pvPortMalloc)
    pxPortInitialiseStack                    0x08008559   Thumb Code    30  port.o(i.pxPortInitialiseStack)
    rainbowCycle                             0x0800857d   Thumb Code    88  ax_ws2812.o(i.rainbowCycle)
    rgb_SetColor                             0x080085dd   Thumb Code   152  ax_ws2812.o(i.rgb_SetColor)
    sendLED                                  0x08008679   Thumb Code   124  ax_ws2812.o(i.sendLED)
    send_2_uart2                             0x080086f9   Thumb Code   146  ax_uart.o(i.send_2_uart2)
    send_andriod_fb                          0x08008799   Thumb Code   192  ax_uart.o(i.send_andriod_fb)
    send_ctrl_acc_fb                         0x08008865   Thumb Code   154  ax_uart.o(i.send_ctrl_acc_fb)
    send_ctrl_andriod_fb                     0x0800890d   Thumb Code   154  ax_uart.o(i.send_ctrl_andriod_fb)
    send_ctrl_diy2_leds_fb                   0x080089b5   Thumb Code   200  ax_uart.o(i.send_ctrl_diy2_leds_fb)
    send_ctrl_diy_leds_fb                    0x08008a89   Thumb Code   200  ax_uart.o(i.send_ctrl_diy_leds_fb)
    send_ctrl_gate_fb                        0x08008b5d   Thumb Code   164  ax_uart.o(i.send_ctrl_gate_fb)
    send_ctrl_ihawk_fb                       0x08008c0d   Thumb Code   180  ax_uart.o(i.send_ctrl_ihawk_fb)
    send_ctrl_leds_fb                        0x08008ccd   Thumb Code   164  ax_uart.o(i.send_ctrl_leds_fb)
    send_ctrl_switch_fb                      0x08008d7d   Thumb Code   154  ax_uart.o(i.send_ctrl_switch_fb)
    send_ctrl_usbhub_fb                      0x08008e25   Thumb Code   154  ax_uart.o(i.send_ctrl_usbhub_fb)
    send_gate_ctrl_msg                       0x08008ecd   Thumb Code    30  ax_can.o(i.send_gate_ctrl_msg)
    send_ihawk_sts_fb                        0x08008ef5   Thumb Code   198  ax_uart.o(i.send_ihawk_sts_fb)
    send_own2_version                        0x08008fcd   Thumb Code   194  ax_uart.o(i.send_own2_version)
    send_own_version                         0x08009099   Thumb Code   154  ax_uart.o(i.send_own_version)
    send_reboot2_fb                          0x0800913d   Thumb Code   148  ax_uart.o(i.send_reboot2_fb)
    send_status                              0x080091d9   Thumb Code   220  ax_uart.o(i.send_status)
    send_version                             0x080092cd   Thumb Code   202  ax_uart.o(i.send_version)
    setBreath_2s                             0x080093a5   Thumb Code   190  ax_ws2812.o(i.setBreath_2s)
    setBreath_4s                             0x08009475   Thumb Code   190  ax_ws2812.o(i.setBreath_4s)
    setDiy2Show                              0x08009545   Thumb Code   736  ax_ws2812.o(i.setDiy2Show)
    setDiyShow                               0x08009841   Thumb Code   268  ax_ws2812.o(i.setDiyShow)
    setDoubleFlashMode                       0x08009969   Thumb Code    46  ax_ws2812.o(i.setDoubleFlashMode)
    setDoubleFlash_1Hz_Mode                  0x08009999   Thumb Code    40  ax_ws2812.o(i.setDoubleFlash_1Hz_Mode)
    setDoubleFlash_2Hz_Mode                  0x080099c9   Thumb Code    58  ax_ws2812.o(i.setDoubleFlash_2Hz_Mode)
    setNormalMode                            0x08009a0d   Thumb Code    44  ax_ws2812.o(i.setNormalMode)
    setNormalRedMode                         0x08009a3d   Thumb Code    62  ax_ws2812.o(i.setNormalRedMode)
    setOffMode                               0x08009a81   Thumb Code    58  ax_ws2812.o(i.setOffMode)
    spi2_config                              0x08009ac1   Thumb Code    60  ax_spi.o(i.spi2_config)
    spi2_gpio_cfg                            0x08009b09   Thumb Code    54  ax_spi.o(i.spi2_gpio_cfg)
    spi2_send_byte                           0x08009b49   Thumb Code    28  ax_spi.o(i.spi2_send_byte)
    spi2_send_bytes                          0x08009b69   Thumb Code    26  ax_spi.o(i.spi2_send_bytes)
    spi_default_para_init                    0x08009b83   Thumb Code    22  at32f415_spi.o(i.spi_default_para_init)
    spi_enable                               0x08009b99   Thumb Code    10  at32f415_spi.o(i.spi_enable)
    spi_i2s_data_transmit                    0x08009ba3   Thumb Code     4  at32f415_spi.o(i.spi_i2s_data_transmit)
    spi_i2s_flag_get                         0x08009ba7   Thumb Code    16  at32f415_spi.o(i.spi_i2s_flag_get)
    spi_init                                 0x08009bb7   Thumb Code   292  at32f415_spi.o(i.spi_init)
    switch_pwr_ctrl                          0x08009cdd   Thumb Code    28  ax_uart.o(i.switch_pwr_ctrl)
    system_clock_config                      0x08009cfd   Thumb Code   100  at32f415_clock.o(i.system_clock_config)
    system_core_clock_update                 0x08009d65   Thumb Code   316  system_at32f415.o(i.system_core_clock_update)
    toggle_led_stat                          0x08009eb9   Thumb Code    14  ax_uart.o(i.toggle_led_stat)
    usart1_rx_task_function                  0x08009ecd   Thumb Code   588  ax_uart.o(i.usart1_rx_task_function)
    usart1_tx_task_function                  0x0800a135   Thumb Code   220  ax_uart.o(i.usart1_tx_task_function)
    usart2_rx_task_function                  0x0800a225   Thumb Code   522  ax_uart.o(i.usart2_rx_task_function)
    usart_data_receive                       0x0800a441   Thumb Code     8  at32f415_usart.o(i.usart_data_receive)
    usart_data_transmit                      0x0800a449   Thumb Code     8  at32f415_usart.o(i.usart_data_transmit)
    usart_enable                             0x0800a451   Thumb Code    10  at32f415_usart.o(i.usart_enable)
    usart_flag_clear                         0x0800a45b   Thumb Code    18  at32f415_usart.o(i.usart_flag_clear)
    usart_flag_get                           0x0800a46d   Thumb Code    16  at32f415_usart.o(i.usart_flag_get)
    usart_init                               0x0800a47d   Thumb Code   102  at32f415_usart.o(i.usart_init)
    usart_int_configuration                  0x0800a4e9   Thumb Code   370  ax_uart.o(i.usart_int_configuration)
    usart_interrupt_enable                   0x0800a67d   Thumb Code    54  at32f415_usart.o(i.usart_interrupt_enable)
    usart_receiver_enable                    0x0800a6b3   Thumb Code    10  at32f415_usart.o(i.usart_receiver_enable)
    usart_transmitter_enable                 0x0800a6bd   Thumb Code    10  at32f415_usart.o(i.usart_transmitter_enable)
    usbhub_ctrl                              0x0800a6c9   Thumb Code    28  ax_uart.o(i.usbhub_ctrl)
    uxListRemove                             0x0800a6e9   Thumb Code    40  list.o(i.uxListRemove)
    vListInitialise                          0x0800a711   Thumb Code    26  list.o(i.vListInitialise)
    vListInitialiseItem                      0x0800a72b   Thumb Code     6  list.o(i.vListInitialiseItem)
    vListInsert                              0x0800a731   Thumb Code    52  list.o(i.vListInsert)
    vListInsertEnd                           0x0800a765   Thumb Code    24  list.o(i.vListInsertEnd)
    vPortEnterCritical                       0x0800a77d   Thumb Code    76  port.o(i.vPortEnterCritical)
    vPortExitCritical                        0x0800a7d1   Thumb Code    56  port.o(i.vPortExitCritical)
    vPortFree                                0x0800a80d   Thumb Code   150  heap_4.o(i.vPortFree)
    vPortSetupTimerInterrupt                 0x0800a8b1   Thumb Code    36  port.o(i.vPortSetupTimerInterrupt)
    vPortValidateInterruptPriority           0x0800a8d9   Thumb Code   106  port.o(i.vPortValidateInterruptPriority)
    vQueueWaitForMessageRestricted           0x0800a951   Thumb Code    74  queue.o(i.vQueueWaitForMessageRestricted)
    vTaskDelay                               0x0800a99d   Thumb Code    82  tasks.o(i.vTaskDelay)
    vTaskInternalSetTimeOutState             0x0800a9f9   Thumb Code    14  tasks.o(i.vTaskInternalSetTimeOutState)
    vTaskMissedYield                         0x0800aa11   Thumb Code     8  tasks.o(i.vTaskMissedYield)
    vTaskPlaceOnEventList                    0x0800aa1d   Thumb Code    52  tasks.o(i.vTaskPlaceOnEventList)
    vTaskPlaceOnEventListRestricted          0x0800aa55   Thumb Code    60  tasks.o(i.vTaskPlaceOnEventListRestricted)
    vTaskStartScheduler                      0x0800aa95   Thumb Code   122  tasks.o(i.vTaskStartScheduler)
    vTaskSuspendAll                          0x0800ab31   Thumb Code    12  tasks.o(i.vTaskSuspendAll)
    vTaskSwitchContext                       0x0800ab41   Thumb Code   118  tasks.o(i.vTaskSwitchContext)
    vTimerCallback                           0x0800abcd   Thumb Code   120  ax_uart.o(i.vTimerCallback)
    wdt_counter_reload                       0x0800ac4d   Thumb Code    10  at32f415_wdt.o(i.wdt_counter_reload)
    wdt_divider_set                          0x0800ac5d   Thumb Code    14  at32f415_wdt.o(i.wdt_divider_set)
    wdt_enable                               0x0800ac71   Thumb Code    10  at32f415_wdt.o(i.wdt_enable)
    wdt_register_write_enable                0x0800ac81   Thumb Code    20  at32f415_wdt.o(i.wdt_register_write_enable)
    wdt_reload_value_set                     0x0800ac99   Thumb Code     6  at32f415_wdt.o(i.wdt_reload_value_set)
    write2flash                              0x0800aca5   Thumb Code   124  ax_flash.o(i.write2flash)
    ws2812Init                               0x0800ad21   Thumb Code    16  ax_ws2812.o(i.ws2812Init)
    ws2812_task_function                     0x0800ad31   Thumb Code    34  ax_ws2812.o(i.ws2812_task_function)
    wtdg_task_function                       0x0800ad59   Thumb Code    36  main.o(i.wtdg_task_function)
    xPortStartScheduler                      0x0800ad81   Thumb Code   228  port.o(i.xPortStartScheduler)
    xQueueGenericCreate                      0x0800ae79   Thumb Code   162  queue.o(i.xQueueGenericCreate)
    xQueueGenericReset                       0x0800af1d   Thumb Code   146  queue.o(i.xQueueGenericReset)
    xQueueGenericSend                        0x0800afb5   Thumb Code   420  queue.o(i.xQueueGenericSend)
    xQueueGenericSendFromISR                 0x0800b15d   Thumb Code   288  queue.o(i.xQueueGenericSendFromISR)
    xQueueReceive                            0x0800b27d   Thumb Code   356  queue.o(i.xQueueReceive)
    xTaskCheckForTimeOut                     0x0800b3e5   Thumb Code   136  tasks.o(i.xTaskCheckForTimeOut)
    xTaskCreate                              0x0800b475   Thumb Code    96  tasks.o(i.xTaskCreate)
    xTaskGetSchedulerState                   0x0800b4d5   Thumb Code    24  tasks.o(i.xTaskGetSchedulerState)
    xTaskGetTickCount                        0x0800b4f5   Thumb Code     6  tasks.o(i.xTaskGetTickCount)
    xTaskIncrementTick                       0x0800b501   Thumb Code   282  tasks.o(i.xTaskIncrementTick)
    xTaskRemoveFromEventList                 0x0800b649   Thumb Code   128  tasks.o(i.xTaskRemoveFromEventList)
    xTaskResumeAll                           0x0800b6e1   Thumb Code   224  tasks.o(i.xTaskResumeAll)
    xTimerCreate                             0x0800b7e5   Thumb Code    54  timers.o(i.xTimerCreate)
    xTimerCreateTimerTask                    0x0800b81d   Thumb Code    66  timers.o(i.xTimerCreateTimerTask)
    xTimerGenericCommand                     0x0800b875   Thumb Code   126  timers.o(i.xTimerGenericCommand)
    xTimerIsTimerActive                      0x0800b8f9   Thumb Code    58  timers.o(i.xTimerIsTimerActive)
    __aeabi_ddiv                             0x0800b935   Thumb Code     0  ddiv.o(x$fpl$ddiv)
    _ddiv                                    0x0800b935   Thumb Code   552  ddiv.o(x$fpl$ddiv)
    __aeabi_d2uiz                            0x0800bbe5   Thumb Code     0  dfixu.o(x$fpl$dfixu)
    _dfixu                                   0x0800bbe5   Thumb Code    90  dfixu.o(x$fpl$dfixu)
    __aeabi_i2d                              0x0800bc3f   Thumb Code     0  dflt_clz.o(x$fpl$dflt)
    _dflt                                    0x0800bc3f   Thumb Code    46  dflt_clz.o(x$fpl$dflt)
    __aeabi_ui2d                             0x0800bc6d   Thumb Code     0  dflt_clz.o(x$fpl$dfltu)
    _dfltu                                   0x0800bc6d   Thumb Code    38  dflt_clz.o(x$fpl$dfltu)
    __aeabi_dmul                             0x0800bc95   Thumb Code     0  dmul.o(x$fpl$dmul)
    _dmul                                    0x0800bc95   Thumb Code   332  dmul.o(x$fpl$dmul)
    __fpl_dnaninf                            0x0800bde9   Thumb Code   156  dnaninf.o(x$fpl$dnaninf)
    __fpl_dretinf                            0x0800be85   Thumb Code    12  dretinf.o(x$fpl$dretinf)
    __aeabi_f2uiz                            0x0800be91   Thumb Code     0  ffixu.o(x$fpl$ffixu)
    _ffixu                                   0x0800be91   Thumb Code    62  ffixu.o(x$fpl$ffixu)
    __aeabi_ui2f                             0x0800bed1   Thumb Code     0  fflt_clz.o(x$fpl$ffltu)
    _ffltu                                   0x0800bed1   Thumb Code    38  fflt_clz.o(x$fpl$ffltu)
    __aeabi_fmul                             0x0800bef9   Thumb Code     0  fmul.o(x$fpl$fmul)
    _fmul                                    0x0800bef9   Thumb Code   258  fmul.o(x$fpl$fmul)
    __fpl_fnaninf                            0x0800bffb   Thumb Code   140  fnaninf.o(x$fpl$fnaninf)
    __fpl_fretinf                            0x0800c087   Thumb Code    10  fretinf.o(x$fpl$fretinf)
    __I$use$fp                               0x0800c090   Number         0  usenofp.o(x$fpl$usenofp)
    sinLed                                   0x0800c090   Data         200  ax_ws2812.o(.constdata)
    sinLed_4s                                0x0800c158   Data         400  ax_ws2812.o(.constdata)
    OFF_UNIT                                 0x0800c2e8   Data          24  ax_ws2812.o(.constdata)
    DIY_UINT                                 0x0800c300   Data         192  ax_ws2812.o(.constdata)
    Region$$Table$$Base                      0x0800c420   Number         0  anon$$obj.o(Region$$Table)
    Region$$Table$$Limit                     0x0800c440   Number         0  anon$$obj.o(Region$$Table)
    led2_handler                             0x20000004   Data           4  main.o(.data)
    usart1_rx_handler                        0x20000008   Data           4  main.o(.data)
    usart1_tx_handler                        0x2000000c   Data           4  main.o(.data)
    i2c1_handler                             0x20000010   Data           4  main.o(.data)
    can_tx_handler                           0x20000014   Data           4  main.o(.data)
    can_rx_handler                           0x20000018   Data           4  main.o(.data)
    ws2812_handler                           0x2000001c   Data           4  main.o(.data)
    wtdg_handler                             0x20000020   Data           4  main.o(.data)
    usart2_rx_handler                        0x20000024   Data           4  main.o(.data)
    usart1_tx_buf                            0x2000002c   Data           4  ax_uart.o(.data)
    sendingUart2                             0x20000030   Data           1  ax_uart.o(.data)
    recvCmdFlag                              0x20000032   Data           1  ax_uart.o(.data)
    recvCmdFlag2                             0x20000033   Data           1  ax_uart.o(.data)
    cmdId                                    0x20000034   Data           2  ax_uart.o(.data)
    cmdId2                                   0x20000036   Data           2  ax_uart.o(.data)
    xTimer                                   0x20000038   Data           4  ax_uart.o(.data)
    timerCnt                                 0x2000003c   Data           4  ax_uart.o(.data)
    newOtherMsgFlag                          0x20000048   Data           1  ax_can.o(.data)
    newF1StsMsgFlag                          0x20000049   Data           1  ax_can.o(.data)
    newF2StsMsgFlag                          0x2000004a   Data           1  ax_can.o(.data)
    newF3StsMsgFlag                          0x2000004b   Data           1  ax_can.o(.data)
    newF4StsMsgFlag                          0x2000004c   Data           1  ax_can.o(.data)
    fbCtrlGateMsgFlag                        0x2000004d   Data           2  ax_can.o(.data)
    gateStsMsgFlag                           0x2000004f   Data           2  ax_can.o(.data)
    spi2_tx_buffer                           0x2000005c   Data          72  ax_spi.o(.data)
    spi_init_struct                          0x200000a4   Data           8  ax_spi.o(.data)
    color_grb                                0x200000b0   Data           3  ax_ws2812.o(.data)
    diyArr                                   0x200000b5   Data           8  ax_ws2812.o(.data)
    diyColor                                 0x200000bd   Data           1  ax_ws2812.o(.data)
    ledMode                                  0x200000be   Data           1  ax_ws2812.o(.data)
    ledHeaderCount                           0x200000bf   Data           1  ax_ws2812.o(.data)
    rainbow_percent                          0x200000c0   Data           1  ax_ws2812.o(.data)
    u8TxData                                 0x200000c1   Data        1344  ax_ws2812.o(.data)
    DIY_UINT_                                0x20000601   Data          24  ax_ws2812.o(.data)
    taskAliveBits                            0x20000620   Data           4  ax_common.o(.data)
    gateSts                                  0x20000624   Data           8  ax_common.o(.data)
    gateCtrlFbValid                          0x2000062c   Data           2  ax_common.o(.data)
    ctrlGateData                             0x2000062e   Data           5  ax_common.o(.data)
    ihawk_power_sts                          0x20000633   Data           2  ax_common.o(.data)
    timerFlags                               0x20000635   Data           4  ax_common.o(.data)
    msglen2                                  0x20000639   Data           1  ax_common.o(.data)
    updateFWFlag                             0x2000063a   Data           1  ax_common.o(.data)
    xorData                                  0x2000063b   Data           2  ax_common.o(.data)
    system_core_clock                        0x20000640   Data           4  system_at32f415.o(.data)
    pxCurrentTCB                             0x20000648   Data           4  tasks.o(.data)
    uxTopUsedPriority                        0x20000680   Data           4  tasks.o(.data)
    uart1_data                               0x200006d4   Data         388  ax_uart.o(.bss)
    uart2_data                               0x20000858   Data         388  ax_uart.o(.bss)
    ctrl_buff                                0x200009dc   Data          32  ax_uart.o(.bss)
    ctrl_buff2                               0x200009fc   Data         256  ax_uart.o(.bss)
    update_buff                              0x20000afc   Data        2048  ax_uart.o(.bss)
    ctrlData2Can                             0x200012fc   Data          20  ax_uart.o(.bss)
    gateCtrlCan                              0x20001310   Data          20  ax_uart.o(.bss)
    rx_message_struct_g                      0x20001324   Data          20  ax_can.o(.bss)
    rx_message_struct_s                      0x20001338   Data          80  ax_can.o(.bss)
    rx_fb_ctrl_gate_struct                   0x20001388   Data          40  ax_can.o(.bss)
    rx_gate_sts_struct                       0x200013b0   Data          40  ax_can.o(.bss)
    canAliveCounter                          0x200013d8   Data          17  ax_can.o(.bss)
    updateColorData                          0x200013e9   Data          14  ax_ws2812.o(.bss)
    distance                                 0x20001938   Data          48  ax_common.o(.bss)
    versionSub                               0x20001968   Data          24  ax_common.o(.bss)
    uidBuf                                   0x20001980   Data          60  ax_common.o(.bss)
    uart1SendTypeFlag                        0x200019bc   Data          44  ax_common.o(.bss)
    uart2SendTypeFlag                        0x200019e8   Data          44  ax_common.o(.bss)
    sendCanStr                               0x20001a14   Data          17  ax_common.o(.bss)
    canSetLeds                               0x20001a28   Data          80  ax_common.o(.bss)
    canSetTrayLeds                           0x20001a78   Data          20  ax_common.o(.bss)
    canResetBoard                            0x20001a8c   Data          80  ax_common.o(.bss)
    canSyncFw                                0x20001adc   Data          80  ax_common.o(.bss)
    updateFwData                             0x20001b2c   Data          16  ax_common.o(.bss)
    updateFw                                 0x20001b3c   Data          32  ax_flash.o(.bss)
    flash_buf                                0x20001b5c   Data        2048  ax_flash.o(.bss)
    __libspace_start                         0x20007488   Data          96  libspace.o(.bss)
    __temporary_stack_top$libspace           0x200074e8   Data           0  libspace.o(.bss)



==============================================================================

Memory Map of the image

  Image Entry point : 0x08004171

  Load Region LR_IROM1 (Base: 0x08004000, Size: 0x00008b14, Max: 0x00018000, ABSOLUTE, COMPRESSED[0x000084a4])

    Execution Region ER_IROM1 (Exec base: 0x08004000, Load base: 0x08004000, Size: 0x00008440, Max: 0x00018000, ABSOLUTE)

    Exec Addr    Load Addr    Size         Type   Attr      Idx    E Section Name        Object

    0x08004000   0x08004000   0x00000170   Data   RO         4731    RESET               startup_at32f415.o
    0x08004170   0x08004170   0x00000008   Code   RO         5762  * !!!main             c_w.l(__main.o)
    0x08004178   0x08004178   0x00000034   Code   RO         5966    !!!scatter          c_w.l(__scatter.o)
    0x080041ac   0x080041ac   0x0000005a   Code   RO         5964    !!dczerorl2         c_w.l(__dczerorl2.o)
    0x08004206   0x08004206   0x00000002   PAD
    0x08004208   0x08004208   0x0000001c   Code   RO         5968    !!handler_zi        c_w.l(__scatter_zi.o)
    0x08004224   0x08004224   0x00000002   Code   RO         5840    .ARM.Collect$$libinit$$00000000  c_w.l(libinit.o)
    0x08004226   0x08004226   0x00000000   Code   RO         5853    .ARM.Collect$$libinit$$00000002  c_w.l(libinit2.o)
    0x08004226   0x08004226   0x00000000   Code   RO         5855    .ARM.Collect$$libinit$$00000004  c_w.l(libinit2.o)
    0x08004226   0x08004226   0x00000000   Code   RO         5858    .ARM.Collect$$libinit$$0000000A  c_w.l(libinit2.o)
    0x08004226   0x08004226   0x00000000   Code   RO         5860    .ARM.Collect$$libinit$$0000000C  c_w.l(libinit2.o)
    0x08004226   0x08004226   0x00000000   Code   RO         5862    .ARM.Collect$$libinit$$0000000E  c_w.l(libinit2.o)
    0x08004226   0x08004226   0x00000000   Code   RO         5865    .ARM.Collect$$libinit$$00000011  c_w.l(libinit2.o)
    0x08004226   0x08004226   0x00000000   Code   RO         5867    .ARM.Collect$$libinit$$00000013  c_w.l(libinit2.o)
    0x08004226   0x08004226   0x00000000   Code   RO         5869    .ARM.Collect$$libinit$$00000015  c_w.l(libinit2.o)
    0x08004226   0x08004226   0x00000000   Code   RO         5871    .ARM.Collect$$libinit$$00000017  c_w.l(libinit2.o)
    0x08004226   0x08004226   0x00000000   Code   RO         5873    .ARM.Collect$$libinit$$00000019  c_w.l(libinit2.o)
    0x08004226   0x08004226   0x00000000   Code   RO         5875    .ARM.Collect$$libinit$$0000001B  c_w.l(libinit2.o)
    0x08004226   0x08004226   0x00000000   Code   RO         5877    .ARM.Collect$$libinit$$0000001D  c_w.l(libinit2.o)
    0x08004226   0x08004226   0x00000000   Code   RO         5879    .ARM.Collect$$libinit$$0000001F  c_w.l(libinit2.o)
    0x08004226   0x08004226   0x00000000   Code   RO         5881    .ARM.Collect$$libinit$$00000021  c_w.l(libinit2.o)
    0x08004226   0x08004226   0x00000000   Code   RO         5883    .ARM.Collect$$libinit$$00000023  c_w.l(libinit2.o)
    0x08004226   0x08004226   0x00000000   Code   RO         5885    .ARM.Collect$$libinit$$00000025  c_w.l(libinit2.o)
    0x08004226   0x08004226   0x00000000   Code   RO         5889    .ARM.Collect$$libinit$$0000002C  c_w.l(libinit2.o)
    0x08004226   0x08004226   0x00000000   Code   RO         5891    .ARM.Collect$$libinit$$0000002E  c_w.l(libinit2.o)
    0x08004226   0x08004226   0x00000000   Code   RO         5893    .ARM.Collect$$libinit$$00000030  c_w.l(libinit2.o)
    0x08004226   0x08004226   0x00000000   Code   RO         5895    .ARM.Collect$$libinit$$00000032  c_w.l(libinit2.o)
    0x08004226   0x08004226   0x00000002   Code   RO         5896    .ARM.Collect$$libinit$$00000033  c_w.l(libinit2.o)
    0x08004228   0x08004228   0x00000002   Code   RO         5920    .ARM.Collect$$libshutdown$$00000000  c_w.l(libshutdown.o)
    0x0800422a   0x0800422a   0x00000000   Code   RO         5946    .ARM.Collect$$libshutdown$$00000002  c_w.l(libshutdown2.o)
    0x0800422a   0x0800422a   0x00000000   Code   RO         5948    .ARM.Collect$$libshutdown$$00000004  c_w.l(libshutdown2.o)
    0x0800422a   0x0800422a   0x00000000   Code   RO         5951    .ARM.Collect$$libshutdown$$00000007  c_w.l(libshutdown2.o)
    0x0800422a   0x0800422a   0x00000000   Code   RO         5954    .ARM.Collect$$libshutdown$$0000000A  c_w.l(libshutdown2.o)
    0x0800422a   0x0800422a   0x00000000   Code   RO         5956    .ARM.Collect$$libshutdown$$0000000C  c_w.l(libshutdown2.o)
    0x0800422a   0x0800422a   0x00000000   Code   RO         5959    .ARM.Collect$$libshutdown$$0000000F  c_w.l(libshutdown2.o)
    0x0800422a   0x0800422a   0x00000002   Code   RO         5960    .ARM.Collect$$libshutdown$$00000010  c_w.l(libshutdown2.o)
    0x0800422c   0x0800422c   0x00000000   Code   RO         5794    .ARM.Collect$$rtentry$$00000000  c_w.l(__rtentry.o)
    0x0800422c   0x0800422c   0x00000000   Code   RO         5811    .ARM.Collect$$rtentry$$00000002  c_w.l(__rtentry2.o)
    0x0800422c   0x0800422c   0x00000006   Code   RO         5823    .ARM.Collect$$rtentry$$00000004  c_w.l(__rtentry4.o)
    0x08004232   0x08004232   0x00000000   Code   RO         5813    .ARM.Collect$$rtentry$$00000009  c_w.l(__rtentry2.o)
    0x08004232   0x08004232   0x00000004   Code   RO         5814    .ARM.Collect$$rtentry$$0000000A  c_w.l(__rtentry2.o)
    0x08004236   0x08004236   0x00000000   Code   RO         5816    .ARM.Collect$$rtentry$$0000000C  c_w.l(__rtentry2.o)
    0x08004236   0x08004236   0x00000008   Code   RO         5817    .ARM.Collect$$rtentry$$0000000D  c_w.l(__rtentry2.o)
    0x0800423e   0x0800423e   0x00000002   Code   RO         5844    .ARM.Collect$$rtexit$$00000000  c_w.l(rtexit.o)
    0x08004240   0x08004240   0x00000000   Code   RO         5898    .ARM.Collect$$rtexit$$00000002  c_w.l(rtexit2.o)
    0x08004240   0x08004240   0x00000004   Code   RO         5899    .ARM.Collect$$rtexit$$00000003  c_w.l(rtexit2.o)
    0x08004244   0x08004244   0x00000006   Code   RO         5900    .ARM.Collect$$rtexit$$00000004  c_w.l(rtexit2.o)
    0x0800424a   0x0800424a   0x00000002   PAD
    0x0800424c   0x0800424c   0x00000096   Code   RO         5667    .emb_text           port.o
    0x080042e2   0x080042e2   0x00000002   PAD
    0x080042e4   0x080042e4   0x00000040   Code   RO         4732    .text               startup_at32f415.o
    0x08004324   0x08004324   0x00000002   Code   RO         5746    .text               c_w.l(use_no_semi_2.o)
    0x08004326   0x08004326   0x000000ee   Code   RO         5748    .text               c_w.l(lludivv7m.o)
    0x08004414   0x08004414   0x0000003e   Code   RO         5750    .text               c_w.l(strlen.o)
    0x08004452   0x08004452   0x0000008a   Code   RO         5752    .text               c_w.l(rt_memcpy_v6.o)
    0x080044dc   0x080044dc   0x00000064   Code   RO         5754    .text               c_w.l(rt_memcpy_w.o)
    0x08004540   0x08004540   0x0000004e   Code   RO         5758    .text               c_w.l(rt_memclr_w.o)
    0x0800458e   0x0800458e   0x00000006   Code   RO         5760    .text               c_w.l(heapauxi.o)
    0x08004594   0x08004594   0x00000002   Code   RO         5792    .text               c_w.l(use_no_semi.o)
    0x08004596   0x08004596   0x0000004a   Code   RO         5827    .text               c_w.l(sys_stackheap_outer.o)
    0x080045e0   0x080045e0   0x00000012   Code   RO         5829    .text               c_w.l(exit.o)
    0x080045f2   0x080045f2   0x00000002   PAD
    0x080045f4   0x080045f4   0x00000008   Code   RO         5841    .text               c_w.l(libspace.o)
    0x080045fc   0x080045fc   0x00000004   Code   RO          129    i.BusFault_Handler  at32f415_int.o
    0x08004600   0x08004600   0x00000140   Code   RO          847    i.CAN1_RX0_IRQHandler  ax_can.o
    0x08004740   0x08004740   0x0000002c   Code   RO          848    i.CAN1_SE_IRQHandler  ax_can.o
    0x0800476c   0x0800476c   0x000001c4   Code   RO         1093    i.Colourful_Wheel   ax_ws2812.o
    0x08004930   0x08004930   0x00000002   Code   RO          130    i.DebugMon_Handler  at32f415_int.o
    0x08004932   0x08004932   0x00000004   Code   RO          131    i.HardFault_Handler  at32f415_int.o
    0x08004936   0x08004936   0x00000002   Code   RO          132    i.I2C1_ERR_IRQHandler  at32f415_int.o
    0x08004938   0x08004938   0x00000002   Code   RO          133    i.I2C1_EVT_IRQHandler  at32f415_int.o
    0x0800493a   0x0800493a   0x00000004   Code   RO          134    i.MemManage_Handler  at32f415_int.o
    0x0800493e   0x0800493e   0x00000002   Code   RO          135    i.NMI_Handler       at32f415_int.o
    0x08004940   0x08004940   0x00000034   Code   RO         5668    i.SysTick_Handler   port.o
    0x08004974   0x08004974   0x0000009c   Code   RO         4695    i.SystemInit        system_at32f415.o
    0x08004a10   0x08004a10   0x00000150   Code   RO          312    i.USART1_IRQHandler  ax_uart.o
    0x08004b60   0x08004b60   0x00000134   Code   RO          313    i.USART2_IRQHandler  ax_uart.o
    0x08004c94   0x08004c94   0x00000004   Code   RO          136    i.UsageFault_Handler  at32f415_int.o
    0x08004c98   0x08004c98   0x00000004   Code   RO         1358    i._sys_exit         at32f415_board.o
    0x08004c9c   0x08004c9c   0x00000024   Code   RO          314    i.andriod_pwr_ctrl  ax_uart.o
    0x08004cc0   0x08004cc0   0x00000038   Code   RO          849    i.can_alive_struct_init  ax_can.o
    0x08004cf8   0x08004cf8   0x000000bc   Code   RO         1689    i.can_base_init     at32f415_can.o
    0x08004db4   0x08004db4   0x00000092   Code   RO         1691    i.can_baudrate_set  at32f415_can.o
    0x08004e46   0x08004e46   0x00000002   PAD
    0x08004e48   0x08004e48   0x000000d0   Code   RO          850    i.can_configuration  ax_can.o
    0x08004f18   0x08004f18   0x00000012   Code   RO         1693    i.can_default_para_init  at32f415_can.o
    0x08004f2a   0x08004f2a   0x00000164   Code   RO         1698    i.can_filter_init   at32f415_can.o
    0x0800508e   0x0800508e   0x00000002   PAD
    0x08005090   0x08005090   0x0000007c   Code   RO         1699    i.can_flag_clear    at32f415_can.o
    0x0800510c   0x0800510c   0x000000f0   Code   RO         1700    i.can_flag_get      at32f415_can.o
    0x080051fc   0x080051fc   0x00000074   Code   RO          851    i.can_gpio_config   ax_can.o
    0x08005270   0x08005270   0x00000012   Code   RO         1701    i.can_interrupt_enable  at32f415_can.o
    0x08005282   0x08005282   0x000000f0   Code   RO         1702    i.can_message_receive  at32f415_can.o
    0x08005372   0x08005372   0x00000138   Code   RO         1703    i.can_message_transmit  at32f415_can.o
    0x080054aa   0x080054aa   0x0000001a   Code   RO         1706    i.can_receive_fifo_release  at32f415_can.o
    0x080054c4   0x080054c4   0x00000258   Code   RO          852    i.can_rx_task_function  ax_can.o
    0x0800571c   0x0800571c   0x00000080   Code   RO          853    i.can_transmit_ctrl_data  ax_can.o
    0x0800579c   0x0800579c   0x0000006c   Code   RO         1711    i.can_transmit_status_get  at32f415_can.o
    0x08005808   0x08005808   0x00000020   Code   RO          854    i.can_tx_task_function  ax_can.o
    0x08005828   0x08005828   0x00000020   Code   RO          855    i.canbus_open       ax_can.o
    0x08005848   0x08005848   0x00000054   Code   RO          856    i.canbus_sw_config  ax_can.o
    0x0800589c   0x0800589c   0x00000020   Code   RO          315    i.car_acc_ctrl      ax_uart.o
    0x080058bc   0x080058bc   0x00000060   Code   RO          316    i.check_ctrl_sw_cmd  ax_uart.o
    0x0800591c   0x0800591c   0x00000040   Code   RO          318    i.check_version     ax_uart.o
    0x0800595c   0x0800595c   0x00000038   Code   RO         1257    i.crc16_modbus      ax_common.o
    0x08005994   0x08005994   0x00000008   Code   RO         1258    i.crc8_rcc          ax_common.o
    0x0800599c   0x0800599c   0x00000014   Code   RO         1990    i.crm_ahb_div_set   at32f415_crm.o
    0x080059b0   0x080059b0   0x00000014   Code   RO         1991    i.crm_apb1_div_set  at32f415_crm.o
    0x080059c4   0x080059c4   0x00000014   Code   RO         1992    i.crm_apb2_div_set  at32f415_crm.o
    0x080059d8   0x080059d8   0x00000060   Code   RO         1998    i.crm_clock_source_enable  at32f415_crm.o
    0x08005a38   0x08005a38   0x000001ac   Code   RO         1999    i.crm_clocks_freq_get  at32f415_crm.o
    0x08005be4   0x08005be4   0x000000d4   Code   RO         2002    i.crm_flag_clear    at32f415_crm.o
    0x08005cb8   0x08005cb8   0x00000030   Code   RO         2003    i.crm_flag_get      at32f415_crm.o
    0x08005ce8   0x08005ce8   0x0000002e   Code   RO         2005    i.crm_hext_stable_wait  at32f415_crm.o
    0x08005d16   0x08005d16   0x00000002   PAD
    0x08005d18   0x08005d18   0x00000044   Code   RO         2013    i.crm_periph_clock_enable  at32f415_crm.o
    0x08005d5c   0x08005d5c   0x00000108   Code   RO         2016    i.crm_pll_config    at32f415_crm.o
    0x08005e64   0x08005e64   0x00000064   Code   RO         2018    i.crm_reset         at32f415_crm.o
    0x08005ec8   0x08005ec8   0x00000014   Code   RO         2019    i.crm_sysclk_switch  at32f415_crm.o
    0x08005edc   0x08005edc   0x00000010   Code   RO         2020    i.crm_sysclk_switch_status_get  at32f415_crm.o
    0x08005eec   0x08005eec   0x000000c8   Code   RO          319    i.device_ctrl_pins_init  ax_uart.o
    0x08005fb4   0x08005fb4   0x0000000c   Code   RO         2746    i.flash_flag_clear  at32f415_flash.o
    0x08005fc0   0x08005fc0   0x00000038   Code   RO         2748    i.flash_halfword_program  at32f415_flash.o
    0x08005ff8   0x08005ff8   0x00000014   Code   RO         2751    i.flash_lock        at32f415_flash.o
    0x0800600c   0x0800600c   0x00000034   Code   RO         2752    i.flash_operation_status_get  at32f415_flash.o
    0x08006040   0x08006040   0x00000024   Code   RO         2753    i.flash_operation_wait_for  at32f415_flash.o
    0x08006064   0x08006064   0x00000018   Code   RO         1297    i.flash_read_u8     ax_flash.o
    0x0800607c   0x0800607c   0x00000040   Code   RO         2754    i.flash_sector_erase  at32f415_flash.o
    0x080060bc   0x080060bc   0x00000018   Code   RO         2763    i.flash_unlock      at32f415_flash.o
    0x080060d4   0x080060d4   0x00000068   Code   RO         1094    i.getDiyLED         ax_ws2812.o
    0x0800613c   0x0800613c   0x0000001e   Code   RO          857    i.getSumCrc         ax_can.o
    0x0800615a   0x0800615a   0x00000004   Code   RO         2951    i.gpio_bits_reset   at32f415_gpio.o
    0x0800615e   0x0800615e   0x00000004   Code   RO         2952    i.gpio_bits_set     at32f415_gpio.o
    0x08006162   0x08006162   0x00000016   Code   RO         2954    i.gpio_default_para_init  at32f415_gpio.o
    0x08006178   0x08006178   0x000000a8   Code   RO         2958    i.gpio_init         at32f415_gpio.o
    0x08006220   0x08006220   0x0000004c   Code   RO         2964    i.gpio_pin_remap_config  at32f415_gpio.o
    0x0800626c   0x0800626c   0x00000090   Code   RO          320    i.ihawk_ctrl        ax_uart.o
    0x080062fc   0x080062fc   0x0000009e   Code   RO          321    i.ihawk_ctrl_tm     ax_uart.o
    0x0800639a   0x0800639a   0x00000002   PAD
    0x0800639c   0x0800639c   0x00000030   Code   RO          322    i.ihawk_lower_ctrl  ax_uart.o
    0x080063cc   0x080063cc   0x00000030   Code   RO          323    i.ihawk_upper_ctrl  ax_uart.o
    0x080063fc   0x080063fc   0x0000001c   Code   RO         1095    i.initColor         ax_ws2812.o
    0x08006418   0x08006418   0x000000c0   Code   RO          324    i.init_can_msg      ax_uart.o
    0x080064d8   0x080064d8   0x0000007c   Code   RO          325    i.init_uart_data    ax_uart.o
    0x08006554   0x08006554   0x00000034   Code   RO          198    i.iwdg_Config       main.o
    0x08006588   0x08006588   0x00000020   Code   RO          199    i.led2_task_function  main.o
    0x080065a8   0x080065a8   0x00000088   Code   RO         1096    i.ledUpdate         ax_ws2812.o
    0x08006630   0x08006630   0x00000220   Code   RO          200    i.main              main.o
    0x08006850   0x08006850   0x000000c8   Code   RO         3270    i.nvic_irq_enable   at32f415_misc.o
    0x08006918   0x08006918   0x00000028   Code   RO         3272    i.nvic_priority_group_config  at32f415_misc.o
    0x08006940   0x08006940   0x0000002c   Code   RO         3273    i.nvic_system_reset  at32f415_misc.o
    0x0800696c   0x0800696c   0x00000014   Code   RO         3274    i.nvic_vector_table_set  at32f415_misc.o
    0x08006980   0x08006980   0x0000002c   Code   RO          326    i.open_device_pwr   ax_uart.o
    0x080069ac   0x080069ac   0x00000040   Code   RO          327    i.packageUpdateFwMsg  ax_uart.o
    0x080069ec   0x080069ec   0x00000048   Code   RO          328    i.packageUpdateFwMsg1  ax_uart.o
    0x08006a34   0x08006a34   0x00000058   Code   RO          329    i.parse_at32_ctrl_acc_cmd  ax_uart.o
    0x08006a8c   0x08006a8c   0x00000028   Code   RO          330    i.parse_at32_ctrl_gate_24_cmd  ax_uart.o
    0x08006ab4   0x08006ab4   0x00000090   Code   RO          331    i.parse_at32_ctrl_leds_cmd  ax_uart.o
    0x08006b44   0x08006b44   0x00000058   Code   RO          332    i.parse_at32_ctrl_sw_cmd  ax_uart.o
    0x08006b9c   0x08006b9c   0x00000060   Code   RO          333    i.parse_at32_ctrl_usbhub_cmd  ax_uart.o
    0x08006bfc   0x08006bfc   0x0000007c   Code   RO          334    i.parse_at32_diy2_led_cmd  ax_uart.o
    0x08006c78   0x08006c78   0x0000007c   Code   RO          335    i.parse_at32_diy_led_cmd  ax_uart.o
    0x08006cf4   0x08006cf4   0x00000068   Code   RO          336    i.parse_at32_get_ver_cmd  ax_uart.o
    0x08006d5c   0x08006d5c   0x00000030   Code   RO          337    i.parse_at32_reboot_cmd  ax_uart.o
    0x08006d8c   0x08006d8c   0x00000058   Code   RO          338    i.parse_at32_reset_andriod  ax_uart.o
    0x08006de4   0x08006de4   0x00000028   Code   RO          339    i.parse_ctrl_andriod  ax_uart.o
    0x08006e0c   0x08006e0c   0x0000003c   Code   RO          340    i.parse_ctrl_andriod_tm  ax_uart.o
    0x08006e48   0x08006e48   0x0000002c   Code   RO          860    i.parse_fb_gate_msg  ax_can.o
    0x08006e74   0x08006e74   0x00000170   Code   RO          345    i.parse_fw_data_msg  ax_uart.o
    0x08006fe4   0x08006fe4   0x00000070   Code   RO          861    i.parse_gate_sts    ax_can.o
    0x08007054   0x08007054   0x0000008c   Code   RO          346    i.parse_get_app_flag_msg  ax_uart.o
    0x080070e0   0x080070e0   0x00000030   Code   RO          862    i.parse_heartbeat_fb_msg  ax_can.o
    0x08007110   0x08007110   0x00000098   Code   RO          863    i.parse_reboot_fb_msg  ax_can.o
    0x080071a8   0x080071a8   0x00000054   Code   RO          351    i.parse_reset_andriod  ax_uart.o
    0x080071fc   0x080071fc   0x00000054   Code   RO          864    i.parse_reset_sensor_fb_msg  ax_can.o
    0x08007250   0x08007250   0x00000118   Code   RO          354    i.parse_send_fw_info_msg  ax_uart.o
    0x08007368   0x08007368   0x0000011c   Code   RO          355    i.parse_send_start_update_signal  ax_uart.o
    0x08007484   0x08007484   0x000000e4   Code   RO          865    i.parse_set_tray_ws2812_fb_msg  ax_can.o
    0x08007568   0x08007568   0x00000060   Code   RO          866    i.parse_set_ws2812_fb_msg  ax_can.o
    0x080075c8   0x080075c8   0x000000c0   Code   RO          867    i.parse_sync_fw_fb_msg  ax_can.o
    0x08007688   0x08007688   0x00000194   Code   RO          868    i.parse_uid_fb_msg  ax_can.o
    0x0800781c   0x0800781c   0x0000007c   Code   RO          356    i.parse_update_abort_msg  ax_uart.o
    0x08007898   0x08007898   0x000000d0   Code   RO          357    i.parse_update_end_msg  ax_uart.o
    0x08007968   0x08007968   0x000000a8   Code   RO          869    i.parse_version_fb_msg  ax_can.o
    0x08007a10   0x08007a10   0x00000098   Code   RO         5172    i.prvAddCurrentTaskToDelayedList  tasks.o
    0x08007aa8   0x08007aa8   0x000000b4   Code   RO         5173    i.prvAddNewTaskToReadyList  tasks.o
    0x08007b5c   0x08007b5c   0x0000004c   Code   RO         5473    i.prvCheckForValidListAndQueue  timers.o
    0x08007ba8   0x08007ba8   0x00000048   Code   RO         5174    i.prvCheckTasksWaitingTermination  tasks.o
    0x08007bf0   0x08007bf0   0x0000002a   Code   RO         4891    i.prvCopyDataFromQueue  queue.o
    0x08007c1a   0x08007c1a   0x0000006a   Code   RO         4892    i.prvCopyDataToQueue  queue.o
    0x08007c84   0x08007c84   0x00000012   Code   RO         5175    i.prvDeleteTCB      tasks.o
    0x08007c96   0x08007c96   0x00000002   PAD
    0x08007c98   0x08007c98   0x00000028   Code   RO         5474    i.prvGetNextExpireTime  timers.o
    0x08007cc0   0x08007cc0   0x0000007c   Code   RO         5612    i.prvHeapInit       heap_4.o
    0x08007d3c   0x08007d3c   0x00000028   Code   RO         5176    i.prvIdleTask       tasks.o
    0x08007d64   0x08007d64   0x00000026   Code   RO         4893    i.prvInitialiseNewQueue  queue.o
    0x08007d8a   0x08007d8a   0x000000ae   Code   RO         5177    i.prvInitialiseNewTask  tasks.o
    0x08007e38   0x08007e38   0x0000005a   Code   RO         5475    i.prvInitialiseNewTimer  timers.o
    0x08007e92   0x08007e92   0x00000002   PAD
    0x08007e94   0x08007e94   0x00000068   Code   RO         5178    i.prvInitialiseTaskLists  tasks.o
    0x08007efc   0x08007efc   0x00000068   Code   RO         5613    i.prvInsertBlockIntoFreeList  heap_4.o
    0x08007f64   0x08007f64   0x00000058   Code   RO         5476    i.prvInsertTimerInActiveList  timers.o
    0x08007fbc   0x08007fbc   0x0000001a   Code   RO         4894    i.prvIsQueueEmpty   queue.o
    0x08007fd6   0x08007fd6   0x0000001e   Code   RO         4895    i.prvIsQueueFull    queue.o
    0x08007ff4   0x08007ff4   0x00000074   Code   RO         5477    i.prvProcessExpiredTimer  timers.o
    0x08008068   0x08008068   0x00000138   Code   RO         5478    i.prvProcessReceivedCommands  timers.o
    0x080081a0   0x080081a0   0x00000074   Code   RO         5479    i.prvProcessTimerOrBlockTask  timers.o
    0x08008214   0x08008214   0x00000030   Code   RO         5179    i.prvResetNextTaskUnblockTime  tasks.o
    0x08008244   0x08008244   0x0000002c   Code   RO         5480    i.prvSampleTimeNow  timers.o
    0x08008270   0x08008270   0x000000a4   Code   RO         5481    i.prvSwitchTimerLists  timers.o
    0x08008314   0x08008314   0x00000040   Code   RO         5669    i.prvTaskExitError  port.o
    0x08008354   0x08008354   0x0000001a   Code   RO         5482    i.prvTimerTask      timers.o
    0x0800836e   0x0800836e   0x0000007e   Code   RO         4896    i.prvUnlockQueue    queue.o
    0x080083ec   0x080083ec   0x0000016c   Code   RO         5614    i.pvPortMalloc      heap_4.o
    0x08008558   0x08008558   0x00000024   Code   RO         5670    i.pxPortInitialiseStack  port.o
    0x0800857c   0x0800857c   0x00000060   Code   RO         1097    i.rainbowCycle      ax_ws2812.o
    0x080085dc   0x080085dc   0x0000009c   Code   RO         1098    i.rgb_SetColor      ax_ws2812.o
    0x08008678   0x08008678   0x00000080   Code   RO         1099    i.sendLED           ax_ws2812.o
    0x080086f8   0x080086f8   0x000000a0   Code   RO          358    i.send_2_uart2      ax_uart.o
    0x08008798   0x08008798   0x000000cc   Code   RO          359    i.send_andriod_fb   ax_uart.o
    0x08008864   0x08008864   0x000000a8   Code   RO          360    i.send_ctrl_acc_fb  ax_uart.o
    0x0800890c   0x0800890c   0x000000a8   Code   RO          361    i.send_ctrl_andriod_fb  ax_uart.o
    0x080089b4   0x080089b4   0x000000d4   Code   RO          362    i.send_ctrl_diy2_leds_fb  ax_uart.o
    0x08008a88   0x08008a88   0x000000d4   Code   RO          363    i.send_ctrl_diy_leds_fb  ax_uart.o
    0x08008b5c   0x08008b5c   0x000000b0   Code   RO          364    i.send_ctrl_gate_fb  ax_uart.o
    0x08008c0c   0x08008c0c   0x000000c0   Code   RO          365    i.send_ctrl_ihawk_fb  ax_uart.o
    0x08008ccc   0x08008ccc   0x000000b0   Code   RO          366    i.send_ctrl_leds_fb  ax_uart.o
    0x08008d7c   0x08008d7c   0x000000a8   Code   RO          367    i.send_ctrl_switch_fb  ax_uart.o
    0x08008e24   0x08008e24   0x000000a8   Code   RO          369    i.send_ctrl_usbhub_fb  ax_uart.o
    0x08008ecc   0x08008ecc   0x00000028   Code   RO          870    i.send_gate_ctrl_msg  ax_can.o
    0x08008ef4   0x08008ef4   0x000000d8   Code   RO          371    i.send_ihawk_sts_fb  ax_uart.o
    0x08008fcc   0x08008fcc   0x000000cc   Code   RO          372    i.send_own2_version  ax_uart.o
    0x08009098   0x08009098   0x000000a4   Code   RO          373    i.send_own_version  ax_uart.o
    0x0800913c   0x0800913c   0x0000009c   Code   RO          374    i.send_reboot2_fb   ax_uart.o
    0x080091d8   0x080091d8   0x000000f4   Code   RO          376    i.send_status       ax_uart.o
    0x080092cc   0x080092cc   0x000000d8   Code   RO          378    i.send_version      ax_uart.o
    0x080093a4   0x080093a4   0x000000d0   Code   RO         1100    i.setBreath_2s      ax_ws2812.o
    0x08009474   0x08009474   0x000000d0   Code   RO         1101    i.setBreath_4s      ax_ws2812.o
    0x08009544   0x08009544   0x000002fc   Code   RO         1102    i.setDiy2Show       ax_ws2812.o
    0x08009840   0x08009840   0x00000128   Code   RO         1103    i.setDiyShow        ax_ws2812.o
    0x08009968   0x08009968   0x0000002e   Code   RO         1104    i.setDoubleFlashMode  ax_ws2812.o
    0x08009996   0x08009996   0x00000002   PAD
    0x08009998   0x08009998   0x00000030   Code   RO         1107    i.setDoubleFlash_1Hz_Mode  ax_ws2812.o
    0x080099c8   0x080099c8   0x00000044   Code   RO         1108    i.setDoubleFlash_2Hz_Mode  ax_ws2812.o
    0x08009a0c   0x08009a0c   0x00000030   Code   RO         1110    i.setNormalMode     ax_ws2812.o
    0x08009a3c   0x08009a3c   0x00000044   Code   RO         1111    i.setNormalRedMode  ax_ws2812.o
    0x08009a80   0x08009a80   0x00000040   Code   RO         1112    i.setOffMode        ax_ws2812.o
    0x08009ac0   0x08009ac0   0x00000048   Code   RO         1048    i.spi2_config       ax_spi.o
    0x08009b08   0x08009b08   0x00000040   Code   RO         1049    i.spi2_gpio_cfg     ax_spi.o
    0x08009b48   0x08009b48   0x00000020   Code   RO         1050    i.spi2_send_byte    ax_spi.o
    0x08009b68   0x08009b68   0x0000001a   Code   RO         1051    i.spi2_send_bytes   ax_spi.o
    0x08009b82   0x08009b82   0x00000016   Code   RO         3611    i.spi_default_para_init  at32f415_spi.o
    0x08009b98   0x08009b98   0x0000000a   Code   RO         3612    i.spi_enable        at32f415_spi.o
    0x08009ba2   0x08009ba2   0x00000004   Code   RO         3617    i.spi_i2s_data_transmit  at32f415_spi.o
    0x08009ba6   0x08009ba6   0x00000010   Code   RO         3621    i.spi_i2s_flag_get  at32f415_spi.o
    0x08009bb6   0x08009bb6   0x00000124   Code   RO         3624    i.spi_init          at32f415_spi.o
    0x08009cda   0x08009cda   0x00000002   PAD
    0x08009cdc   0x08009cdc   0x00000020   Code   RO          379    i.switch_pwr_ctrl   ax_uart.o
    0x08009cfc   0x08009cfc   0x00000068   Code   RO            4    i.system_clock_config  at32f415_clock.o
    0x08009d64   0x08009d64   0x00000154   Code   RO         4696    i.system_core_clock_update  system_at32f415.o
    0x08009eb8   0x08009eb8   0x00000014   Code   RO          384    i.toggle_led_stat   ax_uart.o
    0x08009ecc   0x08009ecc   0x00000268   Code   RO          385    i.usart1_rx_task_function  ax_uart.o
    0x0800a134   0x0800a134   0x000000f0   Code   RO          386    i.usart1_tx_task_function  ax_uart.o
    0x0800a224   0x0800a224   0x0000021c   Code   RO          387    i.usart2_rx_task_function  ax_uart.o
    0x0800a440   0x0800a440   0x00000008   Code   RO         4111    i.usart_data_receive  at32f415_usart.o
    0x0800a448   0x0800a448   0x00000008   Code   RO         4112    i.usart_data_transmit  at32f415_usart.o
    0x0800a450   0x0800a450   0x0000000a   Code   RO         4115    i.usart_enable      at32f415_usart.o
    0x0800a45a   0x0800a45a   0x00000012   Code   RO         4116    i.usart_flag_clear  at32f415_usart.o
    0x0800a46c   0x0800a46c   0x00000010   Code   RO         4117    i.usart_flag_get    at32f415_usart.o
    0x0800a47c   0x0800a47c   0x0000006c   Code   RO         4119    i.usart_init        at32f415_usart.o
    0x0800a4e8   0x0800a4e8   0x00000194   Code   RO          389    i.usart_int_configuration  ax_uart.o
    0x0800a67c   0x0800a67c   0x00000036   Code   RO         4120    i.usart_interrupt_enable  at32f415_usart.o
    0x0800a6b2   0x0800a6b2   0x0000000a   Code   RO         4126    i.usart_receiver_enable  at32f415_usart.o
    0x0800a6bc   0x0800a6bc   0x0000000a   Code   RO         4133    i.usart_transmitter_enable  at32f415_usart.o
    0x0800a6c6   0x0800a6c6   0x00000002   PAD
    0x0800a6c8   0x0800a6c8   0x00000020   Code   RO          390    i.usbhub_ctrl       ax_uart.o
    0x0800a6e8   0x0800a6e8   0x00000028   Code   RO         4850    i.uxListRemove      list.o
    0x0800a710   0x0800a710   0x0000001a   Code   RO         4851    i.vListInitialise   list.o
    0x0800a72a   0x0800a72a   0x00000006   Code   RO         4852    i.vListInitialiseItem  list.o
    0x0800a730   0x0800a730   0x00000034   Code   RO         4853    i.vListInsert       list.o
    0x0800a764   0x0800a764   0x00000018   Code   RO         4854    i.vListInsertEnd    list.o
    0x0800a77c   0x0800a77c   0x00000054   Code   RO         5672    i.vPortEnterCritical  port.o
    0x0800a7d0   0x0800a7d0   0x0000003c   Code   RO         5673    i.vPortExitCritical  port.o
    0x0800a80c   0x0800a80c   0x000000a4   Code   RO         5615    i.vPortFree         heap_4.o
    0x0800a8b0   0x0800a8b0   0x00000028   Code   RO         5674    i.vPortSetupTimerInterrupt  port.o
    0x0800a8d8   0x0800a8d8   0x00000078   Code   RO         5675    i.vPortValidateInterruptPriority  port.o
    0x0800a950   0x0800a950   0x0000004a   Code   RO         4901    i.vQueueWaitForMessageRestricted  queue.o
    0x0800a99a   0x0800a99a   0x00000002   PAD
    0x0800a99c   0x0800a99c   0x0000005c   Code   RO         5187    i.vTaskDelay        tasks.o
    0x0800a9f8   0x0800a9f8   0x00000018   Code   RO         5191    i.vTaskInternalSetTimeOutState  tasks.o
    0x0800aa10   0x0800aa10   0x0000000c   Code   RO         5192    i.vTaskMissedYield  tasks.o
    0x0800aa1c   0x0800aa1c   0x00000038   Code   RO         5193    i.vTaskPlaceOnEventList  tasks.o
    0x0800aa54   0x0800aa54   0x00000040   Code   RO         5194    i.vTaskPlaceOnEventListRestricted  tasks.o
    0x0800aa94   0x0800aa94   0x0000009c   Code   RO         5200    i.vTaskStartScheduler  tasks.o
    0x0800ab30   0x0800ab30   0x00000010   Code   RO         5202    i.vTaskSuspendAll   tasks.o
    0x0800ab40   0x0800ab40   0x0000008c   Code   RO         5203    i.vTaskSwitchContext  tasks.o
    0x0800abcc   0x0800abcc   0x00000080   Code   RO          391    i.vTimerCallback    ax_uart.o
    0x0800ac4c   0x0800ac4c   0x00000010   Code   RO         4575    i.wdt_counter_reload  at32f415_wdt.o
    0x0800ac5c   0x0800ac5c   0x00000014   Code   RO         4576    i.wdt_divider_set   at32f415_wdt.o
    0x0800ac70   0x0800ac70   0x00000010   Code   RO         4577    i.wdt_enable        at32f415_wdt.o
    0x0800ac80   0x0800ac80   0x00000018   Code   RO         4579    i.wdt_register_write_enable  at32f415_wdt.o
    0x0800ac98   0x0800ac98   0x0000000c   Code   RO         4580    i.wdt_reload_value_set  at32f415_wdt.o
    0x0800aca4   0x0800aca4   0x0000007c   Code   RO         1300    i.write2flash       ax_flash.o
    0x0800ad20   0x0800ad20   0x00000010   Code   RO         1114    i.ws2812Init        ax_ws2812.o
    0x0800ad30   0x0800ad30   0x00000028   Code   RO         1115    i.ws2812_task_function  ax_ws2812.o
    0x0800ad58   0x0800ad58   0x00000028   Code   RO          201    i.wtdg_task_function  main.o
    0x0800ad80   0x0800ad80   0x000000f8   Code   RO         5676    i.xPortStartScheduler  port.o
    0x0800ae78   0x0800ae78   0x000000a2   Code   RO         4902    i.xQueueGenericCreate  queue.o
    0x0800af1a   0x0800af1a   0x00000002   PAD
    0x0800af1c   0x0800af1c   0x00000098   Code   RO         4903    i.xQueueGenericReset  queue.o
    0x0800afb4   0x0800afb4   0x000001a8   Code   RO         4904    i.xQueueGenericSend  queue.o
    0x0800b15c   0x0800b15c   0x00000120   Code   RO         4905    i.xQueueGenericSendFromISR  queue.o
    0x0800b27c   0x0800b27c   0x00000168   Code   RO         4911    i.xQueueReceive     queue.o
    0x0800b3e4   0x0800b3e4   0x00000090   Code   RO         5205    i.xTaskCheckForTimeOut  tasks.o
    0x0800b474   0x0800b474   0x00000060   Code   RO         5206    i.xTaskCreate       tasks.o
    0x0800b4d4   0x0800b4d4   0x00000020   Code   RO         5213    i.xTaskGetSchedulerState  tasks.o
    0x0800b4f4   0x0800b4f4   0x0000000c   Code   RO         5214    i.xTaskGetTickCount  tasks.o
    0x0800b500   0x0800b500   0x00000148   Code   RO         5216    i.xTaskIncrementTick  tasks.o
    0x0800b648   0x0800b648   0x00000098   Code   RO         5217    i.xTaskRemoveFromEventList  tasks.o
    0x0800b6e0   0x0800b6e0   0x00000104   Code   RO         5218    i.xTaskResumeAll    tasks.o
    0x0800b7e4   0x0800b7e4   0x00000036   Code   RO         5487    i.xTimerCreate      timers.o
    0x0800b81a   0x0800b81a   0x00000002   PAD
    0x0800b81c   0x0800b81c   0x00000058   Code   RO         5488    i.xTimerCreateTimerTask  timers.o
    0x0800b874   0x0800b874   0x00000084   Code   RO         5489    i.xTimerGenericCommand  timers.o
    0x0800b8f8   0x0800b8f8   0x0000003a   Code   RO         5493    i.xTimerIsTimerActive  timers.o
    0x0800b932   0x0800b932   0x00000002   PAD
    0x0800b934   0x0800b934   0x000002b0   Code   RO         5765    x$fpl$ddiv          fz_ws.l(ddiv.o)
    0x0800bbe4   0x0800bbe4   0x0000005a   Code   RO         5768    x$fpl$dfixu         fz_ws.l(dfixu.o)
    0x0800bc3e   0x0800bc3e   0x0000002e   Code   RO         5773    x$fpl$dflt          fz_ws.l(dflt_clz.o)
    0x0800bc6c   0x0800bc6c   0x00000026   Code   RO         5772    x$fpl$dfltu         fz_ws.l(dflt_clz.o)
    0x0800bc92   0x0800bc92   0x00000002   PAD
    0x0800bc94   0x0800bc94   0x00000154   Code   RO         5778    x$fpl$dmul          fz_ws.l(dmul.o)
    0x0800bde8   0x0800bde8   0x0000009c   Code   RO         5801    x$fpl$dnaninf       fz_ws.l(dnaninf.o)
    0x0800be84   0x0800be84   0x0000000c   Code   RO         5803    x$fpl$dretinf       fz_ws.l(dretinf.o)
    0x0800be90   0x0800be90   0x0000003e   Code   RO         5780    x$fpl$ffixu         fz_ws.l(ffixu.o)
    0x0800bece   0x0800bece   0x00000002   PAD
    0x0800bed0   0x0800bed0   0x00000026   Code   RO         5784    x$fpl$ffltu         fz_ws.l(fflt_clz.o)
    0x0800bef6   0x0800bef6   0x00000002   PAD
    0x0800bef8   0x0800bef8   0x00000102   Code   RO         5790    x$fpl$fmul          fz_ws.l(fmul.o)
    0x0800bffa   0x0800bffa   0x0000008c   Code   RO         5805    x$fpl$fnaninf       fz_ws.l(fnaninf.o)
    0x0800c086   0x0800c086   0x0000000a   Code   RO         5807    x$fpl$fretinf       fz_ws.l(fretinf.o)
    0x0800c090   0x0800c090   0x00000000   Code   RO         5809    x$fpl$usenofp       fz_ws.l(usenofp.o)
    0x0800c090   0x0800c090   0x00000330   Data   RO         1117    .constdata          ax_ws2812.o
    0x0800c3c0   0x0800c3c0   0x00000028   Data   RO         2024    .constdata          at32f415_crm.o
    0x0800c3e8   0x0800c3e8   0x00000010   Data   RO         4697    .constdata          system_at32f415.o
    0x0800c3f8   0x0800c3f8   0x00000025   Data   RO          393    .conststring        ax_uart.o
    0x0800c41d   0x0800c41d   0x00000003   PAD
    0x0800c420   0x0800c420   0x00000020   Data   RO         5962    Region$$Table       anon$$obj.o


    Execution Region RW_IRAM1 (Exec base: 0x20000000, Load base: 0x0800c440, Size: 0x00007ae8, Max: 0x00008000, ABSOLUTE, COMPRESSED[0x00000064])

    Exec Addr    Load Addr    Size         Type   Attr      Idx    E Section Name        Object

    0x20000000   COMPRESSED   0x00000028   Data   RW          202    .data               main.o
    0x20000028   COMPRESSED   0x0000001a   Data   RW          394    .data               ax_uart.o
    0x20000042   COMPRESSED   0x00000002   PAD
    0x20000044   COMPRESSED   0x00000012   Data   RW          874    .data               ax_can.o
    0x20000056   COMPRESSED   0x00000002   PAD
    0x20000058   COMPRESSED   0x00000054   Data   RW         1052    .data               ax_spi.o
    0x200000ac   COMPRESSED   0x00000570   Data   RW         1118    .data               ax_ws2812.o
    0x2000061c   COMPRESSED   0x00000021   Data   RW         1260    .data               ax_common.o
    0x2000063d   COMPRESSED   0x00000003   PAD
    0x20000640   COMPRESSED   0x00000004   Data   RW         4698    .data               system_at32f415.o
    0x20000644   COMPRESSED   0x00000044   Data   RW         5221    .data               tasks.o
    0x20000688   COMPRESSED   0x00000018   Data   RW         5495    .data               timers.o
    0x200006a0   COMPRESSED   0x00000024   Data   RW         5621    .data               heap_4.o
    0x200006c4   COMPRESSED   0x00000010   Data   RW         5677    .data               port.o
    0x200006d4        -       0x00000c50   Zero   RW          392    .bss                ax_uart.o
    0x20001324        -       0x000000c5   Zero   RW          873    .bss                ax_can.o
    0x200013e9        -       0x0000054e   Zero   RW         1116    .bss                ax_ws2812.o
    0x20001937   COMPRESSED   0x00000001   PAD
    0x20001938        -       0x00000204   Zero   RW         1259    .bss                ax_common.o
    0x20001b3c        -       0x00000820   Zero   RW         1301    .bss                ax_flash.o
    0x2000235c        -       0x00000104   Zero   RW         5220    .bss                tasks.o
    0x20002460        -       0x00000028   Zero   RW         5494    .bss                timers.o
    0x20002488        -       0x00005000   Zero   RW         5620    .bss                heap_4.o
    0x20007488        -       0x00000060   Zero   RW         5842    .bss                c_w.l(libspace.o)
    0x200074e8        -       0x00000200   Zero   RW         4730    HEAP                startup_at32f415.o
    0x200076e8        -       0x00000400   Zero   RW         4729    STACK               startup_at32f415.o


==============================================================================

Image component sizes


      Code (inc. data)   RO Data    RW Data    ZI Data      Debug   Object Name

         4          0          0          0          0        548   at32f415_board.o
      1776         42          0          0          0       8610   at32f415_can.o
       104          4          0          0          0      56654   at32f415_clock.o
      1358        172         40          0          0       9025   at32f415_crm.o
       264         38          0          0          0       4333   at32f415_flash.o
       274          6          0          0          0       3959   at32f415_gpio.o
        24          0          0          0          0       3777   at32f415_int.o
       304         34          0          0          0      33394   at32f415_misc.o
       344          0          0          0          0       3583   at32f415_spi.o
       242          6          0          0          0       6299   at32f415_usart.o
        88         28          0          0          0       2767   at32f415_wdt.o
      3218        250          0         18        197      19447   ax_can.o
        64          0          0         33        516       7274   ax_common.o
       148          0          0          0       2080       3011   ax_flash.o
       194         26          0         84          0       2930   ax_spi.o
      9714        736         37         26       3152      59495   ax_uart.o
      2974        198        816       1392       1358      13629   ax_ws2812.o
         0          0          0          0          0      14032   event_groups.o
       756         74          0         36      20480       5015   heap_4.o
       148          0          0          0          0       3706   list.o
       668        236          0         40          0      21487   main.o
       854         78          0         16          0      11757   port.o
      1828         14          0          0          0      15927   queue.o
        64         26        368          0       1536        936   startup_at32f415.o
       496         42         16          4          0       2464   system_at32f415.o
      2372        340          0         68        260      27882   tasks.o
      1404        108          0         24         40      18152   timers.o

    ----------------------------------------------------------------------
     29712       2458       1312       1748      29620     360093   Object Totals
         0          0         32          0          0          0   (incl. Generated)
        28          0          3          7          1          0   (incl. Padding)

    ----------------------------------------------------------------------

      Code (inc. data)   RO Data    RW Data    ZI Data      Debug   Library Member Name

        90          0          0          0          0          0   __dczerorl2.o
         8          0          0          0          0         68   __main.o
         0          0          0          0          0          0   __rtentry.o
        12          0          0          0          0          0   __rtentry2.o
         6          0          0          0          0          0   __rtentry4.o
        52          8          0          0          0          0   __scatter.o
        28          0          0          0          0          0   __scatter_zi.o
        18          0          0          0          0         80   exit.o
         6          0          0          0          0        152   heapauxi.o
         2          0          0          0          0          0   libinit.o
         2          0          0          0          0          0   libinit2.o
         2          0          0          0          0          0   libshutdown.o
         2          0          0          0          0          0   libshutdown2.o
         8          4          0          0         96         68   libspace.o
       238          0          0          0          0        100   lludivv7m.o
        78          0          0          0          0         80   rt_memclr_w.o
       138          0          0          0          0         68   rt_memcpy_v6.o
       100          0          0          0          0         80   rt_memcpy_w.o
         2          0          0          0          0          0   rtexit.o
        10          0          0          0          0          0   rtexit2.o
        62          0          0          0          0         76   strlen.o
        74          0          0          0          0         80   sys_stackheap_outer.o
         2          0          0          0          0         68   use_no_semi.o
         2          0          0          0          0         68   use_no_semi_2.o
       688        140          0          0          0        208   ddiv.o
        90          4          0          0          0         92   dfixu.o
        84          0          0          0          0        136   dflt_clz.o
       340         12          0          0          0        104   dmul.o
       156          4          0          0          0         92   dnaninf.o
        12          0          0          0          0         68   dretinf.o
        62          4          0          0          0         84   ffixu.o
        38          0          0          0          0         68   fflt_clz.o
       258          4          0          0          0         84   fmul.o
       140          4          0          0          0         84   fnaninf.o
        10          0          0          0          0         68   fretinf.o
         0          0          0          0          0          0   usenofp.o

    ----------------------------------------------------------------------
      2832        184          0          0         96       2076   Library Totals
        12          0          0          0          0          0   (incl. Padding)

    ----------------------------------------------------------------------

      Code (inc. data)   RO Data    RW Data    ZI Data      Debug   Library Name

       942         12          0          0         96        988   c_w.l
      1878        172          0          0          0       1088   fz_ws.l

    ----------------------------------------------------------------------
      2832        184          0          0         96       2076   Library Totals

    ----------------------------------------------------------------------

==============================================================================


      Code (inc. data)   RO Data    RW Data    ZI Data      Debug   

     32544       2642       1312       1748      29716     348333   Grand Totals
     32544       2642       1312        100      29716     348333   ELF Image Totals (compressed)
     32544       2642       1312        100          0          0   ROM Totals

==============================================================================

    Total RO  Size (Code + RO Data)                33856 (  33.06kB)
    Total RW  Size (RW Data + ZI Data)             31464 (  30.73kB)
    Total ROM Size (Code + RO Data + RW Data)      33956 (  33.16kB)

==============================================================================

