Component: ARM Compiler 5.06 update 6 (build 750) Tool: armlink [4d35ed]

==============================================================================

Section Cross References

    at32f415_clock.o(i.system_clock_config) refers to at32f415_crm.o(i.crm_reset) for crm_reset
    at32f415_clock.o(i.system_clock_config) refers to at32f415_crm.o(i.crm_clock_source_enable) for crm_clock_source_enable
    at32f415_clock.o(i.system_clock_config) refers to at32f415_crm.o(i.crm_hext_stable_wait) for crm_hext_stable_wait
    at32f415_clock.o(i.system_clock_config) refers to at32f415_crm.o(i.crm_pll_config) for crm_pll_config
    at32f415_clock.o(i.system_clock_config) refers to at32f415_crm.o(i.crm_flag_get) for crm_flag_get
    at32f415_clock.o(i.system_clock_config) refers to at32f415_crm.o(i.crm_ahb_div_set) for crm_ahb_div_set
    at32f415_clock.o(i.system_clock_config) refers to at32f415_crm.o(i.crm_apb2_div_set) for crm_apb2_div_set
    at32f415_clock.o(i.system_clock_config) refers to at32f415_crm.o(i.crm_apb1_div_set) for crm_apb1_div_set
    at32f415_clock.o(i.system_clock_config) refers to at32f415_crm.o(i.crm_sysclk_switch) for crm_sysclk_switch
    at32f415_clock.o(i.system_clock_config) refers to at32f415_crm.o(i.crm_sysclk_switch_status_get) for crm_sysclk_switch_status_get
    at32f415_clock.o(i.system_clock_config) refers to system_at32f415.o(i.system_core_clock_update) for system_core_clock_update
    main.o(i.iwdg_Config) refers to at32f415_crm.o(i.crm_flag_get) for crm_flag_get
    main.o(i.iwdg_Config) refers to at32f415_crm.o(i.crm_flag_clear) for crm_flag_clear
    main.o(i.iwdg_Config) refers to at32f415_wdt.o(i.wdt_register_write_enable) for wdt_register_write_enable
    main.o(i.iwdg_Config) refers to at32f415_wdt.o(i.wdt_divider_set) for wdt_divider_set
    main.o(i.iwdg_Config) refers to at32f415_wdt.o(i.wdt_reload_value_set) for wdt_reload_value_set
    main.o(i.iwdg_Config) refers to at32f415_wdt.o(i.wdt_counter_reload) for wdt_counter_reload
    main.o(i.iwdg_Config) refers to at32f415_wdt.o(i.wdt_enable) for wdt_enable
    main.o(i.led2_task_function) refers to ax_uart.o(i.toggle_led_stat) for toggle_led_stat
    main.o(i.led2_task_function) refers to tasks.o(i.vTaskDelay) for vTaskDelay
    main.o(i.led2_task_function) refers to ax_common.o(.data) for taskAliveBits
    main.o(i.main) refers to at32f415_misc.o(i.nvic_vector_table_set) for nvic_vector_table_set
    main.o(i.main) refers to at32f415_misc.o(i.nvic_priority_group_config) for nvic_priority_group_config
    main.o(i.main) refers to at32f415_clock.o(i.system_clock_config) for system_clock_config
    main.o(i.main) refers to ax_flash.o(i.flash_read_u8) for flash_read_u8
    main.o(i.main) refers to ax_uart.o(i.device_ctrl_pins_init) for device_ctrl_pins_init
    main.o(i.main) refers to ax_uart.o(i.open_device_pwr) for open_device_pwr
    main.o(i.main) refers to ax_uart.o(i.init_uart_data) for init_uart_data
    main.o(i.main) refers to ax_uart.o(i.usart_int_configuration) for usart_int_configuration
    main.o(i.main) refers to ax_can.o(i.can_alive_struct_init) for can_alive_struct_init
    main.o(i.main) refers to ax_can.o(i.can_gpio_config) for can_gpio_config
    main.o(i.main) refers to ax_can.o(i.can_configuration) for can_configuration
    main.o(i.main) refers to ax_can.o(i.canbus_open) for canbus_open
    main.o(i.main) refers to ax_ws2812.o(i.ws2812Init) for ws2812Init
    main.o(i.main) refers to port.o(i.vPortEnterCritical) for vPortEnterCritical
    main.o(i.main) refers to tasks.o(i.xTaskCreate) for xTaskCreate
    main.o(i.main) refers to port.o(i.vPortExitCritical) for vPortExitCritical
    main.o(i.main) refers to tasks.o(i.vTaskStartScheduler) for vTaskStartScheduler
    main.o(i.main) refers to ax_flash.o(.bss) for updateFw
    main.o(i.main) refers to ax_common.o(.bss) for uidBuf
    main.o(i.main) refers to main.o(.data) for led2_handler
    main.o(i.main) refers to main.o(i.led2_task_function) for led2_task_function
    main.o(i.main) refers to ax_uart.o(i.usart1_rx_task_function) for usart1_rx_task_function
    main.o(i.main) refers to ax_uart.o(i.usart1_tx_task_function) for usart1_tx_task_function
    main.o(i.main) refers to ax_can.o(i.can_tx_task_function) for can_tx_task_function
    main.o(i.main) refers to ax_can.o(i.can_rx_task_function) for can_rx_task_function
    main.o(i.main) refers to ax_ws2812.o(i.ws2812_task_function) for ws2812_task_function
    main.o(i.main) refers to main.o(i.wtdg_task_function) for wtdg_task_function
    main.o(i.main) refers to ax_uart.o(i.usart2_rx_task_function) for usart2_rx_task_function
    main.o(i.wtdg_task_function) refers to main.o(i.iwdg_Config) for iwdg_Config
    main.o(i.wtdg_task_function) refers to at32f415_wdt.o(i.wdt_counter_reload) for wdt_counter_reload
    main.o(i.wtdg_task_function) refers to tasks.o(i.vTaskDelay) for vTaskDelay
    main.o(i.wtdg_task_function) refers to ax_common.o(.data) for taskAliveBits
[...]
    x$fpl$fmul                               0x0800a910   Section      258  fmul.o(x$fpl$fmul)
    x$fpl$fnaninf                            0x0800aa12   Section      140  fnaninf.o(x$fpl$fnaninf)
    x$fpl$fretinf                            0x0800aa9e   Section       10  fretinf.o(x$fpl$fretinf)
    .constdata                               0x0800aaa8   Section      816  ax_ws2812.o(.constdata)
    x$fpl$usenofp                            0x0800aaa8   Section        0  usenofp.o(x$fpl$usenofp)
    .constdata                               0x0800add8   Section       40  at32f415_crm.o(.constdata)
    sclk_ahb_div_table                       0x0800add8   Data          16  at32f415_crm.o(.constdata)
    ahb_apb1_div_table                       0x0800ade8   Data           8  at32f415_crm.o(.constdata)
    ahb_apb2_div_table                       0x0800adf0   Data           8  at32f415_crm.o(.constdata)
    adc_div_table                            0x0800adf8   Data           8  at32f415_crm.o(.constdata)
    .constdata                               0x0800ae00   Section       16  system_at32f415.o(.constdata)
    sys_ahb_div_table                        0x0800ae00   Data          16  system_at32f415.o(.constdata)
    .conststring                             0x0800ae10   Section       37  ax_uart.o(.conststring)
    .data                                    0x20000000   Section       40  main.o(.data)
    systemcoreclock                          0x20000000   Data           4  main.o(.data)
    .data                                    0x20000028   Section       18  ax_uart.o(.data)
    systemcoreclock                          0x20000028   Data           4  ax_uart.o(.data)
    diyShowDataSts                           0x20000031   Data           1  ax_uart.o(.data)
    revFlag                                  0x20000038   Data           1  ax_uart.o(.data)
    revFlag2                                 0x20000039   Data           1  ax_uart.o(.data)
    .data                                    0x2000003c   Section       11  ax_can.o(.data)
    systemcoreclock                          0x2000003c   Data           4  ax_can.o(.data)
    fb_tray_ws2812b_sts                      0x20000045   Data           1  ax_can.o(.data)
    tray_ws2812b_cmd_valid                   0x20000046   Data           1  ax_can.o(.data)
    .data                                    0x20000048   Section       84  ax_spi.o(.data)
    systemcoreclock                          0x20000048   Data           4  ax_spi.o(.data)
    .data                                    0x2000009c   Section     1008  ax_ws2812.o(.data)
    systemcoreclock                          0x2000009c   Data           4  ax_ws2812.o(.data)
    led_sin_4s                               0x200000a3   Data           1  ax_ws2812.o(.data)
    led_sin_2s                               0x200000a4   Data           1  ax_ws2812.o(.data)
    j                                        0x2000048a   Data           2  ax_ws2812.o(.data)
    .data                                    0x2000048c   Section       15  ax_common.o(.data)
    systemcoreclock                          0x2000048c   Data           4  ax_common.o(.data)
    .data                                    0x2000049c   Section        4  system_at32f415.o(.data)
    .data                                    0x200004a0   Section       68  tasks.o(.data)
    systemcoreclock                          0x200004a0   Data           4  tasks.o(.data)
    pxDelayedTaskList                        0x200004a8   Data           4  tasks.o(.data)
    pxOverflowDelayedTaskList                0x200004ac   Data           4  tasks.o(.data)
    uxDeletedTasksWaitingCleanUp             0x200004b0   Data           4  tasks.o(.data)
    uxCurrentNumberOfTasks                   0x200004b4   Data           4  tasks.o(.data)
    xTickCount                               0x200004b8   Data           4  tasks.o(.data)
    uxTopReadyPriority                       0x200004bc   Data           4  tasks.o(.data)
    xSchedulerRunning                        0x200004c0   Data           4  tasks.o(.data)
    xPendedTicks                             0x200004c4   Data           4  tasks.o(.data)
    xYieldPending                            0x200004c8   Data           4  tasks.o(.data)
    xNumOfOverflows                          0x200004cc   Data           4  tasks.o(.data)
    uxTaskNumber                             0x200004d0   Data           4  tasks.o(.data)
    xNextTaskUnblockTime                     0x200004d4   Data           4  tasks.o(.data)
    xIdleTaskHandle                          0x200004d8   Data           4  tasks.o(.data)
    uxSchedulerSuspended                     0x200004e0   Data           4  tasks.o(.data)
    .data                                    0x200004e4   Section       36  heap_4.o(.data)
    systemcoreclock                          0x200004e4   Data           4  heap_4.o(.data)
    xStart                                   0x200004e8   Data           8  heap_4.o(.data)
    pxEnd                                    0x200004f0   Data           4  heap_4.o(.data)
    xFreeBytesRemaining                      0x200004f4   Data           4  heap_4.o(.data)
    xMinimumEverFreeBytesRemaining           0x200004f8   Data           4  heap_4.o(.data)
    xNumberOfSuccessfulAllocations           0x200004fc   Data           4  heap_4.o(.data)
    xNumberOfSuccessfulFrees                 0x20000500   Data           4  heap_4.o(.data)
    xBlockAllocatedBit                       0x20000504   Data           4  heap_4.o(.data)
    .data                                    0x20000508   Section       16  port.o(.data)
    systemcoreclock                          0x20000508   Data           4  port.o(.data)
    uxCriticalNesting                        0x2000050c   Data           4  port.o(.data)
    ucMaxSysCallPriority                     0x20000510   Data           1  port.o(.data)
    ulMaxPRIGROUPValue                       0x20000514   Data           4  port.o(.data)
    .bss                                     0x20000518   Section     3196  ax_uart.o(.bss)
    .bss                                     0x20001194   Section      117  ax_can.o(.bss)
    .bss                                     0x20001209   Section      960  ax_ws2812.o(.bss)
    pixelBuffer                              0x20001209   Data         960  ax_ws2812.o(.bss)
    .bss                                     0x200015cc   Section      612  ax_common.o(.bss)
    .bss                                     0x20001830   Section     2080  ax_flash.o(.bss)
    .bss                                     0x20002050   Section      200  tasks.o(.bss)
    pxReadyTasksLists                        0x20002050   Data         100  tasks.o(.bss)
    xDelayedTaskList1                        0x200020b4   Data          20  tasks.o(.bss)
    xDelayedTaskList2                        0x200020c8   Data          20  tasks.o(.bss)
    xPendingReadyList                        0x200020dc   Data          20  tasks.o(.bss)
    xTasksWaitingTermination                 0x200020f0   Data          20  tasks.o(.bss)
    xSuspendedTaskList                       0x20002104   Data          20  tasks.o(.bss)
    .bss                                     0x20002118   Section    16384  heap_4.o(.bss)
    ucHeap                                   0x20002118   Data       16384  heap_4.o(.bss)
    .bss                                     0x20006118   Section       96  libspace.o(.bss)
    HEAP                                     0x20006178   Section      512  startup_at32f415.o(HEAP)
    Heap_Mem                                 0x20006178   Data         512  startup_at32f415.o(HEAP)
    STACK                                    0x20006378   Section     1024  startup_at32f415.o(STACK)
    Stack_Mem                                0x20006378   Data        1024  startup_at32f415.o(STACK)
    __initial_sp                             0x20006778   Data           0  startup_at32f415.o(STACK)

    Global Symbols

    Symbol Name                              Value     Ov Type        Size  Object(Section)

    BuildAttributes$$THM_ISAv4$E$P$D$K$B$S$7EM$PE$A:L22UL41UL21$X:L11$S22US41US21$IEEE1$IW$USESV6$~STKCKD$USESV7$~SHL$OSPACE$ROPI$EBA8$UX$STANDARDLIB$REQ8$PRES8$EABIv2 0x00000000   Number         0  anon$$obj.o ABSOLUTE
    __ARM_use_no_argv                        0x00000000   Number         0  main.o ABSOLUTE
    __ARM_exceptions_init                     - Undefined Weak Reference
    __alloca_initialize                       - Undefined Weak Reference
    __arm_preinit_                            - Undefined Weak Reference
    __cpp_initialize__aeabi_                  - Undefined Weak Reference
    __cxa_finalize                            - Undefined Weak Reference
    __rt_locale                               - Undefined Weak Reference
    __sigvec_lookup                           - Undefined Weak Reference
    _atexit_init                              - Undefined Weak Reference
    _call_atexit_fns                          - Undefined Weak Reference
    _clock_init                               - Undefined Weak Reference
    _fp_trap_init                             - Undefined Weak Reference
    _fp_trap_shutdown                         - Undefined Weak Reference
    _get_lc_collate                           - Undefined Weak Reference
    _get_lc_ctype                             - Undefined Weak Reference
    _get_lc_monetary                          - Undefined Weak Reference
    _get_lc_numeric                           - Undefined Weak Reference
    _get_lc_time                              - Undefined Weak Reference
    _getenv_init                              - Undefined Weak Reference
    _handle_redirection                       - Undefined Weak Reference
    _init_alloc                               - Undefined Weak Reference
    _init_user_alloc                          - Undefined Weak Reference
    _initio                                   - Undefined Weak Reference
    _rand_init                                - Undefined Weak Reference
    _signal_finish                            - Undefined Weak Reference
    _signal_init                              - Undefined Weak Reference
    _terminate_alloc                          - Undefined Weak Reference
    _terminate_user_alloc                     - Undefined Weak Reference
    _terminateio                              - Undefined Weak Reference
    __Vectors_Size                           0x00000170   Number         0  startup_at32f415.o ABSOLUTE
    __Vectors                                0x08004000   Data           4  startup_at32f415.o(RESET)
    __Vectors_End                            0x08004170   Data           0  startup_at32f415.o(RESET)
    __main                                   0x08004171   Thumb Code     8  __main.o(!!!main)
    __scatterload                            0x08004179   Thumb Code     0  __scatter.o(!!!scatter)
    __scatterload_rt2                        0x08004179   Thumb Code    44  __scatter.o(!!!scatter)
    __scatterload_rt2_thumb_only             0x08004179   Thumb Code     0  __scatter.o(!!!scatter)
    __scatterload_null                       0x08004187   Thumb Code     0  __scatter.o(!!!scatter)
    __decompress                             0x080041ad   Thumb Code    90  __dczerorl2.o(!!dczerorl2)
    __decompress1                            0x080041ad   Thumb Code     0  __dczerorl2.o(!!dczerorl2)
    __scatterload_zeroinit                   0x08004209   Thumb Code    28  __scatter_zi.o(!!handler_zi)
    __rt_lib_init                            0x08004225   Thumb Code     0  libinit.o(.ARM.Collect$$libinit$$00000000)
    __rt_lib_init_alloca_1                   0x08004227   Thumb Code     0  libinit2.o(.ARM.Collect$$libinit$$0000002E)
    __rt_lib_init_argv_1                     0x08004227   Thumb Code     0  libinit2.o(.ARM.Collect$$libinit$$0000002C)
    __rt_lib_init_atexit_1                   0x08004227   Thumb Code     0  libinit2.o(.ARM.Collect$$libinit$$0000001B)
    __rt_lib_init_clock_1                    0x08004227   Thumb Code     0  libinit2.o(.ARM.Collect$$libinit$$00000021)
    __rt_lib_init_cpp_1                      0x08004227   Thumb Code     0  libinit2.o(.ARM.Collect$$libinit$$00000032)
    __rt_lib_init_exceptions_1               0x08004227   Thumb Code     0  libinit2.o(.ARM.Collect$$libinit$$00000030)
    __rt_lib_init_fp_1                       0x08004227   Thumb Code     0  libinit2.o(.ARM.Collect$$libinit$$00000002)
    __rt_lib_init_fp_trap_1                  0x08004227   Thumb Code     0  libinit2.o(.ARM.Collect$$libinit$$0000001F)
    __rt_lib_init_getenv_1                   0x08004227   Thumb Code     0  libinit2.o(.ARM.Collect$$libinit$$00000023)
    __rt_lib_init_heap_1                     0x08004227   Thumb Code     0  libinit2.o(.ARM.Collect$$libinit$$0000000A)
    __rt_lib_init_lc_collate_1               0x08004227   Thumb Code     0  libinit2.o(.ARM.Collect$$libinit$$00000011)
    __rt_lib_init_lc_ctype_1                 0x08004227   Thumb Code     0  libinit2.o(.ARM.Collect$$libinit$$00000013)
    __rt_lib_init_lc_monetary_1              0x08004227   Thumb Code     0  libinit2.o(.ARM.Collect$$libinit$$00000015)
    __rt_lib_init_lc_numeric_1               0x08004227   Thumb Code     0  libinit2.o(.ARM.Collect$$libinit$$00000017)
    __rt_lib_init_lc_time_1                  0x08004227   Thumb Code     0  libinit2.o(.ARM.Collect$$libinit$$00000019)
    __rt_lib_init_preinit_1                  0x08004227   Thumb Code     0  libinit2.o(.ARM.Collect$$libinit$$00000004)
    __rt_lib_init_rand_1                     0x08004227   Thumb Code     0  libinit2.o(.ARM.Collect$$libinit$$0000000E)
    __rt_lib_init_return                     0x08004227   Thumb Code     0  libinit2.o(.ARM.Collect$$libinit$$00000033)
    __rt_lib_init_signal_1                   0x08004227   Thumb Code     0  libinit2.o(.ARM.Collect$$libinit$$0000001D)
    __rt_lib_init_stdio_1                    0x08004227   Thumb Code     0  libinit2.o(.ARM.Collect$$libinit$$00000025)
    __rt_lib_init_user_alloc_1               0x08004227   Thumb Code     0  libinit2.o(.ARM.Collect$$libinit$$0000000C)
    __rt_lib_shutdown                        0x08004229   Thumb Code     0  libshutdown.o(.ARM.Collect$$libshutdown$$00000000)
    __rt_lib_shutdown_cpp_1                  0x0800422b   Thumb Code     0  libshutdown2.o(.ARM.Collect$$libshutdown$$00000002)
    __rt_lib_shutdown_fp_trap_1              0x0800422b   Thumb Code     0  libshutdown2.o(.ARM.Collect$$libshutdown$$00000007)
    __rt_lib_shutdown_heap_1                 0x0800422b   Thumb Code     0  libshutdown2.o(.ARM.Collect$$libshutdown$$0000000F)
    __rt_lib_shutdown_return                 0x0800422b   Thumb Code     0  libshutdown2.o(.ARM.Collect$$libshutdown$$00000010)
    __rt_lib_shutdown_signal_1               0x0800422b   Thumb Code     0  libshutdown2.o(.ARM.Collect$$libshutdown$$0000000A)
    __rt_lib_shutdown_stdio_1                0x0800422b   Thumb Code     0  libshutdown2.o(.ARM.Collect$$libshutdown$$00000004)
    __rt_lib_shutdown_user_alloc_1           0x0800422b   Thumb Code     0  libshutdown2.o(.ARM.Collect$$libshutdown$$0000000C)
    __rt_entry                               0x0800422d   Thumb Code     0  __rtentry.o(.ARM.Collect$$rtentry$$00000000)
    __rt_entry_presh_1                       0x0800422d   Thumb Code     0  __rtentry2.o(.ARM.Collect$$rtentry$$00000002)
    __rt_entry_sh                            0x0800422d   Thumb Code     0  __rtentry4.o(.ARM.Collect$$rtentry$$00000004)
    __rt_entry_li                            0x08004233   Thumb Code     0  __rtentry2.o(.ARM.Collect$$rtentry$$0000000A)
    __rt_entry_postsh_1                      0x08004233   Thumb Code     0  __rtentry2.o(.ARM.Collect$$rtentry$$00000009)
    __rt_entry_main                          0x08004237   Thumb Code     0  __rtentry2.o(.ARM.Collect$$rtentry$$0000000D)
    __rt_entry_postli_1                      0x08004237   Thumb Code     0  __rtentry2.o(.ARM.Collect$$rtentry$$0000000C)
    __rt_exit                                0x0800423f   Thumb Code     0  rtexit.o(.ARM.Collect$$rtexit$$00000000)
    __rt_exit_ls                             0x08004241   Thumb Code     0  rtexit2.o(.ARM.Collect$$rtexit$$00000003)
    __rt_exit_prels_1                        0x08004241   Thumb Code     0  rtexit2.o(.ARM.Collect$$rtexit$$00000002)
    __rt_exit_exit                           0x08004245   Thumb Code     0  rtexit2.o(.ARM.Collect$$rtexit$$00000004)
    SVC_Handler                              0x0800424d   Thumb Code    32  port.o(.emb_text)
    __asm___6_port_c_39a90d8d__prvStartFirstTask 0x08004271   Thumb Code    28  port.o(.emb_text)
    PendSV_Handler                           0x08004291   Thumb Code    72  port.o(.emb_text)
    vPortGetIPSR                             0x080042dd   Thumb Code     6  port.o(.emb_text)
    Reset_Handler                            0x080042e5   Thumb Code     8  startup_at32f415.o(.text)
    ADC1_IRQHandler                          0x080042ff   Thumb Code     0  startup_at32f415.o(.text)
    CAN1_RX1_IRQHandler                      0x080042ff   Thumb Code     0  startup_at32f415.o(.text)
    CAN1_TX_IRQHandler                       0x080042ff   Thumb Code     0  startup_at32f415.o(.text)
    CMP1_IRQHandler                          0x080042ff   Thumb Code     0  startup_at32f415.o(.text)
    CMP2_IRQHandler                          0x080042ff   Thumb Code     0  startup_at32f415.o(.text)
    CRM_IRQHandler                           0x080042ff   Thumb Code     0  startup_at32f415.o(.text)
    DMA1_Channel1_IRQHandler                 0x080042ff   Thumb Code     0  startup_at32f415.o(.text)
    DMA1_Channel2_IRQHandler                 0x080042ff   Thumb Code     0  startup_at32f415.o(.text)
    DMA1_Channel3_IRQHandler                 0x080042ff   Thumb Code     0  startup_at32f415.o(.text)
    DMA1_Channel4_IRQHandler                 0x080042ff   Thumb Code     0  startup_at32f415.o(.text)
    DMA1_Channel5_IRQHandler                 0x080042ff   Thumb Code     0  startup_at32f415.o(.text)
    DMA1_Channel6_IRQHandler                 0x080042ff   Thumb Code     0  startup_at32f415.o(.text)
    DMA1_Channel7_IRQHandler                 0x080042ff   Thumb Code     0  startup_at32f415.o(.text)
    DMA2_Channel1_IRQHandler                 0x080042ff   Thumb Code     0  startup_at32f415.o(.text)
    DMA2_Channel2_IRQHandler                 0x080042ff   Thumb Code     0  startup_at32f415.o(.text)
    DMA2_Channel3_IRQHandler                 0x080042ff   Thumb Code     0  startup_at32f415.o(.text)
    DMA2_Channel4_5_IRQHandler               0x080042ff   Thumb Code     0  startup_at32f415.o(.text)
    DMA2_Channel6_7_IRQHandler               0x080042ff   Thumb Code     0  startup_at32f415.o(.text)
    ERTCAlarm_IRQHandler                     0x080042ff   Thumb Code     0  startup_at32f415.o(.text)
    ERTC_WKUP_IRQHandler                     0x080042ff   Thumb Code     0  startup_at32f415.o(.text)
    EXINT0_IRQHandler                        0x080042ff   Thumb Code     0  startup_at32f415.o(.text)
    EXINT15_10_IRQHandler                    0x080042ff   Thumb Code     0  startup_at32f415.o(.text)
    EXINT1_IRQHandler                        0x080042ff   Thumb Code     0  startup_at32f415.o(.text)
    EXINT2_IRQHandler                        0x080042ff   Thumb Code     0  startup_at32f415.o(.text)
    EXINT3_IRQHandler                        0x080042ff   Thumb Code     0  startup_at32f415.o(.text)
    EXINT4_IRQHandler                        0x080042ff   Thumb Code     0  startup_at32f415.o(.text)
    EXINT9_5_IRQHandler                      0x080042ff   Thumb Code     0  startup_at32f415.o(.text)
    FLASH_IRQHandler                         0x080042ff   Thumb Code     0  startup_at32f415.o(.text)
    I2C2_ERR_IRQHandler                      0x080042ff   Thumb Code     0  startup_at32f415.o(.text)
    I2C2_EVT_IRQHandler                      0x080042ff   Thumb Code     0  startup_at32f415.o(.text)
    OTGFS1_IRQHandler                        0x080042ff   Thumb Code     0  startup_at32f415.o(.text)
    OTGFS1_WKUP_IRQHandler                   0x080042ff   Thumb Code     0  startup_at32f415.o(.text)
    PVM_IRQHandler                           0x080042ff   Thumb Code     0  startup_at32f415.o(.text)
    SDIO1_IRQHandler                         0x080042ff   Thumb Code     0  startup_at32f415.o(.text)
    SPI1_IRQHandler                          0x080042ff   Thumb Code     0  startup_at32f415.o(.text)
    SPI2_IRQHandler                          0x080042ff   Thumb Code     0  startup_at32f415.o(.text)
    TAMP_STAMP_IRQHandler                    0x080042ff   Thumb Code     0  startup_at32f415.o(.text)
    TMR1_BRK_TMR9_IRQHandler                 0x080042ff   Thumb Code     0  startup_at32f415.o(.text)
    TMR1_CH_IRQHandler                       0x080042ff   Thumb Code     0  startup_at32f415.o(.text)
    TMR1_OVF_TMR10_IRQHandler                0x080042ff   Thumb Code     0  startup_at32f415.o(.text)
    TMR1_TRG_HALL_TMR11_IRQHandler           0x080042ff   Thumb Code     0  startup_at32f415.o(.text)
    TMR2_GLOBAL_IRQHandler                   0x080042ff   Thumb Code     0  startup_at32f415.o(.text)
    TMR3_GLOBAL_IRQHandler                   0x080042ff   Thumb Code     0  startup_at32f415.o(.text)
    TMR4_GLOBAL_IRQHandler                   0x080042ff   Thumb Code     0  startup_at32f415.o(.text)
    TMR5_GLOBAL_IRQHandler                   0x080042ff   Thumb Code     0  startup_at32f415.o(.text)
    UART4_IRQHandler                         0x080042ff   Thumb Code     0  startup_at32f415.o(.text)
    UART5_IRQHandler                         0x080042ff   Thumb Code     0  startup_at32f415.o(.text)
    USART3_IRQHandler                        0x080042ff   Thumb Code     0  startup_at32f415.o(.text)
    WWDT_IRQHandler                          0x080042ff   Thumb Code     0  startup_at32f415.o(.text)
    __user_initial_stackheap                 0x08004301   Thumb Code     0  startup_at32f415.o(.text)
    __use_no_semihosting                     0x08004325   Thumb Code     2  use_no_semi_2.o(.text)
    __aeabi_uldivmod                         0x08004327   Thumb Code     0  lludivv7m.o(.text)
    _ll_udiv                                 0x08004327   Thumb Code   238  lludivv7m.o(.text)
    strlen                                   0x08004415   Thumb Code    62  strlen.o(.text)
    __aeabi_memcpy                           0x08004453   Thumb Code     0  rt_memcpy_v6.o(.text)
    __rt_memcpy                              0x08004453   Thumb Code   138  rt_memcpy_v6.o(.text)
    _memcpy_lastbytes                        0x080044b9   Thumb Code     0  rt_memcpy_v6.o(.text)
    __aeabi_memcpy4                          0x080044dd   Thumb Code     0  rt_memcpy_w.o(.text)
    __aeabi_memcpy8                          0x080044dd   Thumb Code     0  rt_memcpy_w.o(.text)
    __rt_memcpy_w                            0x080044dd   Thumb Code   100  rt_memcpy_w.o(.text)
    _memcpy_lastbytes_aligned                0x08004525   Thumb Code     0  rt_memcpy_w.o(.text)
    __aeabi_memclr4                          0x08004541   Thumb Code     0  rt_memclr_w.o(.text)
    __aeabi_memclr8                          0x08004541   Thumb Code     0  rt_memclr_w.o(.text)
    __rt_memclr_w                            0x08004541   Thumb Code    78  rt_memclr_w.o(.text)
    _memset_w                                0x08004545   Thumb Code     0  rt_memclr_w.o(.text)
    __use_two_region_memory                  0x0800458f   Thumb Code     2  heapauxi.o(.text)
    __rt_heap_escrow$2region                 0x08004591   Thumb Code     2  heapauxi.o(.text)
    __rt_heap_expand$2region                 0x08004593   Thumb Code     2  heapauxi.o(.text)
    __I$use$semihosting                      0x08004595   Thumb Code     0  use_no_semi.o(.text)
    __use_no_semihosting_swi                 0x08004595   Thumb Code     2  use_no_semi.o(.text)
    __user_setup_stackheap                   0x08004597   Thumb Code    74  sys_stackheap_outer.o(.text)
    exit                                     0x080045e1   Thumb Code    18  exit.o(.text)
    __user_libspace                          0x080045f5   Thumb Code     8  libspace.o(.text)
    __user_perproc_libspace                  0x080045f5   Thumb Code     0  libspace.o(.text)
    __user_perthread_libspace                0x080045f5   Thumb Code     0  libspace.o(.text)
    BusFault_Handler                         0x080045fd   Thumb Code     4  at32f415_int.o(i.BusFault_Handler)
    CAN1_RX0_IRQHandler                      0x08004601   Thumb Code   178  ax_can.o(i.CAN1_RX0_IRQHandler)
    CAN1_SE_IRQHandler                       0x080046d5   Thumb Code    40  ax_can.o(i.CAN1_SE_IRQHandler)
    Colourful_Wheel                          0x08004701   Thumb Code   442  ax_ws2812.o(i.Colourful_Wheel)
    DebugMon_Handler                         0x080048c5   Thumb Code     2  at32f415_int.o(i.DebugMon_Handler)
    HardFault_Handler                        0x080048c7   Thumb Code     4  at32f415_int.o(i.HardFault_Handler)
    I2C1_ERR_IRQHandler                      0x080048cb   Thumb Code     2  at32f415_int.o(i.I2C1_ERR_IRQHandler)
    I2C1_EVT_IRQHandler                      0x080048cd   Thumb Code     2  at32f415_int.o(i.I2C1_EVT_IRQHandler)
    MemManage_Handler                        0x080048cf   Thumb Code     4  at32f415_int.o(i.MemManage_Handler)
    NMI_Handler                              0x080048d3   Thumb Code     2  at32f415_int.o(i.NMI_Handler)
    SysTick_Handler                          0x080048d5   Thumb Code    46  port.o(i.SysTick_Handler)
    SystemInit                               0x08004909   Thumb Code   138  system_at32f415.o(i.SystemInit)
    USART1_IRQHandler                        0x080049a5   Thumb Code   316  ax_uart.o(i.USART1_IRQHandler)
    USART2_IRQHandler                        0x08004af5   Thumb Code   288  ax_uart.o(i.USART2_IRQHandler)
    UsageFault_Handler                       0x08004c29   Thumb Code     4  at32f415_int.o(i.UsageFault_Handler)
    _sys_exit                                0x08004c2d   Thumb Code     4  at32f415_board.o(i._sys_exit)
    andriod_pwr_ctrl                         0x08004c31   Thumb Code    30  ax_uart.o(i.andriod_pwr_ctrl)
    can_alive_struct_init                    0x08004c55   Thumb Code    50  ax_can.o(i.can_alive_struct_init)
    can_base_init                            0x08004c8d   Thumb Code   188  at32f415_can.o(i.can_base_init)
    can_baudrate_set                         0x08004d49   Thumb Code   146  at32f415_can.o(i.can_baudrate_set)
    can_configuration                        0x08004ddd   Thumb Code   200  ax_can.o(i.can_configuration)
    can_default_para_init                    0x08004ead   Thumb Code    18  at32f415_can.o(i.can_default_para_init)
    can_filter_init                          0x08004ebf   Thumb Code   356  at32f415_can.o(i.can_filter_init)
    can_flag_clear                           0x08005025   Thumb Code   118  at32f415_can.o(i.can_flag_clear)
    can_flag_get                             0x080050a1   Thumb Code   240  at32f415_can.o(i.can_flag_get)
    can_gpio_config                          0x08005191   Thumb Code   104  ax_can.o(i.can_gpio_config)
    can_interrupt_enable                     0x08005205   Thumb Code    18  at32f415_can.o(i.can_interrupt_enable)
    can_message_receive                      0x08005217   Thumb Code   240  at32f415_can.o(i.can_message_receive)
    can_receive_fifo_release                 0x08005307   Thumb Code    26  at32f415_can.o(i.can_receive_fifo_release)
    can_rx_task_function                     0x08005321   Thumb Code   572  ax_can.o(i.can_rx_task_function)
    can_transmit_ctrl_data                   0x08005581   Thumb Code     2  ax_can.o(i.can_transmit_ctrl_data)
    can_tx_task_function                     0x08005585   Thumb Code    34  ax_can.o(i.can_tx_task_function)
    canbus_open                              0x080055ad   Thumb Code    28  ax_can.o(i.canbus_open)
    canbus_sw_config                         0x080055cd   Thumb Code    76  ax_can.o(i.canbus_sw_config)
    car_acc_ctrl                             0x08005621   Thumb Code    28  ax_uart.o(i.car_acc_ctrl)
    crc16_modbus                             0x08005641   Thumb Code    56  ax_common.o(i.crc16_modbus)
    crc8_rcc                                 0x08005679   Thumb Code     8  ax_common.o(i.crc8_rcc)
    crm_ahb_div_set                          0x08005681   Thumb Code    14  at32f415_crm.o(i.crm_ahb_div_set)
    crm_apb1_div_set                         0x08005695   Thumb Code    14  at32f415_crm.o(i.crm_apb1_div_set)
    crm_apb2_div_set                         0x080056a9   Thumb Code    14  at32f415_crm.o(i.crm_apb2_div_set)
    crm_clock_source_enable                  0x080056bd   Thumb Code    90  at32f415_crm.o(i.crm_clock_source_enable)
    crm_clocks_freq_get                      0x0800571d   Thumb Code   396  at32f415_crm.o(i.crm_clocks_freq_get)
    crm_flag_clear                           0x080058c9   Thumb Code   204  at32f415_crm.o(i.crm_flag_clear)
    crm_flag_get                             0x0800599d   Thumb Code    42  at32f415_crm.o(i.crm_flag_get)
    crm_hext_stable_wait                     0x080059cd   Thumb Code    46  at32f415_crm.o(i.crm_hext_stable_wait)
    crm_periph_clock_enable                  0x080059fd   Thumb Code    62  at32f415_crm.o(i.crm_periph_clock_enable)
    crm_pll_config                           0x08005a41   Thumb Code   210  at32f415_crm.o(i.crm_pll_config)
    crm_reset                                0x08005b49   Thumb Code    90  at32f415_crm.o(i.crm_reset)
    crm_sysclk_switch                        0x08005bad   Thumb Code    14  at32f415_crm.o(i.crm_sysclk_switch)
    crm_sysclk_switch_status_get             0x08005bc1   Thumb Code    10  at32f415_crm.o(i.crm_sysclk_switch_status_get)
    device_ctrl_pins_init                    0x08005bd1   Thumb Code   248  ax_uart.o(i.device_ctrl_pins_init)
    flash_flag_clear                         0x08005cdd   Thumb Code     6  at32f415_flash.o(i.flash_flag_clear)
    flash_halfword_program                   0x08005ce9   Thumb Code    50  at32f415_flash.o(i.flash_halfword_program)
    flash_lock                               0x08005d21   Thumb Code    16  at32f415_flash.o(i.flash_lock)
    flash_operation_status_get               0x08005d35   Thumb Code    48  at32f415_flash.o(i.flash_operation_status_get)
    flash_operation_wait_for                 0x08005d69   Thumb Code    36  at32f415_flash.o(i.flash_operation_wait_for)
    flash_read_u8                            0x08005d8d   Thumb Code    24  ax_flash.o(i.flash_read_u8)
    flash_sector_erase                       0x08005da5   Thumb Code    58  at32f415_flash.o(i.flash_sector_erase)
    flash_unlock                             0x08005de5   Thumb Code    12  at32f415_flash.o(i.flash_unlock)
    getDiyLED                                0x08005dfd   Thumb Code   100  ax_ws2812.o(i.getDiyLED)
    gpio_bits_reset                          0x08005e65   Thumb Code     4  at32f415_gpio.o(i.gpio_bits_reset)
    gpio_bits_set                            0x08005e69   Thumb Code     4  at32f415_gpio.o(i.gpio_bits_set)
    gpio_default_para_init                   0x08005e6d   Thumb Code    22  at32f415_gpio.o(i.gpio_default_para_init)
    gpio_init                                0x08005e83   Thumb Code   168  at32f415_gpio.o(i.gpio_init)
    gpio_pin_remap_config                    0x08005f2d   Thumb Code    70  at32f415_gpio.o(i.gpio_pin_remap_config)
    ihawk_ctrl                               0x08005f79   Thumb Code   248  ax_uart.o(i.ihawk_ctrl)
    ihawk_ctrl_tm                            0x08006071   Thumb Code   270  ax_uart.o(i.ihawk_ctrl_tm)
    ihawk_lower_ctrl                         0x08006181   Thumb Code    38  ax_uart.o(i.ihawk_lower_ctrl)
    ihawk_upper_ctrl                         0x080061b1   Thumb Code    38  ax_uart.o(i.ihawk_upper_ctrl)
    initColor                                0x080061e1   Thumb Code    20  ax_ws2812.o(i.initColor)
    init_can_msg                             0x080061fd   Thumb Code   222  ax_uart.o(i.init_can_msg)
    init_uart_data                           0x080062f1   Thumb Code   110  ax_uart.o(i.init_uart_data)
    iwdg_Config                              0x0800636d   Thumb Code    46  main.o(i.iwdg_Config)
    led2_task_function                       0x080063a1   Thumb Code    28  main.o(i.led2_task_function)
    ledUpdate                                0x080063c1   Thumb Code   126  ax_ws2812.o(i.ledUpdate)
    main                                     0x08006449   Thumb Code   302  main.o(i.main)
    nvic_irq_enable                          0x0800663d   Thumb Code   190  at32f415_misc.o(i.nvic_irq_enable)
    nvic_priority_group_config               0x08006705   Thumb Code    32  at32f415_misc.o(i.nvic_priority_group_config)
    nvic_system_reset                        0x0800672d   Thumb Code    36  at32f415_misc.o(i.nvic_system_reset)
    nvic_vector_table_set                    0x08006759   Thumb Code    12  at32f415_misc.o(i.nvic_vector_table_set)
    open_device_pwr                          0x0800676d   Thumb Code    80  ax_uart.o(i.open_device_pwr)
    packageUpdateFwMsg                       0x080067c1   Thumb Code    60  ax_uart.o(i.packageUpdateFwMsg)
    packageUpdateFwMsg1                      0x08006801   Thumb Code    66  ax_uart.o(i.packageUpdateFwMsg1)
    parse_ctrl_acc_cmd                       0x08006849   Thumb Code   100  ax_uart.o(i.parse_ctrl_acc_cmd)
    parse_ctrl_andriod                       0x080068b1   Thumb Code    36  ax_uart.o(i.parse_ctrl_andriod)
    parse_ctrl_andriod_tm                    0x080068d9   Thumb Code    54  ax_uart.o(i.parse_ctrl_andriod_tm)
    parse_ctrl_serv_les_cmd                  0x08006915   Thumb Code   128  ax_uart.o(i.parse_ctrl_serv_les_cmd)
    parse_ctrl_usbhub_cmd                    0x080069a9   Thumb Code   100  ax_uart.o(i.parse_ctrl_usbhub_cmd)
    parse_ctrl_ws2812_cmd                    0x08006a11   Thumb Code    56  ax_uart.o(i.parse_ctrl_ws2812_cmd)
    parse_distance_msg1                      0x08006a51   Thumb Code   176  ax_can.o(i.parse_distance_msg1)
    parse_diy2_led_old_cmd                   0x08006b0d   Thumb Code   160  ax_uart.o(i.parse_diy2_led_old_cmd)
    parse_diy_led_old_cmd                    0x08006bc5   Thumb Code   160  ax_uart.o(i.parse_diy_led_old_cmd)
    parse_fw_data_msg                        0x08006c7d   Thumb Code   344  ax_uart.o(i.parse_fw_data_msg)
    parse_get_app_flag_msg                   0x08006ded   Thumb Code   122  ax_uart.o(i.parse_get_app_flag_msg)
    parse_get_ver_cmd                        0x08006e79   Thumb Code    12  ax_uart.o(i.parse_get_ver_cmd)
    parse_heartbeat_fb_msg                   0x08006e85   Thumb Code    44  ax_can.o(i.parse_heartbeat_fb_msg)
    parse_reboot_fb_msg                      0x08006eb5   Thumb Code   142  ax_can.o(i.parse_reboot_fb_msg)
    parse_reset_andriod                      0x08006f4d   Thumb Code    74  ax_uart.o(i.parse_reset_andriod)
    parse_reset_sensor_fb_msg                0x08006fa1   Thumb Code    76  ax_can.o(i.parse_reset_sensor_fb_msg)
    parse_send_fw_info_msg                   0x08006ff5   Thumb Code   264  ax_uart.o(i.parse_send_fw_info_msg)
    parse_send_start_update_signal           0x0800710d   Thumb Code   258  ax_uart.o(i.parse_send_start_update_signal)
    parse_set_tray_ws2812_fb_msg             0x08007229   Thumb Code   210  ax_can.o(i.parse_set_tray_ws2812_fb_msg)
    parse_set_ws2812_fb_msg                  0x0800730d   Thumb Code    86  ax_can.o(i.parse_set_ws2812_fb_msg)
    parse_sync_fw_fb_msg                     0x0800736d   Thumb Code   184  ax_can.o(i.parse_sync_fw_fb_msg)
    parse_uid_fb_msg                         0x0800742d   Thumb Code   392  ax_can.o(i.parse_uid_fb_msg)
    parse_update_abort_msg                   0x080075c1   Thumb Code   100  ax_uart.o(i.parse_update_abort_msg)
    parse_update_end_msg                     0x0800763d   Thumb Code   184  ax_uart.o(i.parse_update_end_msg)
    parse_version_fb_msg                     0x0800770d   Thumb Code   154  ax_can.o(i.parse_version_fb_msg)
    pvPortMalloc                             0x08007bf1   Thumb Code   338  heap_4.o(i.pvPortMalloc)
    pxPortInitialiseStack                    0x08007d5d   Thumb Code    30  port.o(i.pxPortInitialiseStack)
    rainbowCycle                             0x08007d81   Thumb Code    88  ax_ws2812.o(i.rainbowCycle)
    rgb_SetColor                             0x08007de1   Thumb Code   152  ax_ws2812.o(i.rgb_SetColor)
    sendLED                                  0x08007e7d   Thumb Code   124  ax_ws2812.o(i.sendLED)
    send_2_uart2                             0x08007efd   Thumb Code   146  ax_uart.o(i.send_2_uart2)
    send_andriod_fb                          0x08007f9d   Thumb Code   192  ax_uart.o(i.send_andriod_fb)
    send_ctrl_acc_old_fb                     0x08008069   Thumb Code   166  ax_uart.o(i.send_ctrl_acc_old_fb)
    send_ctrl_ihawk_fb                       0x0800811d   Thumb Code   180  ax_uart.o(i.send_ctrl_ihawk_fb)
    send_ctrl_leds_fb                        0x080081dd   Thumb Code   150  ax_uart.o(i.send_ctrl_leds_fb)
    send_ctrl_usbhub_fb                      0x08008281   Thumb Code   166  ax_uart.o(i.send_ctrl_usbhub_fb)
    send_ihawk_sts_fb                        0x08008335   Thumb Code   198  ax_uart.o(i.send_ihawk_sts_fb)
    send_own2_version                        0x0800840d   Thumb Code   194  ax_uart.o(i.send_own2_version)
    send_own_version_old                     0x080084d9   Thumb Code   158  ax_uart.o(i.send_own_version_old)
    send_reboot2_fb                          0x08008585   Thumb Code   148  ax_uart.o(i.send_reboot2_fb)
    send_reset_board_msg                     0x08008621   Thumb Code   114  ax_can.o(i.send_reset_board_msg)
    send_reset_sensor_msg                    0x0800869d   Thumb Code   114  ax_can.o(i.send_reset_sensor_msg)
    send_sts_loop                            0x08008719   Thumb Code   210  ax_uart.o(i.send_sts_loop)
    send_usb_sts_fb                          0x08008801   Thumb Code   206  ax_uart.o(i.send_usb_sts_fb)
    send_ws2812b_msg                         0x080088e1   Thumb Code   142  ax_can.o(i.send_ws2812b_msg)
    setBreath_2s                             0x0800897d   Thumb Code   190  ax_ws2812.o(i.setBreath_2s)
    setBreath_4s                             0x08008a4d   Thumb Code   190  ax_ws2812.o(i.setBreath_4s)
    setDiy2Show                              0x08008b1d   Thumb Code   736  ax_ws2812.o(i.setDiy2Show)
    setDiyShow                               0x08008e19   Thumb Code   268  ax_ws2812.o(i.setDiyShow)
    setDoubleFlashMode                       0x08008f41   Thumb Code    46  ax_ws2812.o(i.setDoubleFlashMode)
    setDoubleFlash_1Hz_Mode                  0x08008f71   Thumb Code    40  ax_ws2812.o(i.setDoubleFlash_1Hz_Mode)
    setDoubleFlash_2Hz_Mode                  0x08008fa1   Thumb Code    58  ax_ws2812.o(i.setDoubleFlash_2Hz_Mode)
    setNormalMode                            0x08008fe5   Thumb Code    44  ax_ws2812.o(i.setNormalMode)
    setNormalRedMode                         0x08009015   Thumb Code    62  ax_ws2812.o(i.setNormalRedMode)
    setOffMode                               0x08009059   Thumb Code    58  ax_ws2812.o(i.setOffMode)
    spi2_config                              0x08009099   Thumb Code    60  ax_spi.o(i.spi2_config)
    spi2_gpio_cfg                            0x080090e1   Thumb Code    54  ax_spi.o(i.spi2_gpio_cfg)
    spi2_send_byte                           0x08009121   Thumb Code    28  ax_spi.o(i.spi2_send_byte)
    spi2_send_bytes                          0x08009141   Thumb Code    26  ax_spi.o(i.spi2_send_bytes)
    spi_default_para_init                    0x0800915b   Thumb Code    22  at32f415_spi.o(i.spi_default_para_init)
    spi_enable                               0x08009171   Thumb Code    10  at32f415_spi.o(i.spi_enable)
    spi_i2s_data_transmit                    0x0800917b   Thumb Code     4  at32f415_spi.o(i.spi_i2s_data_transmit)
    spi_i2s_flag_get                         0x0800917f   Thumb Code    16  at32f415_spi.o(i.spi_i2s_flag_get)
    spi_init                                 0x0800918f   Thumb Code   292  at32f415_spi.o(i.spi_init)
    switch_pwr_ctrl                          0x080092b5   Thumb Code    28  ax_uart.o(i.switch_pwr_ctrl)
    system_clock_config                      0x080092d5   Thumb Code   100  at32f415_clock.o(i.system_clock_config)
    system_core_clock_update                 0x0800933d   Thumb Code   316  system_at32f415.o(i.system_core_clock_update)
    toggle_led_stat                          0x08009491   Thumb Code    14  ax_uart.o(i.toggle_led_stat)
    usart1_rx_task_function                  0x080094a5   Thumb Code   284  ax_uart.o(i.usart1_rx_task_function)
    usart1_tx_task_function                  0x080095d5   Thumb Code    26  ax_uart.o(i.usart1_tx_task_function)
    usart2_rx_task_function                  0x080095f9   Thumb Code   538  ax_uart.o(i.usart2_rx_task_function)
    usart_data_receive                       0x08009825   Thumb Code     8  at32f415_usart.o(i.usart_data_receive)
    usart_data_transmit                      0x0800982d   Thumb Code     8  at32f415_usart.o(i.usart_data_transmit)
    usart_enable                             0x08009835   Thumb Code    10  at32f415_usart.o(i.usart_enable)
    usart_flag_clear                         0x0800983f   Thumb Code    18  at32f415_usart.o(i.usart_flag_clear)
    usart_flag_get                           0x08009851   Thumb Code    16  at32f415_usart.o(i.usart_flag_get)
    usart_init                               0x08009861   Thumb Code   102  at32f415_usart.o(i.usart_init)
    usart_int_configuration                  0x080098cd   Thumb Code   370  ax_uart.o(i.usart_int_configuration)
    usart_interrupt_enable                   0x08009a61   Thumb Code    54  at32f415_usart.o(i.usart_interrupt_enable)
    usart_receiver_enable                    0x08009a97   Thumb Code    10  at32f415_usart.o(i.usart_receiver_enable)
    usart_transmitter_enable                 0x08009aa1   Thumb Code    10  at32f415_usart.o(i.usart_transmitter_enable)
    usb3_ctrl                                0x08009aad   Thumb Code    38  ax_uart.o(i.usb3_ctrl)
    usbhub_ctrl                              0x08009add   Thumb Code    28  ax_uart.o(i.usbhub_ctrl)
    uxListRemove                             0x08009afd   Thumb Code    40  list.o(i.uxListRemove)
    vListInitialise                          0x08009b25   Thumb Code    26  list.o(i.vListInitialise)
    vListInitialiseItem                      0x08009b3f   Thumb Code     6  list.o(i.vListInitialiseItem)
    vListInsert                              0x08009b45   Thumb Code    52  list.o(i.vListInsert)
    vListInsertEnd                           0x08009b79   Thumb Code    24  list.o(i.vListInsertEnd)
    vPortEnterCritical                       0x08009b91   Thumb Code    76  port.o(i.vPortEnterCritical)
    vPortExitCritical                        0x08009be5   Thumb Code    56  port.o(i.vPortExitCritical)
    vPortFree                                0x08009c21   Thumb Code   150  heap_4.o(i.vPortFree)
    vPortSetupTimerInterrupt                 0x08009cc5   Thumb Code    36  port.o(i.vPortSetupTimerInterrupt)
    vTaskDelay                               0x08009ced   Thumb Code    82  tasks.o(i.vTaskDelay)
    vTaskStartScheduler                      0x08009d49   Thumb Code   112  tasks.o(i.vTaskStartScheduler)
    vTaskSuspendAll                          0x08009dd9   Thumb Code    12  tasks.o(i.vTaskSuspendAll)
    vTaskSwitchContext                       0x08009de9   Thumb Code   118  tasks.o(i.vTaskSwitchContext)
    wdt_counter_reload                       0x08009e75   Thumb Code    10  at32f415_wdt.o(i.wdt_counter_reload)
    wdt_divider_set                          0x08009e85   Thumb Code    14  at32f415_wdt.o(i.wdt_divider_set)
    wdt_enable                               0x08009e99   Thumb Code    10  at32f415_wdt.o(i.wdt_enable)
    wdt_register_write_enable                0x08009ea9   Thumb Code    20  at32f415_wdt.o(i.wdt_register_write_enable)
    wdt_reload_value_set                     0x08009ec1   Thumb Code     6  at32f415_wdt.o(i.wdt_reload_value_set)
    write2flash                              0x08009ecd   Thumb Code   124  ax_flash.o(i.write2flash)
    ws2812Init                               0x08009f49   Thumb Code    16  ax_ws2812.o(i.ws2812Init)
    ws2812_task_function                     0x08009f59   Thumb Code    34  ax_ws2812.o(i.ws2812_task_function)
    wtdg_task_function                       0x08009f81   Thumb Code    36  main.o(i.wtdg_task_function)
    xPortStartScheduler                      0x08009fa9   Thumb Code   228  port.o(i.xPortStartScheduler)
    xTaskCreate                              0x0800a0a1   Thumb Code    96  tasks.o(i.xTaskCreate)
    xTaskIncrementTick                       0x0800a101   Thumb Code   282  tasks.o(i.xTaskIncrementTick)
    xTaskResumeAll                           0x0800a249   Thumb Code   224  tasks.o(i.xTaskResumeAll)
    __aeabi_ddiv                             0x0800a34d   Thumb Code     0  ddiv.o(x$fpl$ddiv)
    _ddiv                                    0x0800a34d   Thumb Code   552  ddiv.o(x$fpl$ddiv)
    __aeabi_d2uiz                            0x0800a5fd   Thumb Code     0  dfixu.o(x$fpl$dfixu)
    _dfixu                                   0x0800a5fd   Thumb Code    90  dfixu.o(x$fpl$dfixu)
    __aeabi_i2d                              0x0800a657   Thumb Code     0  dflt_clz.o(x$fpl$dflt)
    _dflt                                    0x0800a657   Thumb Code    46  dflt_clz.o(x$fpl$dflt)
    __aeabi_ui2d                             0x0800a685   Thumb Code     0  dflt_clz.o(x$fpl$dfltu)
    _dfltu                                   0x0800a685   Thumb Code    38  dflt_clz.o(x$fpl$dfltu)
    __aeabi_dmul                             0x0800a6ad   Thumb Code     0  dmul.o(x$fpl$dmul)
    _dmul                                    0x0800a6ad   Thumb Code   332  dmul.o(x$fpl$dmul)
    __fpl_dnaninf                            0x0800a801   Thumb Code   156  dnaninf.o(x$fpl$dnaninf)
    __fpl_dretinf                            0x0800a89d   Thumb Code    12  dretinf.o(x$fpl$dretinf)
    __aeabi_f2uiz                            0x0800a8a9   Thumb Code     0  ffixu.o(x$fpl$ffixu)
    _ffixu                                   0x0800a8a9   Thumb Code    62  ffixu.o(x$fpl$ffixu)
    __aeabi_ui2f                             0x0800a8e9   Thumb Code     0  fflt_clz.o(x$fpl$ffltu)
    _ffltu                                   0x0800a8e9   Thumb Code    38  fflt_clz.o(x$fpl$ffltu)
    __aeabi_fmul                             0x0800a911   Thumb Code     0  fmul.o(x$fpl$fmul)
    _fmul                                    0x0800a911   Thumb Code   258  fmul.o(x$fpl$fmul)
    __fpl_fnaninf                            0x0800aa13   Thumb Code   140  fnaninf.o(x$fpl$fnaninf)
    __fpl_fretinf                            0x0800aa9f   Thumb Code    10  fretinf.o(x$fpl$fretinf)
    __I$use$fp                               0x0800aaa8   Number         0  usenofp.o(x$fpl$usenofp)
    sinLed                                   0x0800aaa8   Data         200  ax_ws2812.o(.constdata)
    sinLed_4s                                0x0800ab70   Data         400  ax_ws2812.o(.constdata)
    OFF_UNIT                                 0x0800ad00   Data          24  ax_ws2812.o(.constdata)
    DIY_UINT                                 0x0800ad18   Data         192  ax_ws2812.o(.constdata)
    Region$$Table$$Base                      0x0800ae38   Number         0  anon$$obj.o(Region$$Table)
    Region$$Table$$Limit                     0x0800ae58   Number         0  anon$$obj.o(Region$$Table)
    led2_handler                             0x20000004   Data           4  main.o(.data)
    usart1_rx_handler                        0x20000008   Data           4  main.o(.data)
    usart1_tx_handler                        0x2000000c   Data           4  main.o(.data)
    i2c1_handler                             0x20000010   Data           4  main.o(.data)
    can_tx_handler                           0x20000014   Data           4  main.o(.data)
    can_rx_handler                           0x20000018   Data           4  main.o(.data)
    ws2812_handler                           0x2000001c   Data           4  main.o(.data)
    wtdg_handler                             0x20000020   Data           4  main.o(.data)
    usart2_rx_handler                        0x20000024   Data           4  main.o(.data)
    usart1_tx_buf                            0x2000002c   Data           4  ax_uart.o(.data)
    sendingUart2                             0x20000030   Data           1  ax_uart.o(.data)
    recvCmdFlag                              0x20000032   Data           1  ax_uart.o(.data)
    recvCmdFlag2                             0x20000033   Data           1  ax_uart.o(.data)
    cmdId                                    0x20000034   Data           2  ax_uart.o(.data)
    cmdId2                                   0x20000036   Data           2  ax_uart.o(.data)
    newOtherMsgFlag                          0x20000040   Data           1  ax_can.o(.data)
    newF1StsMsgFlag                          0x20000041   Data           1  ax_can.o(.data)
    newF2StsMsgFlag                          0x20000042   Data           1  ax_can.o(.data)
    newF3StsMsgFlag                          0x20000043   Data           1  ax_can.o(.data)
    newF4StsMsgFlag                          0x20000044   Data           1  ax_can.o(.data)
    spi2_tx_buffer                           0x2000004c   Data          72  ax_spi.o(.data)
    spi_init_struct                          0x20000094   Data           8  ax_spi.o(.data)
    color_grb                                0x200000a0   Data           3  ax_ws2812.o(.data)
    diyArr                                   0x200000a5   Data           8  ax_ws2812.o(.data)
    diyColor                                 0x200000ad   Data           1  ax_ws2812.o(.data)
    ledMode                                  0x200000ae   Data           1  ax_ws2812.o(.data)
    ledHeaderCount                           0x200000af   Data           1  ax_ws2812.o(.data)
    rainbow_percent                          0x200000b0   Data           1  ax_ws2812.o(.data)
    u8TxData                                 0x200000b1   Data         960  ax_ws2812.o(.data)
    DIY_UINT_                                0x20000471   Data          24  ax_ws2812.o(.data)
    taskAliveBits                            0x20000490   Data           4  ax_common.o(.data)
    ihawk_power_sts                          0x20000494   Data           3  ax_common.o(.data)
    msglen2                                  0x20000497   Data           1  ax_common.o(.data)
    updateFWFlag                             0x20000498   Data           1  ax_common.o(.data)
    xorData                                  0x20000499   Data           2  ax_common.o(.data)
    system_core_clock                        0x2000049c   Data           4  system_at32f415.o(.data)
    pxCurrentTCB                             0x200004a4   Data           4  tasks.o(.data)
    uxTopUsedPriority                        0x200004dc   Data           4  tasks.o(.data)
    uart1_data                               0x20000518   Data         388  ax_uart.o(.bss)
    uart2_data                               0x2000069c   Data         388  ax_uart.o(.bss)
    fb_ctrl_buf                              0x20000820   Data          32  ax_uart.o(.bss)
    ws2812b_ctrl_buf                         0x20000840   Data          32  ax_uart.o(.bss)
    ctrl_buff                                0x20000860   Data          32  ax_uart.o(.bss)
    ctrl_buff2                               0x20000880   Data         256  ax_uart.o(.bss)
    update_buff                              0x20000980   Data        2048  ax_uart.o(.bss)
    ctrlData2Can                             0x20001180   Data          20  ax_uart.o(.bss)
    rx_message_struct_g                      0x20001194   Data          20  ax_can.o(.bss)
    rx_message_struct_s                      0x200011a8   Data          80  ax_can.o(.bss)
    canAliveCounter                          0x200011f8   Data          17  ax_can.o(.bss)
    distance                                 0x200015cc   Data          48  ax_common.o(.bss)
    versionSub                               0x200015fc   Data          24  ax_common.o(.bss)
    uidBuf                                   0x20001614   Data          60  ax_common.o(.bss)
    uart1SendTypeFlag                        0x20001650   Data          42  ax_common.o(.bss)
    uart2SendTypeFlag                        0x2000167a   Data          42  ax_common.o(.bss)
    sendCanStr                               0x200016a4   Data          17  ax_common.o(.bss)
    uartStsData_str                          0x200016b5   Data          22  ax_common.o(.bss)
    canResetSensor                           0x200016cc   Data          80  ax_common.o(.bss)
    canSetLeds                               0x2000171c   Data          80  ax_common.o(.bss)
    canSetTrayLeds                           0x2000176c   Data          20  ax_common.o(.bss)
    canResetBoard                            0x20001780   Data          80  ax_common.o(.bss)
    canSyncFw                                0x200017d0   Data          80  ax_common.o(.bss)
    updateFwData                             0x20001820   Data          16  ax_common.o(.bss)
    updateFw                                 0x20001830   Data          32  ax_flash.o(.bss)
    flash_buf                                0x20001850   Data        2048  ax_flash.o(.bss)
    __libspace_start                         0x20006118   Data          96  libspace.o(.bss)
    __temporary_stack_top$libspace           0x20006178   Data           0  libspace.o(.bss)



==============================================================================

Memory Map of the image

  Image Entry point : 0x08004171

  Load Region LR_IROM1 (Base: 0x08004000, Size: 0x00007370, Max: 0x00018000, ABSOLUTE, COMPRESSED[0x00006eb4])

    Execution Region ER_IROM1 (Exec base: 0x08004000, Load base: 0x08004000, Size: 0x00006e58, Max: 0x00018000, ABSOLUTE)

    Exec Addr    Load Addr    Size         Type   Attr      Idx    E Section Name        Object

    0x08004000   0x08004000   0x00000170   Data   RO         4712    RESET               startup_at32f415.o
    0x08004170   0x08004170   0x00000008   Code   RO         5608  * !!!main             c_w.l(__main.o)
    0x08004178   0x08004178   0x00000034   Code   RO         5812    !!!scatter          c_w.l(__scatter.o)
    0x080041ac   0x080041ac   0x0000005a   Code   RO         5810    !!dczerorl2         c_w.l(__dczerorl2.o)
    0x08004206   0x08004206   0x00000002   PAD
    0x08004208   0x08004208   0x0000001c   Code   RO         5814    !!handler_zi        c_w.l(__scatter_zi.o)
    0x08004224   0x08004224   0x00000002   Code   RO         5686    .ARM.Collect$$libinit$$00000000  c_w.l(libinit.o)
    0x08004226   0x08004226   0x00000000   Code   RO         5699    .ARM.Collect$$libinit$$00000002  c_w.l(libinit2.o)
    0x08004226   0x08004226   0x00000000   Code   RO         5701    .ARM.Collect$$libinit$$00000004  c_w.l(libinit2.o)
    0x08004226   0x08004226   0x00000000   Code   RO         5704    .ARM.Collect$$libinit$$0000000A  c_w.l(libinit2.o)
    0x08004226   0x08004226   0x00000000   Code   RO         5706    .ARM.Collect$$libinit$$0000000C  c_w.l(libinit2.o)
    0x08004226   0x08004226   0x00000000   Code   RO         5708    .ARM.Collect$$libinit$$0000000E  c_w.l(libinit2.o)
    0x08004226   0x08004226   0x00000000   Code   RO         5711    .ARM.Collect$$libinit$$00000011  c_w.l(libinit2.o)
    0x08004226   0x08004226   0x00000000   Code   RO         5713    .ARM.Collect$$libinit$$00000013  c_w.l(libinit2.o)
    0x08004226   0x08004226   0x00000000   Code   RO         5715    .ARM.Collect$$libinit$$00000015  c_w.l(libinit2.o)
    0x08004226   0x08004226   0x00000000   Code   RO         5717    .ARM.Collect$$libinit$$00000017  c_w.l(libinit2.o)
    0x08004226   0x08004226   0x00000000   Code   RO         5719    .ARM.Collect$$libinit$$00000019  c_w.l(libinit2.o)
    0x08004226   0x08004226   0x00000000   Code   RO         5721    .ARM.Collect$$libinit$$0000001B  c_w.l(libinit2.o)
    0x08004226   0x08004226   0x00000000   Code   RO         5723    .ARM.Collect$$libinit$$0000001D  c_w.l(libinit2.o)
    0x08004226   0x08004226   0x00000000   Code   RO         5725    .ARM.Collect$$libinit$$0000001F  c_w.l(libinit2.o)
    0x08004226   0x08004226   0x00000000   Code   RO         5727    .ARM.Collect$$libinit$$00000021  c_w.l(libinit2.o)
    0x08004226   0x08004226   0x00000000   Code   RO         5729    .ARM.Collect$$libinit$$00000023  c_w.l(libinit2.o)
    0x08004226   0x08004226   0x00000000   Code   RO         5731    .ARM.Collect$$libinit$$00000025  c_w.l(libinit2.o)
    0x08004226   0x08004226   0x00000000   Code   RO         5735    .ARM.Collect$$libinit$$0000002C  c_w.l(libinit2.o)
    0x08004226   0x08004226   0x00000000   Code   RO         5737    .ARM.Collect$$libinit$$0000002E  c_w.l(libinit2.o)
    0x08004226   0x08004226   0x00000000   Code   RO         5739    .ARM.Collect$$libinit$$00000030  c_w.l(libinit2.o)
    0x08004226   0x08004226   0x00000000   Code   RO         5741    .ARM.Collect$$libinit$$00000032  c_w.l(libinit2.o)
    0x08004226   0x08004226   0x00000002   Code   RO         5742    .ARM.Collect$$libinit$$00000033  c_w.l(libinit2.o)
    0x08004228   0x08004228   0x00000002   Code   RO         5766    .ARM.Collect$$libshutdown$$00000000  c_w.l(libshutdown.o)
    0x0800422a   0x0800422a   0x00000000   Code   RO         5792    .ARM.Collect$$libshutdown$$00000002  c_w.l(libshutdown2.o)
    0x0800422a   0x0800422a   0x00000000   Code   RO         5794    .ARM.Collect$$libshutdown$$00000004  c_w.l(libshutdown2.o)
    0x0800422a   0x0800422a   0x00000000   Code   RO         5797    .ARM.Collect$$libshutdown$$00000007  c_w.l(libshutdown2.o)
    0x0800422a   0x0800422a   0x00000000   Code   RO         5800    .ARM.Collect$$libshutdown$$0000000A  c_w.l(libshutdown2.o)
    0x0800422a   0x0800422a   0x00000000   Code   RO         5802    .ARM.Collect$$libshutdown$$0000000C  c_w.l(libshutdown2.o)
    0x0800422a   0x0800422a   0x00000000   Code   RO         5805    .ARM.Collect$$libshutdown$$0000000F  c_w.l(libshutdown2.o)
    0x0800422a   0x0800422a   0x00000002   Code   RO         5806    .ARM.Collect$$libshutdown$$00000010  c_w.l(libshutdown2.o)
    0x0800422c   0x0800422c   0x00000000   Code   RO         5640    .ARM.Collect$$rtentry$$00000000  c_w.l(__rtentry.o)
    0x0800422c   0x0800422c   0x00000000   Code   RO         5657    .ARM.Collect$$rtentry$$00000002  c_w.l(__rtentry2.o)
    0x0800422c   0x0800422c   0x00000006   Code   RO         5669    .ARM.Collect$$rtentry$$00000004  c_w.l(__rtentry4.o)
    0x08004232   0x08004232   0x00000000   Code   RO         5659    .ARM.Collect$$rtentry$$00000009  c_w.l(__rtentry2.o)
    0x08004232   0x08004232   0x00000004   Code   RO         5660    .ARM.Collect$$rtentry$$0000000A  c_w.l(__rtentry2.o)
    0x08004236   0x08004236   0x00000000   Code   RO         5662    .ARM.Collect$$rtentry$$0000000C  c_w.l(__rtentry2.o)
    0x08004236   0x08004236   0x00000008   Code   RO         5663    .ARM.Collect$$rtentry$$0000000D  c_w.l(__rtentry2.o)
    0x0800423e   0x0800423e   0x00000002   Code   RO         5690    .ARM.Collect$$rtexit$$00000000  c_w.l(rtexit.o)
    0x08004240   0x08004240   0x00000000   Code   RO         5744    .ARM.Collect$$rtexit$$00000002  c_w.l(rtexit2.o)
    0x08004240   0x08004240   0x00000004   Code   RO         5745    .ARM.Collect$$rtexit$$00000003  c_w.l(rtexit2.o)
    0x08004244   0x08004244   0x00000006   Code   RO         5746    .ARM.Collect$$rtexit$$00000004  c_w.l(rtexit2.o)
    0x0800424a   0x0800424a   0x00000002   PAD
    0x0800424c   0x0800424c   0x00000096   Code   RO         5513    .emb_text           port.o
    0x080042e2   0x080042e2   0x00000002   PAD
    0x080042e4   0x080042e4   0x00000040   Code   RO         4713    .text               startup_at32f415.o
    0x08004324   0x08004324   0x00000002   Code   RO         5592    .text               c_w.l(use_no_semi_2.o)
    0x08004326   0x08004326   0x000000ee   Code   RO         5594    .text               c_w.l(lludivv7m.o)
    0x08004414   0x08004414   0x0000003e   Code   RO         5596    .text               c_w.l(strlen.o)
    0x08004452   0x08004452   0x0000008a   Code   RO         5598    .text               c_w.l(rt_memcpy_v6.o)
    0x080044dc   0x080044dc   0x00000064   Code   RO         5600    .text               c_w.l(rt_memcpy_w.o)
    0x08004540   0x08004540   0x0000004e   Code   RO         5604    .text               c_w.l(rt_memclr_w.o)
    0x0800458e   0x0800458e   0x00000006   Code   RO         5606    .text               c_w.l(heapauxi.o)
    0x08004594   0x08004594   0x00000002   Code   RO         5638    .text               c_w.l(use_no_semi.o)
    0x08004596   0x08004596   0x0000004a   Code   RO         5673    .text               c_w.l(sys_stackheap_outer.o)
    0x080045e0   0x080045e0   0x00000012   Code   RO         5675    .text               c_w.l(exit.o)
    0x080045f2   0x080045f2   0x00000002   PAD
    0x080045f4   0x080045f4   0x00000008   Code   RO         5687    .text               c_w.l(libspace.o)
    0x080045fc   0x080045fc   0x00000004   Code   RO          129    i.BusFault_Handler  at32f415_int.o
    0x08004600   0x08004600   0x000000d4   Code   RO          840    i.CAN1_RX0_IRQHandler  ax_can.o
    0x080046d4   0x080046d4   0x0000002c   Code   RO          841    i.CAN1_SE_IRQHandler  ax_can.o
    0x08004700   0x08004700   0x000001c4   Code   RO         1074    i.Colourful_Wheel   ax_ws2812.o
    0x080048c4   0x080048c4   0x00000002   Code   RO          130    i.DebugMon_Handler  at32f415_int.o
    0x080048c6   0x080048c6   0x00000004   Code   RO          131    i.HardFault_Handler  at32f415_int.o
    0x080048ca   0x080048ca   0x00000002   Code   RO          132    i.I2C1_ERR_IRQHandler  at32f415_int.o
    0x080048cc   0x080048cc   0x00000002   Code   RO          133    i.I2C1_EVT_IRQHandler  at32f415_int.o
    0x080048ce   0x080048ce   0x00000004   Code   RO          134    i.MemManage_Handler  at32f415_int.o
    0x080048d2   0x080048d2   0x00000002   Code   RO          135    i.NMI_Handler       at32f415_int.o
    0x080048d4   0x080048d4   0x00000034   Code   RO         5514    i.SysTick_Handler   port.o
    0x08004908   0x08004908   0x0000009c   Code   RO         4676    i.SystemInit        system_at32f415.o
    0x080049a4   0x080049a4   0x00000150   Code   RO          312    i.USART1_IRQHandler  ax_uart.o
    0x08004af4   0x08004af4   0x00000134   Code   RO          313    i.USART2_IRQHandler  ax_uart.o
    0x08004c28   0x08004c28   0x00000004   Code   RO          136    i.UsageFault_Handler  at32f415_int.o
    0x08004c2c   0x08004c2c   0x00000004   Code   RO         1339    i._sys_exit         at32f415_board.o
    0x08004c30   0x08004c30   0x00000024   Code   RO          314    i.andriod_pwr_ctrl  ax_uart.o
    0x08004c54   0x08004c54   0x00000038   Code   RO          842    i.can_alive_struct_init  ax_can.o
    0x08004c8c   0x08004c8c   0x000000bc   Code   RO         1670    i.can_base_init     at32f415_can.o
    0x08004d48   0x08004d48   0x00000092   Code   RO         1672    i.can_baudrate_set  at32f415_can.o
    0x08004dda   0x08004dda   0x00000002   PAD
    0x08004ddc   0x08004ddc   0x000000d0   Code   RO          843    i.can_configuration  ax_can.o
    0x08004eac   0x08004eac   0x00000012   Code   RO         1674    i.can_default_para_init  at32f415_can.o
    0x08004ebe   0x08004ebe   0x00000164   Code   RO         1679    i.can_filter_init   at32f415_can.o
    0x08005022   0x08005022   0x00000002   PAD
    0x08005024   0x08005024   0x0000007c   Code   RO         1680    i.can_flag_clear    at32f415_can.o
    0x080050a0   0x080050a0   0x000000f0   Code   RO         1681    i.can_flag_get      at32f415_can.o
    0x08005190   0x08005190   0x00000074   Code   RO          844    i.can_gpio_config   ax_can.o
    0x08005204   0x08005204   0x00000012   Code   RO         1682    i.can_interrupt_enable  at32f415_can.o
    0x08005216   0x08005216   0x000000f0   Code   RO         1683    i.can_message_receive  at32f415_can.o
    0x08005306   0x08005306   0x0000001a   Code   RO         1687    i.can_receive_fifo_release  at32f415_can.o
    0x08005320   0x08005320   0x00000260   Code   RO          845    i.can_rx_task_function  ax_can.o
    0x08005580   0x08005580   0x00000002   Code   RO          846    i.can_transmit_ctrl_data  ax_can.o
    0x08005582   0x08005582   0x00000002   PAD
    0x08005584   0x08005584   0x00000028   Code   RO          847    i.can_tx_task_function  ax_can.o
    0x080055ac   0x080055ac   0x00000020   Code   RO          848    i.canbus_open       ax_can.o
    0x080055cc   0x080055cc   0x00000054   Code   RO          849    i.canbus_sw_config  ax_can.o
    0x08005620   0x08005620   0x00000020   Code   RO          315    i.car_acc_ctrl      ax_uart.o
    0x08005640   0x08005640   0x00000038   Code   RO         1238    i.crc16_modbus      ax_common.o
    0x08005678   0x08005678   0x00000008   Code   RO         1239    i.crc8_rcc          ax_common.o
    0x08005680   0x08005680   0x00000014   Code   RO         1971    i.crm_ahb_div_set   at32f415_crm.o
    0x08005694   0x08005694   0x00000014   Code   RO         1972    i.crm_apb1_div_set  at32f415_crm.o
    0x080056a8   0x080056a8   0x00000014   Code   RO         1973    i.crm_apb2_div_set  at32f415_crm.o
    0x080056bc   0x080056bc   0x00000060   Code   RO         1979    i.crm_clock_source_enable  at32f415_crm.o
    0x0800571c   0x0800571c   0x000001ac   Code   RO         1980    i.crm_clocks_freq_get  at32f415_crm.o
    0x080058c8   0x080058c8   0x000000d4   Code   RO         1983    i.crm_flag_clear    at32f415_crm.o
    0x0800599c   0x0800599c   0x00000030   Code   RO         1984    i.crm_flag_get      at32f415_crm.o
    0x080059cc   0x080059cc   0x0000002e   Code   RO         1986    i.crm_hext_stable_wait  at32f415_crm.o
    0x080059fa   0x080059fa   0x00000002   PAD
    0x080059fc   0x080059fc   0x00000044   Code   RO         1994    i.crm_periph_clock_enable  at32f415_crm.o
    0x08005a40   0x08005a40   0x00000108   Code   RO         1997    i.crm_pll_config    at32f415_crm.o
    0x08005b48   0x08005b48   0x00000064   Code   RO         1999    i.crm_reset         at32f415_crm.o
    0x08005bac   0x08005bac   0x00000014   Code   RO         2000    i.crm_sysclk_switch  at32f415_crm.o
    0x08005bc0   0x08005bc0   0x00000010   Code   RO         2001    i.crm_sysclk_switch_status_get  at32f415_crm.o
    0x08005bd0   0x08005bd0   0x0000010c   Code   RO          319    i.device_ctrl_pins_init  ax_uart.o
    0x08005cdc   0x08005cdc   0x0000000c   Code   RO         2727    i.flash_flag_clear  at32f415_flash.o
    0x08005ce8   0x08005ce8   0x00000038   Code   RO         2729    i.flash_halfword_program  at32f415_flash.o
    0x08005d20   0x08005d20   0x00000014   Code   RO         2732    i.flash_lock        at32f415_flash.o
    0x08005d34   0x08005d34   0x00000034   Code   RO         2733    i.flash_operation_status_get  at32f415_flash.o
    0x08005d68   0x08005d68   0x00000024   Code   RO         2734    i.flash_operation_wait_for  at32f415_flash.o
    0x08005d8c   0x08005d8c   0x00000018   Code   RO         1278    i.flash_read_u8     ax_flash.o
    0x08005da4   0x08005da4   0x00000040   Code   RO         2735    i.flash_sector_erase  at32f415_flash.o
    0x08005de4   0x08005de4   0x00000018   Code   RO         2744    i.flash_unlock      at32f415_flash.o
    0x08005dfc   0x08005dfc   0x00000068   Code   RO         1075    i.getDiyLED         ax_ws2812.o
    0x08005e64   0x08005e64   0x00000004   Code   RO         2932    i.gpio_bits_reset   at32f415_gpio.o
    0x08005e68   0x08005e68   0x00000004   Code   RO         2933    i.gpio_bits_set     at32f415_gpio.o
    0x08005e6c   0x08005e6c   0x00000016   Code   RO         2935    i.gpio_default_para_init  at32f415_gpio.o
    0x08005e82   0x08005e82   0x000000a8   Code   RO         2939    i.gpio_init         at32f415_gpio.o
    0x08005f2a   0x08005f2a   0x00000002   PAD
    0x08005f2c   0x08005f2c   0x0000004c   Code   RO         2945    i.gpio_pin_remap_config  at32f415_gpio.o
    0x08005f78   0x08005f78   0x000000f8   Code   RO          320    i.ihawk_ctrl        ax_uart.o
    0x08006070   0x08006070   0x0000010e   Code   RO          321    i.ihawk_ctrl_tm     ax_uart.o
    0x0800617e   0x0800617e   0x00000002   PAD
    0x08006180   0x08006180   0x00000030   Code   RO          322    i.ihawk_lower_ctrl  ax_uart.o
    0x080061b0   0x080061b0   0x00000030   Code   RO          323    i.ihawk_upper_ctrl  ax_uart.o
    0x080061e0   0x080061e0   0x0000001c   Code   RO         1076    i.initColor         ax_ws2812.o
    0x080061fc   0x080061fc   0x000000f4   Code   RO          324    i.init_can_msg      ax_uart.o
    0x080062f0   0x080062f0   0x0000007c   Code   RO          325    i.init_uart_data    ax_uart.o
    0x0800636c   0x0800636c   0x00000034   Code   RO          198    i.iwdg_Config       main.o
    0x080063a0   0x080063a0   0x00000020   Code   RO          199    i.led2_task_function  main.o
    0x080063c0   0x080063c0   0x00000088   Code   RO         1077    i.ledUpdate         ax_ws2812.o
    0x08006448   0x08006448   0x000001f4   Code   RO          200    i.main              main.o
    0x0800663c   0x0800663c   0x000000c8   Code   RO         3251    i.nvic_irq_enable   at32f415_misc.o
    0x08006704   0x08006704   0x00000028   Code   RO         3253    i.nvic_priority_group_config  at32f415_misc.o
    0x0800672c   0x0800672c   0x0000002c   Code   RO         3254    i.nvic_system_reset  at32f415_misc.o
    0x08006758   0x08006758   0x00000014   Code   RO         3255    i.nvic_vector_table_set  at32f415_misc.o
    0x0800676c   0x0800676c   0x00000054   Code   RO          326    i.open_device_pwr   ax_uart.o
    0x080067c0   0x080067c0   0x00000040   Code   RO          327    i.packageUpdateFwMsg  ax_uart.o
    0x08006800   0x08006800   0x00000048   Code   RO          328    i.packageUpdateFwMsg1  ax_uart.o
    0x08006848   0x08006848   0x00000068   Code   RO          329    i.parse_ctrl_acc_cmd  ax_uart.o
    0x080068b0   0x080068b0   0x00000028   Code   RO          330    i.parse_ctrl_andriod  ax_uart.o
    0x080068d8   0x080068d8   0x0000003c   Code   RO          331    i.parse_ctrl_andriod_tm  ax_uart.o
    0x08006914   0x08006914   0x00000094   Code   RO          333    i.parse_ctrl_serv_les_cmd  ax_uart.o
    0x080069a8   0x080069a8   0x00000068   Code   RO          335    i.parse_ctrl_usbhub_cmd  ax_uart.o
    0x08006a10   0x08006a10   0x00000040   Code   RO          336    i.parse_ctrl_ws2812_cmd  ax_uart.o
    0x08006a50   0x08006a50   0x000000bc   Code   RO          852    i.parse_distance_msg1  ax_can.o
    0x08006b0c   0x08006b0c   0x000000b8   Code   RO          338    i.parse_diy2_led_old_cmd  ax_uart.o
    0x08006bc4   0x08006bc4   0x000000b8   Code   RO          340    i.parse_diy_led_old_cmd  ax_uart.o
    0x08006c7c   0x08006c7c   0x00000170   Code   RO          341    i.parse_fw_data_msg  ax_uart.o
    0x08006dec   0x08006dec   0x0000008c   Code   RO          342    i.parse_get_app_flag_msg  ax_uart.o
    0x08006e78   0x08006e78   0x0000000c   Code   RO          344    i.parse_get_ver_cmd  ax_uart.o
    0x08006e84   0x08006e84   0x00000030   Code   RO          853    i.parse_heartbeat_fb_msg  ax_can.o
    0x08006eb4   0x08006eb4   0x00000098   Code   RO          854    i.parse_reboot_fb_msg  ax_can.o
    0x08006f4c   0x08006f4c   0x00000054   Code   RO          347    i.parse_reset_andriod  ax_uart.o
    0x08006fa0   0x08006fa0   0x00000054   Code   RO          855    i.parse_reset_sensor_fb_msg  ax_can.o
    0x08006ff4   0x08006ff4   0x00000118   Code   RO          351    i.parse_send_fw_info_msg  ax_uart.o
    0x0800710c   0x0800710c   0x0000011c   Code   RO          352    i.parse_send_start_update_signal  ax_uart.o
    0x08007228   0x08007228   0x000000e4   Code   RO          856    i.parse_set_tray_ws2812_fb_msg  ax_can.o
    0x0800730c   0x0800730c   0x00000060   Code   RO          857    i.parse_set_ws2812_fb_msg  ax_can.o
    0x0800736c   0x0800736c   0x000000c0   Code   RO          858    i.parse_sync_fw_fb_msg  ax_can.o
    0x0800742c   0x0800742c   0x00000194   Code   RO          859    i.parse_uid_fb_msg  ax_can.o
    0x080075c0   0x080075c0   0x0000007c   Code   RO          354    i.parse_update_abort_msg  ax_uart.o
    0x0800763c   0x0800763c   0x000000d0   Code   RO          355    i.parse_update_end_msg  ax_uart.o
    0x0800770c   0x0800770c   0x000000a8   Code   RO          860    i.parse_version_fb_msg  ax_can.o
    0x080077b4   0x080077b4   0x00000098   Code   RO         5147    i.prvAddCurrentTaskToDelayedList  tasks.o
    0x0800784c   0x0800784c   0x000000b4   Code   RO         5148    i.prvAddNewTaskToReadyList  tasks.o
    0x08007900   0x08007900   0x00000048   Code   RO         5149    i.prvCheckTasksWaitingTermination  tasks.o
    0x08007948   0x08007948   0x00000012   Code   RO         5150    i.prvDeleteTCB      tasks.o
    0x0800795a   0x0800795a   0x00000002   PAD
    0x0800795c   0x0800795c   0x0000007c   Code   RO         5446    i.prvHeapInit       heap_4.o
    0x080079d8   0x080079d8   0x00000028   Code   RO         5151    i.prvIdleTask       tasks.o
    0x08007a00   0x08007a00   0x000000ae   Code   RO         5152    i.prvInitialiseNewTask  tasks.o
    0x08007aae   0x08007aae   0x00000002   PAD
    0x08007ab0   0x08007ab0   0x00000068   Code   RO         5153    i.prvInitialiseTaskLists  tasks.o
    0x08007b18   0x08007b18   0x00000068   Code   RO         5447    i.prvInsertBlockIntoFreeList  heap_4.o
    0x08007b80   0x08007b80   0x00000030   Code   RO         5154    i.prvResetNextTaskUnblockTime  tasks.o
    0x08007bb0   0x08007bb0   0x00000040   Code   RO         5515    i.prvTaskExitError  port.o
    0x08007bf0   0x08007bf0   0x0000016c   Code   RO         5448    i.pvPortMalloc      heap_4.o
    0x08007d5c   0x08007d5c   0x00000024   Code   RO         5516    i.pxPortInitialiseStack  port.o
    0x08007d80   0x08007d80   0x00000060   Code   RO         1078    i.rainbowCycle      ax_ws2812.o
    0x08007de0   0x08007de0   0x0000009c   Code   RO         1079    i.rgb_SetColor      ax_ws2812.o
    0x08007e7c   0x08007e7c   0x00000080   Code   RO         1080    i.sendLED           ax_ws2812.o
    0x08007efc   0x08007efc   0x000000a0   Code   RO          356    i.send_2_uart2      ax_uart.o
    0x08007f9c   0x08007f9c   0x000000cc   Code   RO          357    i.send_andriod_fb   ax_uart.o
    0x08008068   0x08008068   0x000000b4   Code   RO          359    i.send_ctrl_acc_old_fb  ax_uart.o
    0x0800811c   0x0800811c   0x000000c0   Code   RO          363    i.send_ctrl_ihawk_fb  ax_uart.o
    0x080081dc   0x080081dc   0x000000a4   Code   RO          364    i.send_ctrl_leds_fb  ax_uart.o
    0x08008280   0x08008280   0x000000b4   Code   RO          367    i.send_ctrl_usbhub_fb  ax_uart.o
    0x08008334   0x08008334   0x000000d8   Code   RO          369    i.send_ihawk_sts_fb  ax_uart.o
    0x0800840c   0x0800840c   0x000000cc   Code   RO          370    i.send_own2_version  ax_uart.o
    0x080084d8   0x080084d8   0x000000ac   Code   RO          372    i.send_own_version_old  ax_uart.o
    0x08008584   0x08008584   0x0000009c   Code   RO          373    i.send_reboot2_fb   ax_uart.o
    0x08008620   0x08008620   0x0000007c   Code   RO          861    i.send_reset_board_msg  ax_can.o
    0x0800869c   0x0800869c   0x0000007c   Code   RO          862    i.send_reset_sensor_msg  ax_can.o
    0x08008718   0x08008718   0x000000e8   Code   RO          376    i.send_sts_loop     ax_uart.o
    0x08008800   0x08008800   0x000000e0   Code   RO          378    i.send_usb_sts_fb   ax_uart.o
    0x080088e0   0x080088e0   0x0000009c   Code   RO          863    i.send_ws2812b_msg  ax_can.o
    0x0800897c   0x0800897c   0x000000d0   Code   RO         1081    i.setBreath_2s      ax_ws2812.o
    0x08008a4c   0x08008a4c   0x000000d0   Code   RO         1082    i.setBreath_4s      ax_ws2812.o
    0x08008b1c   0x08008b1c   0x000002fc   Code   RO         1083    i.setDiy2Show       ax_ws2812.o
    0x08008e18   0x08008e18   0x00000128   Code   RO         1084    i.setDiyShow        ax_ws2812.o
    0x08008f40   0x08008f40   0x0000002e   Code   RO         1085    i.setDoubleFlashMode  ax_ws2812.o
    0x08008f6e   0x08008f6e   0x00000002   PAD
    0x08008f70   0x08008f70   0x00000030   Code   RO         1088    i.setDoubleFlash_1Hz_Mode  ax_ws2812.o
    0x08008fa0   0x08008fa0   0x00000044   Code   RO         1089    i.setDoubleFlash_2Hz_Mode  ax_ws2812.o
    0x08008fe4   0x08008fe4   0x00000030   Code   RO         1091    i.setNormalMode     ax_ws2812.o
    0x08009014   0x08009014   0x00000044   Code   RO         1092    i.setNormalRedMode  ax_ws2812.o
    0x08009058   0x08009058   0x00000040   Code   RO         1093    i.setOffMode        ax_ws2812.o
    0x08009098   0x08009098   0x00000048   Code   RO         1029    i.spi2_config       ax_spi.o
    0x080090e0   0x080090e0   0x00000040   Code   RO         1030    i.spi2_gpio_cfg     ax_spi.o
    0x08009120   0x08009120   0x00000020   Code   RO         1031    i.spi2_send_byte    ax_spi.o
    0x08009140   0x08009140   0x0000001a   Code   RO         1032    i.spi2_send_bytes   ax_spi.o
    0x0800915a   0x0800915a   0x00000016   Code   RO         3592    i.spi_default_para_init  at32f415_spi.o
    0x08009170   0x08009170   0x0000000a   Code   RO         3593    i.spi_enable        at32f415_spi.o
    0x0800917a   0x0800917a   0x00000004   Code   RO         3598    i.spi_i2s_data_transmit  at32f415_spi.o
    0x0800917e   0x0800917e   0x00000010   Code   RO         3602    i.spi_i2s_flag_get  at32f415_spi.o
    0x0800918e   0x0800918e   0x00000124   Code   RO         3605    i.spi_init          at32f415_spi.o
    0x080092b2   0x080092b2   0x00000002   PAD
    0x080092b4   0x080092b4   0x00000020   Code   RO          380    i.switch_pwr_ctrl   ax_uart.o
    0x080092d4   0x080092d4   0x00000068   Code   RO            4    i.system_clock_config  at32f415_clock.o
    0x0800933c   0x0800933c   0x00000154   Code   RO         4677    i.system_core_clock_update  system_at32f415.o
    0x08009490   0x08009490   0x00000014   Code   RO          386    i.toggle_led_stat   ax_uart.o
    0x080094a4   0x080094a4   0x00000130   Code   RO          387    i.usart1_rx_task_function  ax_uart.o
    0x080095d4   0x080095d4   0x00000024   Code   RO          388    i.usart1_tx_task_function  ax_uart.o
    0x080095f8   0x080095f8   0x0000022c   Code   RO          389    i.usart2_rx_task_function  ax_uart.o
    0x08009824   0x08009824   0x00000008   Code   RO         4092    i.usart_data_receive  at32f415_usart.o
    0x0800982c   0x0800982c   0x00000008   Code   RO         4093    i.usart_data_transmit  at32f415_usart.o
    0x08009834   0x08009834   0x0000000a   Code   RO         4096    i.usart_enable      at32f415_usart.o
    0x0800983e   0x0800983e   0x00000012   Code   RO         4097    i.usart_flag_clear  at32f415_usart.o
    0x08009850   0x08009850   0x00000010   Code   RO         4098    i.usart_flag_get    at32f415_usart.o
    0x08009860   0x08009860   0x0000006c   Code   RO         4100    i.usart_init        at32f415_usart.o
    0x080098cc   0x080098cc   0x00000194   Code   RO          391    i.usart_int_configuration  ax_uart.o
    0x08009a60   0x08009a60   0x00000036   Code   RO         4101    i.usart_interrupt_enable  at32f415_usart.o
    0x08009a96   0x08009a96   0x0000000a   Code   RO         4107    i.usart_receiver_enable  at32f415_usart.o
    0x08009aa0   0x08009aa0   0x0000000a   Code   RO         4114    i.usart_transmitter_enable  at32f415_usart.o
    0x08009aaa   0x08009aaa   0x00000002   PAD
    0x08009aac   0x08009aac   0x00000030   Code   RO          392    i.usb3_ctrl         ax_uart.o
    0x08009adc   0x08009adc   0x00000020   Code   RO          393    i.usbhub_ctrl       ax_uart.o
    0x08009afc   0x08009afc   0x00000028   Code   RO         4831    i.uxListRemove      list.o
    0x08009b24   0x08009b24   0x0000001a   Code   RO         4832    i.vListInitialise   list.o
    0x08009b3e   0x08009b3e   0x00000006   Code   RO         4833    i.vListInitialiseItem  list.o
    0x08009b44   0x08009b44   0x00000034   Code   RO         4834    i.vListInsert       list.o
    0x08009b78   0x08009b78   0x00000018   Code   RO         4835    i.vListInsertEnd    list.o
    0x08009b90   0x08009b90   0x00000054   Code   RO         5518    i.vPortEnterCritical  port.o
    0x08009be4   0x08009be4   0x0000003c   Code   RO         5519    i.vPortExitCritical  port.o
    0x08009c20   0x08009c20   0x000000a4   Code   RO         5449    i.vPortFree         heap_4.o
    0x08009cc4   0x08009cc4   0x00000028   Code   RO         5520    i.vPortSetupTimerInterrupt  port.o
    0x08009cec   0x08009cec   0x0000005c   Code   RO         5162    i.vTaskDelay        tasks.o
    0x08009d48   0x08009d48   0x00000090   Code   RO         5174    i.vTaskStartScheduler  tasks.o
    0x08009dd8   0x08009dd8   0x00000010   Code   RO         5176    i.vTaskSuspendAll   tasks.o
    0x08009de8   0x08009de8   0x0000008c   Code   RO         5177    i.vTaskSwitchContext  tasks.o
    0x08009e74   0x08009e74   0x00000010   Code   RO         4556    i.wdt_counter_reload  at32f415_wdt.o
    0x08009e84   0x08009e84   0x00000014   Code   RO         4557    i.wdt_divider_set   at32f415_wdt.o
    0x08009e98   0x08009e98   0x00000010   Code   RO         4558    i.wdt_enable        at32f415_wdt.o
    0x08009ea8   0x08009ea8   0x00000018   Code   RO         4560    i.wdt_register_write_enable  at32f415_wdt.o
    0x08009ec0   0x08009ec0   0x0000000c   Code   RO         4561    i.wdt_reload_value_set  at32f415_wdt.o
    0x08009ecc   0x08009ecc   0x0000007c   Code   RO         1281    i.write2flash       ax_flash.o
    0x08009f48   0x08009f48   0x00000010   Code   RO         1095    i.ws2812Init        ax_ws2812.o
    0x08009f58   0x08009f58   0x00000028   Code   RO         1096    i.ws2812_task_function  ax_ws2812.o
    0x08009f80   0x08009f80   0x00000028   Code   RO          201    i.wtdg_task_function  main.o
    0x08009fa8   0x08009fa8   0x000000f8   Code   RO         5522    i.xPortStartScheduler  port.o
    0x0800a0a0   0x0800a0a0   0x00000060   Code   RO         5180    i.xTaskCreate       tasks.o
    0x0800a100   0x0800a100   0x00000148   Code   RO         5189    i.xTaskIncrementTick  tasks.o
    0x0800a248   0x0800a248   0x00000104   Code   RO         5191    i.xTaskResumeAll    tasks.o
    0x0800a34c   0x0800a34c   0x000002b0   Code   RO         5611    x$fpl$ddiv          fz_ws.l(ddiv.o)
    0x0800a5fc   0x0800a5fc   0x0000005a   Code   RO         5614    x$fpl$dfixu         fz_ws.l(dfixu.o)
    0x0800a656   0x0800a656   0x0000002e   Code   RO         5619    x$fpl$dflt          fz_ws.l(dflt_clz.o)
    0x0800a684   0x0800a684   0x00000026   Code   RO         5618    x$fpl$dfltu         fz_ws.l(dflt_clz.o)
    0x0800a6aa   0x0800a6aa   0x00000002   PAD
    0x0800a6ac   0x0800a6ac   0x00000154   Code   RO         5624    x$fpl$dmul          fz_ws.l(dmul.o)
    0x0800a800   0x0800a800   0x0000009c   Code   RO         5647    x$fpl$dnaninf       fz_ws.l(dnaninf.o)
    0x0800a89c   0x0800a89c   0x0000000c   Code   RO         5649    x$fpl$dretinf       fz_ws.l(dretinf.o)
    0x0800a8a8   0x0800a8a8   0x0000003e   Code   RO         5626    x$fpl$ffixu         fz_ws.l(ffixu.o)
    0x0800a8e6   0x0800a8e6   0x00000002   PAD
    0x0800a8e8   0x0800a8e8   0x00000026   Code   RO         5630    x$fpl$ffltu         fz_ws.l(fflt_clz.o)
    0x0800a90e   0x0800a90e   0x00000002   PAD
    0x0800a910   0x0800a910   0x00000102   Code   RO         5636    x$fpl$fmul          fz_ws.l(fmul.o)
    0x0800aa12   0x0800aa12   0x0000008c   Code   RO         5651    x$fpl$fnaninf       fz_ws.l(fnaninf.o)
    0x0800aa9e   0x0800aa9e   0x0000000a   Code   RO         5653    x$fpl$fretinf       fz_ws.l(fretinf.o)
    0x0800aaa8   0x0800aaa8   0x00000000   Code   RO         5655    x$fpl$usenofp       fz_ws.l(usenofp.o)
    0x0800aaa8   0x0800aaa8   0x00000330   Data   RO         1098    .constdata          ax_ws2812.o
    0x0800add8   0x0800add8   0x00000028   Data   RO         2005    .constdata          at32f415_crm.o
    0x0800ae00   0x0800ae00   0x00000010   Data   RO         4678    .constdata          system_at32f415.o
    0x0800ae10   0x0800ae10   0x00000025   Data   RO          395    .conststring        ax_uart.o
    0x0800ae35   0x0800ae35   0x00000003   PAD
    0x0800ae38   0x0800ae38   0x00000020   Data   RO         5808    Region$$Table       anon$$obj.o


    Execution Region RW_IRAM1 (Exec base: 0x20000000, Load base: 0x0800ae58, Size: 0x00006778, Max: 0x00008000, ABSOLUTE, COMPRESSED[0x0000005c])

    Exec Addr    Load Addr    Size         Type   Attr      Idx    E Section Name        Object

    0x20000000   COMPRESSED   0x00000028   Data   RW          202    .data               main.o
    0x20000028   COMPRESSED   0x00000012   Data   RW          396    .data               ax_uart.o
    0x2000003a   COMPRESSED   0x00000002   PAD
    0x2000003c   COMPRESSED   0x0000000b   Data   RW          865    .data               ax_can.o
    0x20000047   COMPRESSED   0x00000001   PAD
    0x20000048   COMPRESSED   0x00000054   Data   RW         1033    .data               ax_spi.o
    0x2000009c   COMPRESSED   0x000003f0   Data   RW         1099    .data               ax_ws2812.o
    0x2000048c   COMPRESSED   0x0000000f   Data   RW         1241    .data               ax_common.o
    0x2000049b   COMPRESSED   0x00000001   PAD
    0x2000049c   COMPRESSED   0x00000004   Data   RW         4679    .data               system_at32f415.o
    0x200004a0   COMPRESSED   0x00000044   Data   RW         5194    .data               tasks.o
    0x200004e4   COMPRESSED   0x00000024   Data   RW         5455    .data               heap_4.o
    0x20000508   COMPRESSED   0x00000010   Data   RW         5523    .data               port.o
    0x20000518        -       0x00000c7c   Zero   RW          394    .bss                ax_uart.o
    0x20001194        -       0x00000075   Zero   RW          864    .bss                ax_can.o
    0x20001209        -       0x000003c0   Zero   RW         1097    .bss                ax_ws2812.o
    0x200015c9   COMPRESSED   0x00000003   PAD
    0x200015cc        -       0x00000264   Zero   RW         1240    .bss                ax_common.o
    0x20001830        -       0x00000820   Zero   RW         1282    .bss                ax_flash.o
    0x20002050        -       0x000000c8   Zero   RW         5193    .bss                tasks.o
    0x20002118        -       0x00004000   Zero   RW         5454    .bss                heap_4.o
    0x20006118        -       0x00000060   Zero   RW         5688    .bss                c_w.l(libspace.o)
    0x20006178        -       0x00000200   Zero   RW         4711    HEAP                startup_at32f415.o
    0x20006378        -       0x00000400   Zero   RW         4710    STACK               startup_at32f415.o


==============================================================================

Image component sizes


      Code (inc. data)   RO Data    RW Data    ZI Data      Debug   Object Name

         4          0          0          0          0        564   at32f415_board.o
      1356         42          0          0          0       7165   at32f415_can.o
       104          4          0          0          0      56786   at32f415_clock.o
      1358        172         40          0          0       9217   at32f415_crm.o
       264         38          0          0          0       4425   at32f415_flash.o
       274          6          0          0          0       4039   at32f415_gpio.o
        24          0          0          0          0       3881   at32f415_int.o
       304         34          0          0          0      33458   at32f415_misc.o
       344          0          0          0          0       3659   at32f415_spi.o
       242          6          0          0          0       6427   at32f415_usart.o
        88         28          0          0          0       2831   at32f415_wdt.o
      3366        248          0         11        117      19429   ax_can.o
        64          0          0         15        612       7361   ax_common.o
       148          0          0          0       2080       3071   ax_flash.o
       194         26          0         84          0       3014   ax_spi.o
      8286        670         37         18       3196      36184   ax_uart.o
      2974        198        816       1008        960      13709   ax_ws2812.o
         0          0          0          0          0       7852   event_groups.o
       756         74          0         36      16384       7751   heap_4.o
       148          0          0          0          0       3782   list.o
       624        212          0         40          0      17799   main.o
       734         64          0         16          0      11016   port.o
        64         26        368          0       1536        948   startup_at32f415.o
       496         42         16          4          0       2520   system_at32f415.o
      1864        270          0         68        200      22107   tasks.o

    ----------------------------------------------------------------------
     24104       2160       1312       1304      25088     288995   Object Totals
         0          0         32          0          0          0   (incl. Generated)
        24          0          3          4          3          0   (incl. Padding)

    ----------------------------------------------------------------------

      Code (inc. data)   RO Data    RW Data    ZI Data      Debug   Library Member Name

        90          0          0          0          0          0   __dczerorl2.o
         8          0          0          0          0         68   __main.o
         0          0          0          0          0          0   __rtentry.o
        12          0          0          0          0          0   __rtentry2.o
         6          0          0          0          0          0   __rtentry4.o
        52          8          0          0          0          0   __scatter.o
        28          0          0          0          0          0   __scatter_zi.o
        18          0          0          0          0         80   exit.o
         6          0          0          0          0        152   heapauxi.o
         2          0          0          0          0          0   libinit.o
         2          0          0          0          0          0   libinit2.o
         2          0          0          0          0          0   libshutdown.o
         2          0          0          0          0          0   libshutdown2.o
         8          4          0          0         96         68   libspace.o
       238          0          0          0          0        100   lludivv7m.o
        78          0          0          0          0         80   rt_memclr_w.o
       138          0          0          0          0         68   rt_memcpy_v6.o
       100          0          0          0          0         80   rt_memcpy_w.o
         2          0          0          0          0          0   rtexit.o
        10          0          0          0          0          0   rtexit2.o
        62          0          0          0          0         76   strlen.o
        74          0          0          0          0         80   sys_stackheap_outer.o
         2          0          0          0          0         68   use_no_semi.o
         2          0          0          0          0         68   use_no_semi_2.o
       688        140          0          0          0        208   ddiv.o
        90          4          0          0          0         92   dfixu.o
        84          0          0          0          0        136   dflt_clz.o
       340         12          0          0          0        104   dmul.o
       156          4          0          0          0         92   dnaninf.o
        12          0          0          0          0         68   dretinf.o
        62          4          0          0          0         84   ffixu.o
        38          0          0          0          0         68   fflt_clz.o
       258          4          0          0          0         84   fmul.o
       140          4          0          0          0         84   fnaninf.o
        10          0          0          0          0         68   fretinf.o
         0          0          0          0          0          0   usenofp.o

    ----------------------------------------------------------------------
      2832        184          0          0         96       2076   Library Totals
        12          0          0          0          0          0   (incl. Padding)

    ----------------------------------------------------------------------

      Code (inc. data)   RO Data    RW Data    ZI Data      Debug   Library Name

       942         12          0          0         96        988   c_w.l
      1878        172          0          0          0       1088   fz_ws.l

    ----------------------------------------------------------------------
      2832        184          0          0         96       2076   Library Totals

    ----------------------------------------------------------------------

==============================================================================


      Code (inc. data)   RO Data    RW Data    ZI Data      Debug   

     26936       2344       1312       1304      25184     279679   Grand Totals
     26936       2344       1312         92      25184     279679   ELF Image Totals (compressed)
     26936       2344       1312         92          0          0   ROM Totals

==============================================================================

    Total RO  Size (Code + RO Data)                28248 (  27.59kB)
    Total RW  Size (RW Data + ZI Data)             26488 (  25.87kB)
    Total ROM Size (Code + RO Data + RW Data)      28340 (  27.68kB)

==============================================================================

